<html>
<body>
<pre>
<h1>礦ision Build Log</h1>
<h2>Tool Versions:</h2>
IDE-Version: μVision V5.28.0.0
Copyright (C) 2019 ARM Ltd and ARM Germany GmbH. All rights reserved.
License Information: qiu qiu, 1, LIC=NQQMA-1PICF-UHZ8H-WTI6W-CYLS2-V8VLA
 
Tool Versions:
Toolchain:       MDK-ARM Plus  Version: 5.28.0.0
Toolchain Path:  C:\Keil_v5\ARM\ARMCC\Bin
C Compiler:      Armcc.exe V5.06 update 6 (build 750)
Assembler:       Armasm.exe V5.06 update 6 (build 750)
Linker/Locator:  ArmLink.exe V5.06 update 6 (build 750)
Library Manager: ArmAr.exe V5.06 update 6 (build 750)
Hex Converter:   FromElf.exe V5.06 update 6 (build 750)
CPU DLL:         SARMCM3.DLL V5.28.0.0
Dialog DLL:      DCM.DLL V1.17.3.0
Target DLL:      STLink\ST-LINKIII-KEIL_SWO.dll V3.0.6.0
Dialog DLL:      TCM.DLL V1.36.2.0
 
<h2>Project:</h2>
D:\【正点原子】手把手教你学STM32 HAL库开发(全系列)-入门篇视频-(C盘)\34, IIC\IIC实验\课件\实验23 IIC实验\Projects\MDK-ARM\atk_f103.uvprojx
Project File Date:  04/16/2023

<h2>Output:</h2>
*** Using Compiler 'V5.06 update 6 (build 750)', folder: 'C:\Keil_v5\ARM\ARMCC\Bin'
*** Note: Rebuilding project, since 'Options->Output->Create Batch File' is selected.
Rebuild target 'IIC'
assembling startup_stm32f103xe.s...
compiling main.c...
..\..\User\main.c(48): warning:  #177-D: variable "data"  was declared but never referenced
         uint8_t  data; 
..\..\User\main.c: 1 warning, 0 errors
compiling system_stm32f1xx.c...
compiling stm32f1xx_it.c...
compiling delay.c...
compiling sys.c...
compiling usart.c...
compiling stm32f1xx_hal.c...
compiling stm32f1xx_hal_cortex.c...
compiling stm32f1xx_hal_dma.c...
compiling stm32f1xx_hal_gpio.c...
compiling stm32f1xx_hal_gpio_ex.c...
compiling stm32f1xx_hal_pwr.c...
compiling stm32f1xx_hal_rcc.c...
compiling stm32f1xx_hal_rcc_ex.c...
compiling stm32f1xx_hal_uart.c...
compiling stm32f1xx_hal_usart.c...
compiling stm32f1xx_hal_sram.c...
compiling stm32f1xx_ll_fsmc.c...
compiling stm32f1xx_hal_tim.c...
compiling stm32f1xx_hal_tim_ex.c...
compiling led.c...
compiling lcd.c...
compiling key.c...
compiling myiic.c...
..\..\Drivers\BSP\IIC\myiic.c(226): warning:  #550-D: variable "data"  was set but never used
      uint8_t data;
..\..\Drivers\BSP\IIC\myiic.c: 1 warning, 0 errors
compiling 24cxx.c...
compiling usmart.c...
compiling usmart_config.c...
compiling usmart_port.c...
compiling usmart_str.c...
linking...
Program Size: Code=13028 RO-data=700 RW-data=348 ZI-data=1972  
FromELF: creating hex file...
"..\..\Output\atk_f103.axf" - 0 Error(s), 2 Warning(s).

<h2>Software Packages used:</h2>

Package Vendor: Keil
                http://www.keil.com/pack/Keil.STM32F1xx_DFP.2.3.0.pack
                Keil.STM32F1xx_DFP.2.3.0
                STMicroelectronics STM32F1 Series Device Support, Drivers and Examples

<h2>Collection of Component include folders:</h2>
  .\RTE\_IIC
  C:\Users\qiu\AppData\Local\Arm\Packs\Keil\STM32F1xx_DFP\2.3.0\Device\Include

<h2>Collection of Component Files used:</h2>
Build Time Elapsed:  00:00:30
</pre>
</body>
</html>
