Component: ARM Compiler 5.06 update 2 (build 183) Tool: armlink [4d35b7]

==============================================================================

Section Cross References

    main.o(i.DrawTestPage) refers to lcd.o(i.LCD_Clear) for LCD_Clear
    main.o(i.DrawTestPage) refers to gui.o(i.LCD_Fill) for LCD_Fill
    main.o(i.DrawTestPage) refers to gui.o(i.Gui_StrCenter) for Gui_StrCenter
    main.o(i.DrawTestPage) refers to lcd.o(.bss) for lcddev
    main.o(i.DrawTestPage) refers to lcd.o(.data) for POINT_COLOR
    main.o(i.main) refers to system_stm32f10x.o(i.SystemInit) for SystemInit
    main.o(i.main) refers to usart.o(i.uart_init) for uart_init
    main.o(i.main) refers to delay.o(i.delay_init) for delay_init
    main.o(i.main) refers to lcd.o(i.LCD_Init) for LCD_Init
    main.o(i.main) refers to main.o(i.DrawTestPage) for DrawTestPage
    main.o(i.main) refers to touch.o(i.TP_Init) for TP_Init
    main.o(i.main) refers to key.o(i.KEY_Init) for KEY_Init
    main.o(i.main) refers to rgb.o(i.RGB_Init) for RGB_Init
    main.o(i.main) refers to gui.o(i.LCD_Fill) for LCD_Fill
    main.o(i.main) refers to gui.o(i.Show_Str) for Show_Str
    main.o(i.main) refers to key.o(i.KEY_Scan) for KEY_Scan
    main.o(i.main) refers to noretval__2printf.o(.text) for __2printf
    main.o(i.main) refers to delay.o(i.delay_us) for delay_us
    main.o(i.main) refers to touch.o(.data) for tp_dev
    system_stm32f10x.o(i.SetSysClock) refers to system_stm32f10x.o(i.SetSysClockTo72) for SetSysClockTo72
    system_stm32f10x.o(i.SystemCoreClockUpdate) refers to system_stm32f10x.o(.data) for SystemCoreClock
    system_stm32f10x.o(i.SystemInit) refers to system_stm32f10x.o(i.SetSysClock) for SetSysClock
    gui.o(i.Draw_Triangel) refers to gui.o(i.LCD_DrawLine) for LCD_DrawLine
    gui.o(i.Fill_Triangel) refers to gui.o(i._swap) for _swap
    gui.o(i.Fill_Triangel) refers to gui.o(i.LCD_Fill) for LCD_Fill
    gui.o(i.Fill_Triangel) refers to lcd.o(.data) for POINT_COLOR
    gui.o(i.GUI_DrawFont16) refers to lcd.o(i.LCD_SetWindows) for LCD_SetWindows
    gui.o(i.GUI_DrawFont16) refers to lcd.o(i.Lcd_WriteData_16Bit) for Lcd_WriteData_16Bit
    gui.o(i.GUI_DrawFont16) refers to lcd.o(i.LCD_DrawPoint) for LCD_DrawPoint
    gui.o(i.GUI_DrawFont16) refers to gui.o(.constdata) for tfont16
    gui.o(i.GUI_DrawFont16) refers to lcd.o(.data) for POINT_COLOR
    gui.o(i.GUI_DrawFont16) refers to lcd.o(.bss) for lcddev
    gui.o(i.GUI_DrawFont24) refers to lcd.o(i.LCD_SetWindows) for LCD_SetWindows
    gui.o(i.GUI_DrawFont24) refers to lcd.o(i.Lcd_WriteData_16Bit) for Lcd_WriteData_16Bit
    gui.o(i.GUI_DrawFont24) refers to lcd.o(i.LCD_DrawPoint) for LCD_DrawPoint
    gui.o(i.GUI_DrawFont24) refers to gui.o(.constdata) for tfont24
    gui.o(i.GUI_DrawFont24) refers to lcd.o(.data) for POINT_COLOR
    gui.o(i.GUI_DrawFont24) refers to lcd.o(.bss) for lcddev
    gui.o(i.GUI_DrawFont32) refers to lcd.o(i.LCD_SetWindows) for LCD_SetWindows
    gui.o(i.GUI_DrawFont32) refers to lcd.o(i.Lcd_WriteData_16Bit) for Lcd_WriteData_16Bit
    gui.o(i.GUI_DrawFont32) refers to lcd.o(i.LCD_DrawPoint) for LCD_DrawPoint
    gui.o(i.GUI_DrawFont32) refers to gui.o(.constdata) for tfont32
    gui.o(i.GUI_DrawFont32) refers to lcd.o(.data) for POINT_COLOR
    gui.o(i.GUI_DrawFont32) refers to lcd.o(.bss) for lcddev
    gui.o(i.GUI_DrawPoint) refers to lcd.o(i.LCD_SetCursor) for LCD_SetCursor
    gui.o(i.GUI_DrawPoint) refers to lcd.o(i.Lcd_WriteData_16Bit) for Lcd_WriteData_16Bit
    gui.o(i.Gui_Drawbmp16) refers to lcd.o(i.LCD_SetWindows) for LCD_SetWindows
    gui.o(i.Gui_Drawbmp16) refers to lcd.o(i.Lcd_WriteData_16Bit) for Lcd_WriteData_16Bit
    gui.o(i.Gui_Drawbmp16) refers to lcd.o(.bss) for lcddev
    gui.o(i.Gui_Drawbmptest) refers to lcd.o(i.LCD_SetWindows) for LCD_SetWindows
    gui.o(i.Gui_Drawbmptest) refers to lcd.o(i.Lcd_WriteData_16Bit) for Lcd_WriteData_16Bit
    gui.o(i.Gui_Drawbmptest) refers to lcd.o(.bss) for lcddev
    gui.o(i.Gui_StrCenter) refers to strlen.o(.text) for strlen
    gui.o(i.Gui_StrCenter) refers to gui.o(i.Show_Str) for Show_Str
    gui.o(i.Gui_StrCenter) refers to lcd.o(.bss) for lcddev
    gui.o(i.LCD_DrawFillRectangle) refers to gui.o(i.LCD_Fill) for LCD_Fill
    gui.o(i.LCD_DrawFillRectangle) refers to lcd.o(.data) for POINT_COLOR
    gui.o(i.LCD_DrawLine) refers to lcd.o(i.LCD_DrawPoint) for LCD_DrawPoint
    gui.o(i.LCD_DrawRectangle) refers to gui.o(i.LCD_DrawLine) for LCD_DrawLine
    gui.o(i.LCD_Fill) refers to lcd.o(i.LCD_SetWindows) for LCD_SetWindows
    gui.o(i.LCD_Fill) refers to lcd.o(i.Lcd_WriteData_16Bit) for Lcd_WriteData_16Bit
    gui.o(i.LCD_Fill) refers to lcd.o(.bss) for lcddev
    gui.o(i.LCD_ShowChar) refers to lcd.o(i.LCD_SetWindows) for LCD_SetWindows
    gui.o(i.LCD_ShowChar) refers to lcd.o(i.Lcd_WriteData_16Bit) for Lcd_WriteData_16Bit
    gui.o(i.LCD_ShowChar) refers to lcd.o(i.LCD_DrawPoint) for LCD_DrawPoint
    gui.o(i.LCD_ShowChar) refers to lcd.o(.data) for POINT_COLOR
[...]
    Removing stm32f10x_rcc.o(i.RCC_ADCCLKConfig), (24 bytes).
    Removing stm32f10x_rcc.o(i.RCC_AHBPeriphClockCmd), (32 bytes).
    Removing stm32f10x_rcc.o(i.RCC_APB1PeriphResetCmd), (32 bytes).
    Removing stm32f10x_rcc.o(i.RCC_APB2PeriphResetCmd), (32 bytes).
    Removing stm32f10x_rcc.o(i.RCC_AdjustHSICalibrationValue), (24 bytes).
    Removing stm32f10x_rcc.o(i.RCC_BackupResetCmd), (12 bytes).
    Removing stm32f10x_rcc.o(i.RCC_ClearFlag), (20 bytes).
    Removing stm32f10x_rcc.o(i.RCC_ClearITPendingBit), (12 bytes).
    Removing stm32f10x_rcc.o(i.RCC_ClockSecuritySystemCmd), (12 bytes).
    Removing stm32f10x_rcc.o(i.RCC_DeInit), (76 bytes).
    Removing stm32f10x_rcc.o(i.RCC_GetFlagStatus), (60 bytes).
    Removing stm32f10x_rcc.o(i.RCC_GetITStatus), (24 bytes).
    Removing stm32f10x_rcc.o(i.RCC_GetSYSCLKSource), (16 bytes).
    Removing stm32f10x_rcc.o(i.RCC_HCLKConfig), (24 bytes).
    Removing stm32f10x_rcc.o(i.RCC_HSEConfig), (76 bytes).
    Removing stm32f10x_rcc.o(i.RCC_HSICmd), (12 bytes).
    Removing stm32f10x_rcc.o(i.RCC_ITConfig), (32 bytes).
    Removing stm32f10x_rcc.o(i.RCC_LSEConfig), (52 bytes).
    Removing stm32f10x_rcc.o(i.RCC_LSICmd), (12 bytes).
    Removing stm32f10x_rcc.o(i.RCC_MCOConfig), (12 bytes).
    Removing stm32f10x_rcc.o(i.RCC_PCLK1Config), (24 bytes).
    Removing stm32f10x_rcc.o(i.RCC_PCLK2Config), (24 bytes).
    Removing stm32f10x_rcc.o(i.RCC_PLLCmd), (12 bytes).
    Removing stm32f10x_rcc.o(i.RCC_PLLConfig), (28 bytes).
    Removing stm32f10x_rcc.o(i.RCC_RTCCLKCmd), (12 bytes).
    Removing stm32f10x_rcc.o(i.RCC_RTCCLKConfig), (16 bytes).
    Removing stm32f10x_rcc.o(i.RCC_SYSCLKConfig), (24 bytes).
    Removing stm32f10x_rcc.o(i.RCC_USBCLKConfig), (12 bytes).
    Removing stm32f10x_rcc.o(i.RCC_WaitForHSEStartUp), (56 bytes).
    Removing stm32f10x_usart.o(i.USART_ClearFlag), (18 bytes).
    Removing stm32f10x_usart.o(i.USART_ClearITPendingBit), (30 bytes).
    Removing stm32f10x_usart.o(i.USART_ClockInit), (34 bytes).
    Removing stm32f10x_usart.o(i.USART_ClockStructInit), (12 bytes).
    Removing stm32f10x_usart.o(i.USART_DMACmd), (18 bytes).
    Removing stm32f10x_usart.o(i.USART_DeInit), (156 bytes).
    Removing stm32f10x_usart.o(i.USART_GetFlagStatus), (26 bytes).
    Removing stm32f10x_usart.o(i.USART_HalfDuplexCmd), (24 bytes).
    Removing stm32f10x_usart.o(i.USART_IrDACmd), (24 bytes).
    Removing stm32f10x_usart.o(i.USART_IrDAConfig), (18 bytes).
    Removing stm32f10x_usart.o(i.USART_LINBreakDetectLengthConfig), (18 bytes).
    Removing stm32f10x_usart.o(i.USART_LINCmd), (24 bytes).
    Removing stm32f10x_usart.o(i.USART_OneBitMethodCmd), (24 bytes).
    Removing stm32f10x_usart.o(i.USART_OverSampling8Cmd), (22 bytes).
    Removing stm32f10x_usart.o(i.USART_ReceiverWakeUpCmd), (24 bytes).
    Removing stm32f10x_usart.o(i.USART_SendBreak), (10 bytes).
    Removing stm32f10x_usart.o(i.USART_SendData), (8 bytes).
    Removing stm32f10x_usart.o(i.USART_SetAddress), (18 bytes).
    Removing stm32f10x_usart.o(i.USART_SetGuardTime), (16 bytes).
    Removing stm32f10x_usart.o(i.USART_SetPrescaler), (16 bytes).
    Removing stm32f10x_usart.o(i.USART_SmartCardCmd), (24 bytes).
    Removing stm32f10x_usart.o(i.USART_SmartCardNACKCmd), (24 bytes).
    Removing stm32f10x_usart.o(i.USART_StructInit), (24 bytes).
    Removing stm32f10x_usart.o(i.USART_WakeUpConfig), (18 bytes).
    Removing stm32f10x_spi.o(i.I2S_Cmd), (24 bytes).
    Removing stm32f10x_spi.o(i.I2S_Init), (232 bytes).
    Removing stm32f10x_spi.o(i.I2S_StructInit), (20 bytes).
    Removing stm32f10x_spi.o(i.SPI_BiDirectionalLineConfig), (28 bytes).
    Removing stm32f10x_spi.o(i.SPI_CalculateCRC), (24 bytes).
    Removing stm32f10x_spi.o(i.SPI_DataSizeConfig), (18 bytes).
    Removing stm32f10x_spi.o(i.SPI_GetCRC), (16 bytes).
    Removing stm32f10x_spi.o(i.SPI_GetCRCPolynomial), (6 bytes).
    Removing stm32f10x_spi.o(i.SPI_I2S_ClearFlag), (6 bytes).
    Removing stm32f10x_spi.o(i.SPI_I2S_ClearITPendingBit), (20 bytes).
    Removing stm32f10x_spi.o(i.SPI_I2S_DMACmd), (18 bytes).
    Removing stm32f10x_spi.o(i.SPI_I2S_DeInit), (88 bytes).
    Removing stm32f10x_spi.o(i.SPI_I2S_GetFlagStatus), (18 bytes).
    Removing stm32f10x_spi.o(i.SPI_I2S_GetITStatus), (52 bytes).
    Removing stm32f10x_spi.o(i.SPI_I2S_ITConfig), (32 bytes).
    Removing stm32f10x_spi.o(i.SPI_I2S_ReceiveData), (6 bytes).
    Removing stm32f10x_spi.o(i.SPI_I2S_SendData), (4 bytes).
    Removing stm32f10x_spi.o(i.SPI_NSSInternalSoftwareConfig), (30 bytes).
    Removing stm32f10x_spi.o(i.SPI_SSOutputCmd), (24 bytes).
    Removing stm32f10x_spi.o(i.SPI_StructInit), (24 bytes).
    Removing stm32f10x_spi.o(i.SPI_TransmitCRC), (10 bytes).

116 unused section(s) (total 28564 bytes) removed from the image.

==============================================================================

Image Symbol Table

    Local Symbols

    Symbol Name                              Value     Ov Type        Size  Object(Section)

    ../clib/angel/boardlib.s                 0x00000000   Number         0  boardinit1.o ABSOLUTE
    ../clib/angel/boardlib.s                 0x00000000   Number         0  boardinit3.o ABSOLUTE
    ../clib/angel/boardlib.s                 0x00000000   Number         0  boardinit2.o ABSOLUTE
    ../clib/angel/boardlib.s                 0x00000000   Number         0  boardshut.o ABSOLUTE
    ../clib/angel/handlers.s                 0x00000000   Number         0  __scatter_copy.o ABSOLUTE
    ../clib/angel/handlers.s                 0x00000000   Number         0  __scatter_zi.o ABSOLUTE
    ../clib/angel/kernel.s                   0x00000000   Number         0  __rtentry4.o ABSOLUTE
    ../clib/angel/kernel.s                   0x00000000   Number         0  __rtentry2.o ABSOLUTE
    ../clib/angel/kernel.s                   0x00000000   Number         0  rtexit2.o ABSOLUTE
    ../clib/angel/kernel.s                   0x00000000   Number         0  __rtentry.o ABSOLUTE
    ../clib/angel/kernel.s                   0x00000000   Number         0  rtexit.o ABSOLUTE
    ../clib/angel/rt.s                       0x00000000   Number         0  rt_errno_addr.o ABSOLUTE
    ../clib/angel/rt.s                       0x00000000   Number         0  rt_errno_addr_intlibspace.o ABSOLUTE
    ../clib/angel/rt.s                       0x00000000   Number         0  rt_raise.o ABSOLUTE
    ../clib/angel/scatter.s                  0x00000000   Number         0  __scatter.o ABSOLUTE
    ../clib/angel/startup.s                  0x00000000   Number         0  __main.o ABSOLUTE
    ../clib/angel/sys.s                      0x00000000   Number         0  use_no_semi_2.o ABSOLUTE
    ../clib/angel/sys.s                      0x00000000   Number         0  indicate_semi.o ABSOLUTE
    ../clib/angel/sys.s                      0x00000000   Number         0  sys_stackheap_outer.o ABSOLUTE
    ../clib/angel/sys.s                      0x00000000   Number         0  libspace.o ABSOLUTE
    ../clib/angel/sys.s                      0x00000000   Number         0  use_no_semi.o ABSOLUTE
    ../clib/angel/sysapp.c                   0x00000000   Number         0  sys_command.o ABSOLUTE
    ../clib/angel/sysapp.c                   0x00000000   Number         0  sys_wrch.o ABSOLUTE
    ../clib/armsys.c                         0x00000000   Number         0  argv_veneer.o ABSOLUTE
    ../clib/armsys.c                         0x00000000   Number         0  argv_veneer.o ABSOLUTE
    ../clib/armsys.c                         0x00000000   Number         0  no_argv.o ABSOLUTE
    ../clib/armsys.c                         0x00000000   Number         0  _get_argv_nomalloc.o ABSOLUTE
    ../clib/fenv.c                           0x00000000   Number         0  _rserrno.o ABSOLUTE
    ../clib/heapalloc.c                      0x00000000   Number         0  hrguard.o ABSOLUTE
    ../clib/heapaux.c                        0x00000000   Number         0  heapauxi.o ABSOLUTE
    ../clib/libinit.s                        0x00000000   Number         0  libshutdown.o ABSOLUTE
    ../clib/libinit.s                        0x00000000   Number         0  libinit2.o ABSOLUTE
    ../clib/libinit.s                        0x00000000   Number         0  libinit.o ABSOLUTE
    ../clib/libinit.s                        0x00000000   Number         0  libshutdown2.o ABSOLUTE
    ../clib/printf.c                         0x00000000   Number         0  noretval__2printf.o ABSOLUTE
    ../clib/printf.c                         0x00000000   Number         0  __2printf.o ABSOLUTE
    ../clib/printf.c                         0x00000000   Number         0  _printf_char_common.o ABSOLUTE
    ../clib/printf.c                         0x00000000   Number         0  _printf_char_file.o ABSOLUTE
    ../clib/printf.c                         0x00000000   Number         0  __printf_nopercent.o ABSOLUTE
    ../clib/signal.c                         0x00000000   Number         0  defsig_other.o ABSOLUTE
    ../clib/signal.c                         0x00000000   Number         0  defsig_segv_inner.o ABSOLUTE
    ../clib/signal.c                         0x00000000   Number         0  defsig_cppl_inner.o ABSOLUTE
    ../clib/signal.c                         0x00000000   Number         0  defsig_pvfn_inner.o ABSOLUTE
    ../clib/signal.c                         0x00000000   Number         0  defsig_stak_inner.o ABSOLUTE
    ../clib/signal.c                         0x00000000   Number         0  defsig_rtred_inner.o ABSOLUTE
    ../clib/signal.c                         0x00000000   Number         0  defsig_fpe_inner.o ABSOLUTE
    ../clib/signal.c                         0x00000000   Number         0  defsig_abrt_inner.o ABSOLUTE
    ../clib/signal.c                         0x00000000   Number         0  defsig_general.o ABSOLUTE
    ../clib/signal.c                         0x00000000   Number         0  __raise.o ABSOLUTE
    ../clib/signal.c                         0x00000000   Number         0  defsig_rtmem_inner.o ABSOLUTE
    ../clib/signal.c                         0x00000000   Number         0  defsig_exit.o ABSOLUTE
    ../clib/signal.c                         0x00000000   Number         0  defsig_rtmem_outer.o ABSOLUTE
    ../clib/signal.c                         0x00000000   Number         0  defsig_rtmem_formal.o ABSOLUTE
    ../clib/signal.s                         0x00000000   Number         0  defsig.o ABSOLUTE
    ../clib/stdio.c                          0x00000000   Number         0  ferror.o ABSOLUTE
    ../clib/stdio.c                          0x00000000   Number         0  ferror_locked.o ABSOLUTE
    ../clib/stdlib.c                         0x00000000   Number         0  exit.o ABSOLUTE
    ../clib/string.c                         0x00000000   Number         0  strlen.o ABSOLUTE
    ../fplib/dcmpi.s                         0x00000000   Number         0  dcmpi.o ABSOLUTE
    ../fplib/dfixu.s                         0x00000000   Number         0  dfixu.o ABSOLUTE
    ../fplib/dflt.s                          0x00000000   Number         0  dflt_clz.o ABSOLUTE
    ../fplib/dleqf.s                         0x00000000   Number         0  dleqf.o ABSOLUTE
    ../fplib/dnaninf.s                       0x00000000   Number         0  dnaninf.o ABSOLUTE
    ../fplib/dretinf.s                       0x00000000   Number         0  dretinf.o ABSOLUTE
    ../fplib/drleqf.s                        0x00000000   Number         0  drleqf.o ABSOLUTE
    ../fplib/dsqrt.s                         0x00000000   Number         0  dsqrt_noumaal.o ABSOLUTE
    ../fplib/f2d.s                           0x00000000   Number         0  f2d.o ABSOLUTE
    ../fplib/faddsub.s                       0x00000000   Number         0  faddsub_clz.o ABSOLUTE
    ../fplib/fdiv.s                          0x00000000   Number         0  fdiv.o ABSOLUTE
    ../fplib/ffix.s                          0x00000000   Number         0  ffix.o ABSOLUTE
    ../fplib/ffixu.s                         0x00000000   Number         0  ffixu.o ABSOLUTE
    ../fplib/fflt.s                          0x00000000   Number         0  fflt_clz.o ABSOLUTE
    ../fplib/fmul.s                          0x00000000   Number         0  fmul.o ABSOLUTE
    ../fplib/fnaninf.s                       0x00000000   Number         0  fnaninf.o ABSOLUTE
    ../fplib/fpinit.s                        0x00000000   Number         0  fpinit.o ABSOLUTE
    ../fplib/fretinf.s                       0x00000000   Number         0  fretinf.o ABSOLUTE
    ../fplib/usenofp.s                       0x00000000   Number         0  usenofp.o ABSOLUTE
    ../mathlib/sqrt.c                        0x00000000   Number         0  sqrt.o ABSOLUTE
    ../mathlib/sqrt.c                        0x00000000   Number         0  sqrt_x.o ABSOLUTE
    ..\CORE\core_cm3.c                       0x00000000   Number         0  core_cm3.o ABSOLUTE
    ..\CORE\startup_stm32f10x_hd.s           0x00000000   Number         0  startup_stm32f10x_hd.o ABSOLUTE
    ..\HARDWARE\24CXX\24cxx.c                0x00000000   Number         0  24cxx.o ABSOLUTE
    ..\HARDWARE\IIC\myiic.c                  0x00000000   Number         0  myiic.o ABSOLUTE
    ..\HARDWARE\KEY\key.c                    0x00000000   Number         0  key.o ABSOLUTE
    ..\HARDWARE\LCD\lcd.c                    0x00000000   Number         0  lcd.o ABSOLUTE
    ..\HARDWARE\LED\led.c                    0x00000000   Number         0  led.o ABSOLUTE
    ..\HARDWARE\RGB\rgb.c                    0x00000000   Number         0  rgb.o ABSOLUTE
    ..\HARDWARE\SPI\SPI.c                    0x00000000   Number         0  spi.o ABSOLUTE
    ..\HARDWARE\TOUCH\touch.c                0x00000000   Number         0  touch.o ABSOLUTE
    ..\STM32F10x_FWLib\src\misc.c            0x00000000   Number         0  misc.o ABSOLUTE
    ..\STM32F10x_FWLib\src\stm32f10x_dbgmcu.c 0x00000000   Number         0  stm32f10x_dbgmcu.o ABSOLUTE
    ..\STM32F10x_FWLib\src\stm32f10x_gpio.c  0x00000000   Number         0  stm32f10x_gpio.o ABSOLUTE
    ..\STM32F10x_FWLib\src\stm32f10x_rcc.c   0x00000000   Number         0  stm32f10x_rcc.o ABSOLUTE
    ..\STM32F10x_FWLib\src\stm32f10x_spi.c   0x00000000   Number         0  stm32f10x_spi.o ABSOLUTE
    ..\STM32F10x_FWLib\src\stm32f10x_usart.c 0x00000000   Number         0  stm32f10x_usart.o ABSOLUTE
    ..\SYSTEM\delay\delay.c                  0x00000000   Number         0  delay.o ABSOLUTE
    ..\SYSTEM\sys\sys.c                      0x00000000   Number         0  sys.o ABSOLUTE
    ..\SYSTEM\usart\usart.c                  0x00000000   Number         0  usart.o ABSOLUTE
    ..\\CORE\\core_cm3.c                     0x00000000   Number         0  core_cm3.o ABSOLUTE
    ..\\SYSTEM\\sys\\sys.c                   0x00000000   Number         0  sys.o ABSOLUTE
    GUI.c                                    0x00000000   Number         0  gui.o ABSOLUTE
    dc.s                                     0x00000000   Number         0  dc.o ABSOLUTE
    main.c                                   0x00000000   Number         0  main.o ABSOLUTE
    stm32f10x_it.c                           0x00000000   Number         0  stm32f10x_it.o ABSOLUTE
    system_stm32f10x.c                       0x00000000   Number         0  system_stm32f10x.o ABSOLUTE
    RESET                                    0x08000000   Section      304  startup_stm32f10x_hd.o(RESET)
    !!!main                                  0x08000130   Section        8  __main.o(!!!main)
    !!!scatter                               0x08000138   Section       52  __scatter.o(!!!scatter)
    !!handler_copy                           0x0800016c   Section       26  __scatter_copy.o(!!handler_copy)
    !!handler_zi                             0x08000188   Section       28  __scatter_zi.o(!!handler_zi)
    .ARM.Collect$$libinit$$00000000          0x080001a4   Section        2  libinit.o(.ARM.Collect$$libinit$$00000000)
    .ARM.Collect$$libinit$$00000002          0x080001a6   Section        0  libinit2.o(.ARM.Collect$$libinit$$00000002)
    .ARM.Collect$$libinit$$00000004          0x080001a6   Section        0  libinit2.o(.ARM.Collect$$libinit$$00000004)
    .ARM.Collect$$libinit$$0000000A          0x080001a6   Section        0  libinit2.o(.ARM.Collect$$libinit$$0000000A)
    .ARM.Collect$$libinit$$0000000C          0x080001a6   Section        0  libinit2.o(.ARM.Collect$$libinit$$0000000C)
    .ARM.Collect$$libinit$$0000000E          0x080001a6   Section        0  libinit2.o(.ARM.Collect$$libinit$$0000000E)
    .ARM.Collect$$libinit$$00000011          0x080001a6   Section        0  libinit2.o(.ARM.Collect$$libinit$$00000011)
    .ARM.Collect$$libinit$$00000013          0x080001a6   Section        0  libinit2.o(.ARM.Collect$$libinit$$00000013)
    .ARM.Collect$$libinit$$00000015          0x080001a6   Section        0  libinit2.o(.ARM.Collect$$libinit$$00000015)
    .ARM.Collect$$libinit$$00000017          0x080001a6   Section        0  libinit2.o(.ARM.Collect$$libinit$$00000017)
    .ARM.Collect$$libinit$$00000019          0x080001a6   Section        0  libinit2.o(.ARM.Collect$$libinit$$00000019)
    .ARM.Collect$$libinit$$0000001B          0x080001a6   Section        0  libinit2.o(.ARM.Collect$$libinit$$0000001B)
    .ARM.Collect$$libinit$$0000001D          0x080001a6   Section        0  libinit2.o(.ARM.Collect$$libinit$$0000001D)
    .ARM.Collect$$libinit$$0000001F          0x080001a6   Section        0  libinit2.o(.ARM.Collect$$libinit$$0000001F)
    .ARM.Collect$$libinit$$00000021          0x080001a6   Section        0  libinit2.o(.ARM.Collect$$libinit$$00000021)
    .ARM.Collect$$libinit$$00000023          0x080001a6   Section        0  libinit2.o(.ARM.Collect$$libinit$$00000023)
    .ARM.Collect$$libinit$$00000025          0x080001a6   Section        0  libinit2.o(.ARM.Collect$$libinit$$00000025)
    .ARM.Collect$$libinit$$0000002C          0x080001a6   Section        0  libinit2.o(.ARM.Collect$$libinit$$0000002C)
    .ARM.Collect$$libinit$$0000002E          0x080001a6   Section        0  libinit2.o(.ARM.Collect$$libinit$$0000002E)
    .ARM.Collect$$libinit$$00000030          0x080001a6   Section        0  libinit2.o(.ARM.Collect$$libinit$$00000030)
    .ARM.Collect$$libinit$$00000032          0x080001a6   Section        0  libinit2.o(.ARM.Collect$$libinit$$00000032)
    .ARM.Collect$$libinit$$00000033          0x080001a6   Section        2  libinit2.o(.ARM.Collect$$libinit$$00000033)
    .ARM.Collect$$libshutdown$$00000000      0x080001a8   Section        2  libshutdown.o(.ARM.Collect$$libshutdown$$00000000)
    .ARM.Collect$$libshutdown$$00000002      0x080001aa   Section        0  libshutdown2.o(.ARM.Collect$$libshutdown$$00000002)
    .ARM.Collect$$libshutdown$$00000004      0x080001aa   Section        0  libshutdown2.o(.ARM.Collect$$libshutdown$$00000004)
    .ARM.Collect$$libshutdown$$00000007      0x080001aa   Section        0  libshutdown2.o(.ARM.Collect$$libshutdown$$00000007)
    .ARM.Collect$$libshutdown$$0000000A      0x080001aa   Section        0  libshutdown2.o(.ARM.Collect$$libshutdown$$0000000A)
    .ARM.Collect$$libshutdown$$0000000C      0x080001aa   Section        0  libshutdown2.o(.ARM.Collect$$libshutdown$$0000000C)
    .ARM.Collect$$libshutdown$$0000000F      0x080001aa   Section        0  libshutdown2.o(.ARM.Collect$$libshutdown$$0000000F)
    .ARM.Collect$$libshutdown$$00000010      0x080001aa   Section        2  libshutdown2.o(.ARM.Collect$$libshutdown$$00000010)
    .ARM.Collect$$rtentry$$00000000          0x080001ac   Section        0  __rtentry.o(.ARM.Collect$$rtentry$$00000000)
    .ARM.Collect$$rtentry$$00000002          0x080001ac   Section        0  __rtentry2.o(.ARM.Collect$$rtentry$$00000002)
    .ARM.Collect$$rtentry$$00000004          0x080001ac   Section        6  __rtentry4.o(.ARM.Collect$$rtentry$$00000004)
    .ARM.Collect$$rtentry$$00000009          0x080001b2   Section        0  __rtentry2.o(.ARM.Collect$$rtentry$$00000009)
    .ARM.Collect$$rtentry$$0000000A          0x080001b2   Section        4  __rtentry2.o(.ARM.Collect$$rtentry$$0000000A)
    .ARM.Collect$$rtentry$$0000000C          0x080001b6   Section        0  __rtentry2.o(.ARM.Collect$$rtentry$$0000000C)
    .ARM.Collect$$rtentry$$0000000D          0x080001b6   Section        8  __rtentry2.o(.ARM.Collect$$rtentry$$0000000D)
    .ARM.Collect$$rtexit$$00000000           0x080001be   Section        2  rtexit.o(.ARM.Collect$$rtexit$$00000000)
    .ARM.Collect$$rtexit$$00000002           0x080001c0   Section        0  rtexit2.o(.ARM.Collect$$rtexit$$00000002)
    .ARM.Collect$$rtexit$$00000003           0x080001c0   Section        4  rtexit2.o(.ARM.Collect$$rtexit$$00000003)
    .ARM.Collect$$rtexit$$00000004           0x080001c4   Section        6  rtexit2.o(.ARM.Collect$$rtexit$$00000004)
    .text                                    0x080001cc   Section       64  startup_stm32f10x_hd.o(.text)
    .text                                    0x0800020c   Section        2  use_no_semi_2.o(.text)
    .text                                    0x08000210   Section        0  noretval__2printf.o(.text)
    .text                                    0x08000228   Section        0  strlen.o(.text)
    .text                                    0x08000266   Section        0  heapauxi.o(.text)
    .text                                    0x0800026c   Section        2  use_no_semi.o(.text)
    .text                                    0x0800026e   Section        0  _rserrno.o(.text)
    .text                                    0x08000284   Section        0  _printf_char_file.o(.text)
    .text                                    0x080002a8   Section        8  rt_errno_addr_intlibspace.o(.text)
    .text                                    0x080002b0   Section        0  _printf_char_common.o(.text)
    _printf_input_char                       0x080002b1   Thumb Code    10  _printf_char_common.o(.text)
    .text                                    0x080002e0   Section        0  ferror.o(.text)
    .text                                    0x080002e8   Section        8  libspace.o(.text)
    .text                                    0x080002f0   Section       74  sys_stackheap_outer.o(.text)
    .text                                    0x0800033a   Section        0  __printf_nopercent.o(.text)
    .text                                    0x08000362   Section        0  exit.o(.text)
    i.AT24CXX_Init                           0x08000374   Section        0  24cxx.o(i.AT24CXX_Init)
    i.AT24CXX_ReadLenByte                    0x0800037c   Section        0  24cxx.o(i.AT24CXX_ReadLenByte)
    i.AT24CXX_ReadOneByte                    0x080003a8   Section        0  24cxx.o(i.AT24CXX_ReadOneByte)
    i.AT24CXX_WriteLenByte                   0x08000400   Section        0  24cxx.o(i.AT24CXX_WriteLenByte)
    i.AT24CXX_WriteOneByte                   0x0800042a   Section        0  24cxx.o(i.AT24CXX_WriteOneByte)
    i.BusFault_Handler                       0x0800047a   Section        0  stm32f10x_it.o(i.BusFault_Handler)
    i.DebugMon_Handler                       0x0800047e   Section        0  stm32f10x_it.o(i.DebugMon_Handler)
    i.DrawTestPage                           0x08000480   Section        0  main.o(i.DrawTestPage)
    i.GPIO_Init                              0x08000524   Section        0  stm32f10x_gpio.o(i.GPIO_Init)
    i.GPIO_ReadInputDataBit                  0x0800063a   Section        0  stm32f10x_gpio.o(i.GPIO_ReadInputDataBit)
    i.GPIO_SetBits                           0x0800064c   Section        0  stm32f10x_gpio.o(i.GPIO_SetBits)
    i.GUI_DrawFont16                         0x08000650   Section        0  gui.o(i.GUI_DrawFont16)
    i.GUI_DrawFont24                         0x08000758   Section        0  gui.o(i.GUI_DrawFont24)
    i.GUI_DrawFont32                         0x08000870   Section        0  gui.o(i.GUI_DrawFont32)
    i.GUI_DrawPoint                          0x08000978   Section        0  gui.o(i.GUI_DrawPoint)
    i.Gui_StrCenter                          0x08000990   Section        0  gui.o(i.Gui_StrCenter)
    i.HardFault_Handler                      0x080009d0   Section        0  stm32f10x_it.o(i.HardFault_Handler)
    i.IIC_Ack                                0x080009d4   Section        0  myiic.o(i.IIC_Ack)
    i.IIC_Init                               0x08000a24   Section        0  myiic.o(i.IIC_Init)
    i.IIC_NAck                               0x08000a58   Section        0  myiic.o(i.IIC_NAck)
    i.IIC_Read_Byte                          0x08000aa8   Section        0  myiic.o(i.IIC_Read_Byte)
    i.IIC_Send_Byte                          0x08000b18   Section        0  myiic.o(i.IIC_Send_Byte)
    i.IIC_Start                              0x08000b80   Section        0  myiic.o(i.IIC_Start)
    i.IIC_Stop                               0x08000bcc   Section        0  myiic.o(i.IIC_Stop)
    i.IIC_Wait_Ack                           0x08000c18   Section        0  myiic.o(i.IIC_Wait_Ack)
    i.KEY_Init                               0x08000c7c   Section        0  key.o(i.KEY_Init)
    i.KEY_Scan                               0x08000cb8   Section        0  key.o(i.KEY_Scan)
    i.LCD_Clear                              0x08000d18   Section        0  lcd.o(i.LCD_Clear)
    i.LCD_DrawLine                           0x08000d78   Section        0  gui.o(i.LCD_DrawLine)
    i.LCD_DrawPoint                          0x08000e28   Section        0  lcd.o(i.LCD_DrawPoint)
    i.LCD_Fill                               0x08000e44   Section        0  gui.o(i.LCD_Fill)
    i.LCD_GPIOInit                           0x08000eb8   Section        0  lcd.o(i.LCD_GPIOInit)
    i.LCD_Init                               0x08000ee4   Section        0  lcd.o(i.LCD_Init)
    i.LCD_RESET                              0x080010e8   Section        0  lcd.o(i.LCD_RESET)
    i.LCD_SetCursor                          0x08001110   Section        0  lcd.o(i.LCD_SetCursor)
    i.LCD_SetWindows                         0x08001124   Section        0  lcd.o(i.LCD_SetWindows)
    i.LCD_ShowChar                           0x0800117c   Section        0  gui.o(i.LCD_ShowChar)
    i.LCD_ShowNum                            0x080012a0   Section        0  gui.o(i.LCD_ShowNum)
    i.LCD_ShowString                         0x08001350   Section        0  gui.o(i.LCD_ShowString)
    i.LCD_WR_DATA                            0x080013bc   Section        0  lcd.o(i.LCD_WR_DATA)
    i.LCD_WR_REG                             0x080013ec   Section        0  lcd.o(i.LCD_WR_REG)
    i.LCD_WriteRAM_Prepare                   0x08001418   Section        0  lcd.o(i.LCD_WriteRAM_Prepare)
    i.LCD_WriteReg                           0x08001428   Section        0  lcd.o(i.LCD_WriteReg)
    i.LCD_direction                          0x0800143c   Section        0  lcd.o(i.LCD_direction)
    i.Lcd_WriteData_16Bit                    0x080014c8   Section        0  lcd.o(i.Lcd_WriteData_16Bit)
    i.MemManage_Handler                      0x08001500   Section        0  stm32f10x_it.o(i.MemManage_Handler)
    i.NMI_Handler                            0x08001504   Section        0  stm32f10x_it.o(i.NMI_Handler)
    i.NVIC_Init                              0x08001508   Section        0  misc.o(i.NVIC_Init)
    i.PendSV_Handler                         0x08001578   Section        0  stm32f10x_it.o(i.PendSV_Handler)
    i.RCC_APB1PeriphClockCmd                 0x0800157c   Section        0  stm32f10x_rcc.o(i.RCC_APB1PeriphClockCmd)
    i.RCC_APB2PeriphClockCmd                 0x0800159c   Section        0  stm32f10x_rcc.o(i.RCC_APB2PeriphClockCmd)
    i.RCC_GetClocksFreq                      0x080015bc   Section        0  stm32f10x_rcc.o(i.RCC_GetClocksFreq)
    i.RGB_Init                               0x08001690   Section        0  rgb.o(i.RGB_Init)
    i.SPI2_Init                              0x080016c4   Section        0  spi.o(i.SPI2_Init)
    i.SPI_Cmd                                0x08001760   Section        0  stm32f10x_spi.o(i.SPI_Cmd)
    i.SPI_Init                               0x08001778   Section        0  stm32f10x_spi.o(i.SPI_Init)
    i.SPI_WriteByte                          0x080017b4   Section        0  spi.o(i.SPI_WriteByte)
    i.SVC_Handler                            0x080017d6   Section        0  stm32f10x_it.o(i.SVC_Handler)
    i.SetSysClock                            0x080017d8   Section        0  system_stm32f10x.o(i.SetSysClock)
    SetSysClock                              0x080017d9   Thumb Code     8  system_stm32f10x.o(i.SetSysClock)
    i.SetSysClockTo72                        0x080017e0   Section        0  system_stm32f10x.o(i.SetSysClockTo72)
    SetSysClockTo72                          0x080017e1   Thumb Code   214  system_stm32f10x.o(i.SetSysClockTo72)
    i.Show_Str                               0x080018c0   Section        0  gui.o(i.Show_Str)
    i.SysTick_CLKSourceConfig                0x080019cc   Section        0  misc.o(i.SysTick_CLKSourceConfig)
    i.SysTick_Handler                        0x080019f4   Section        0  stm32f10x_it.o(i.SysTick_Handler)
    i.SystemInit                             0x080019f8   Section        0  system_stm32f10x.o(i.SystemInit)
    i.TP_Adj_Info_Show                       0x08001a58   Section        0  touch.o(i.TP_Adj_Info_Show)
    i.TP_Adjust                              0x08001bcc   Section        0  touch.o(i.TP_Adjust)
    i.TP_Drow_Touch_Point                    0x080024a8   Section        0  touch.o(i.TP_Drow_Touch_Point)
    i.TP_Get_Adjdata                         0x08002520   Section        0  touch.o(i.TP_Get_Adjdata)
    i.TP_Init                                0x080025c8   Section        0  touch.o(i.TP_Init)
    i.TP_Read_AD                             0x0800263c   Section        0  touch.o(i.TP_Read_AD)
    i.TP_Read_XOY                            0x080026c4   Section        0  touch.o(i.TP_Read_XOY)
    i.TP_Read_XY                             0x0800273c   Section        0  touch.o(i.TP_Read_XY)
    i.TP_Read_XY2                            0x0800276c   Section        0  touch.o(i.TP_Read_XY2)
    i.TP_Save_Adjdata                        0x0800282c   Section        0  touch.o(i.TP_Save_Adjdata)
    i.TP_Scan                                0x080028a4   Section        0  touch.o(i.TP_Scan)
    i.TP_Write_Byte                          0x080029a0   Section        0  touch.o(i.TP_Write_Byte)
    i.USART1_IRQHandler                      0x080029e0   Section        0  usart.o(i.USART1_IRQHandler)
    i.USART_Cmd                              0x08002a68   Section        0  stm32f10x_usart.o(i.USART_Cmd)
    i.USART_GetITStatus                      0x08002a80   Section        0  stm32f10x_usart.o(i.USART_GetITStatus)
    i.USART_ITConfig                         0x08002ad4   Section        0  stm32f10x_usart.o(i.USART_ITConfig)
    i.USART_Init                             0x08002b20   Section        0  stm32f10x_usart.o(i.USART_Init)
    i.USART_ReceiveData                      0x08002bf8   Section        0  stm32f10x_usart.o(i.USART_ReceiveData)
    i.UsageFault_Handler                     0x08002c02   Section        0  stm32f10x_it.o(i.UsageFault_Handler)
    i._draw_circle_8                         0x08002c06   Section        0  gui.o(i._draw_circle_8)
    i._sys_exit                              0x08002c8a   Section        0  usart.o(i._sys_exit)
    i.delay_init                             0x08002c90   Section        0  delay.o(i.delay_init)
    i.delay_ms                               0x08002cd4   Section        0  delay.o(i.delay_ms)
    i.delay_us                               0x08002d20   Section        0  delay.o(i.delay_us)
    i.fputc                                  0x08002d6c   Section        0  usart.o(i.fputc)
    i.gui_circle                             0x08002d88   Section        0  gui.o(i.gui_circle)
    i.main                                   0x08002e24   Section        0  main.o(i.main)
    i.mypow                                  0x08002ff8   Section        0  gui.o(i.mypow)
    i.sqrt                                   0x0800300e   Section        0  sqrt.o(i.sqrt)
    i.uart_init                              0x0800305c   Section        0  usart.o(i.uart_init)
    x$fpl$dcmpinf                            0x080030fc   Section       24  dcmpi.o(x$fpl$dcmpinf)
    x$fpl$dfixu                              0x08003114   Section       90  dfixu.o(x$fpl$dfixu)
    x$fpl$dfltu                              0x0800316e   Section       38  dflt_clz.o(x$fpl$dfltu)
    x$fpl$dleqf                              0x08003194   Section      120  dleqf.o(x$fpl$dleqf)
    x$fpl$dnaninf                            0x0800320c   Section      156  dnaninf.o(x$fpl$dnaninf)
    x$fpl$dretinf                            0x080032a8   Section       12  dretinf.o(x$fpl$dretinf)
    x$fpl$drleqf                             0x080032b4   Section      108  drleqf.o(x$fpl$drleqf)
    x$fpl$dsqrt                              0x08003320   Section      460  dsqrt_noumaal.o(x$fpl$dsqrt)
    x$fpl$f2d                                0x080034ec   Section       86  f2d.o(x$fpl$f2d)
    x$fpl$fadd                               0x08003544   Section      196  faddsub_clz.o(x$fpl$fadd)
    _fadd1                                   0x08003553   Thumb Code     0  faddsub_clz.o(x$fpl$fadd)
    x$fpl$fdiv                               0x08003608   Section      388  fdiv.o(x$fpl$fdiv)
    _fdiv1                                   0x08003609   Thumb Code     0  fdiv.o(x$fpl$fdiv)
    x$fpl$ffix                               0x0800378c   Section       54  ffix.o(x$fpl$ffix)
    x$fpl$ffixu                              0x080037c4   Section       62  ffixu.o(x$fpl$ffixu)
    x$fpl$fflt                               0x08003804   Section       48  fflt_clz.o(x$fpl$fflt)
    x$fpl$ffltu                              0x08003834   Section       38  fflt_clz.o(x$fpl$ffltu)
    x$fpl$fmul                               0x0800385c   Section      258  fmul.o(x$fpl$fmul)
    x$fpl$fnaninf                            0x0800395e   Section      140  fnaninf.o(x$fpl$fnaninf)
    x$fpl$fretinf                            0x080039ea   Section       10  fretinf.o(x$fpl$fretinf)
    x$fpl$fsub                               0x080039f4   Section      234  faddsub_clz.o(x$fpl$fsub)
    _fsub1                                   0x08003a03   Thumb Code     0  faddsub_clz.o(x$fpl$fsub)
    .constdata                               0x08003ade   Section     4128  gui.o(.constdata)
    x$fpl$usenofp                            0x08003ade   Section        0  usenofp.o(x$fpl$usenofp)
    .conststring                             0x08004b00   Section      121  touch.o(.conststring)
    .data                                    0x20000000   Section       20  system_stm32f10x.o(.data)
    .data                                    0x20000014   Section        6  lcd.o(.data)
    .data                                    0x2000001c   Section       48  touch.o(.data)
    .data                                    0x2000004c   Section        4  delay.o(.data)
    fac_us                                   0x2000004c   Data           1  delay.o(.data)
    fac_ms                                   0x2000004e   Data           2  delay.o(.data)
    .data                                    0x20000050   Section        6  usart.o(.data)
    .data                                    0x20000056   Section       20  stm32f10x_rcc.o(.data)
    APBAHBPrescTable                         0x20000056   Data          16  stm32f10x_rcc.o(.data)
    ADCPrescTable                            0x20000066   Data           4  stm32f10x_rcc.o(.data)
    .bss                                     0x2000006c   Section       14  lcd.o(.bss)
    .bss                                     0x2000007a   Section      200  usart.o(.bss)
    .bss                                     0x20000144   Section       96  libspace.o(.bss)
    HEAP                                     0x200001a8   Section      512  startup_stm32f10x_hd.o(HEAP)
    Heap_Mem                                 0x200001a8   Data         512  startup_stm32f10x_hd.o(HEAP)
    STACK                                    0x200003a8   Section     1024  startup_stm32f10x_hd.o(STACK)
    Stack_Mem                                0x200003a8   Data        1024  startup_stm32f10x_hd.o(STACK)
    __initial_sp                             0x200007a8   Data           0  startup_stm32f10x_hd.o(STACK)

    Global Symbols

    Symbol Name                              Value     Ov Type        Size  Object(Section)

    BuildAttributes$$THM_ISAv4$P$D$K$B$S$PE$A:L22UL41UL21$X:L11$S22US41US21$IEEE1$IW$USESV6$~STKCKD$USESV7$~SHL$OTIME$ROPI$IEEEJ$EBA8$UX$STANDARDLIB$REQ8$PRES8$EABIv2 0x00000000   Number         0  anon$$obj.o ABSOLUTE
    __ARM_use_no_argv                        0x00000000   Number         0  main.o ABSOLUTE
    __ARM_exceptions_init                     - Undefined Weak Reference
    __alloca_initialize                       - Undefined Weak Reference
    __arm_preinit_                            - Undefined Weak Reference
    __cpp_initialize__aeabi_                  - Undefined Weak Reference
    __cxa_finalize                            - Undefined Weak Reference
    __rt_locale                               - Undefined Weak Reference
    __sigvec_lookup                           - Undefined Weak Reference
    _atexit_init                              - Undefined Weak Reference
    _call_atexit_fns                          - Undefined Weak Reference
    _clock_init                               - Undefined Weak Reference
    _fp_trap_init                             - Undefined Weak Reference
    _fp_trap_shutdown                         - Undefined Weak Reference
    _get_lc_collate                           - Undefined Weak Reference
    _get_lc_ctype                             - Undefined Weak Reference
    _get_lc_monetary                          - Undefined Weak Reference
    _get_lc_numeric                           - Undefined Weak Reference
    _get_lc_time                              - Undefined Weak Reference
    _getenv_init                              - Undefined Weak Reference
    _handle_redirection                       - Undefined Weak Reference
    _init_alloc                               - Undefined Weak Reference
    _init_user_alloc                          - Undefined Weak Reference
    _initio                                   - Undefined Weak Reference
    _mutex_acquire                            - Undefined Weak Reference
    _mutex_release                            - Undefined Weak Reference
    _rand_init                                - Undefined Weak Reference
    _signal_finish                            - Undefined Weak Reference
    _signal_init                              - Undefined Weak Reference
    _terminate_alloc                          - Undefined Weak Reference
    _terminate_user_alloc                     - Undefined Weak Reference
    _terminateio                              - Undefined Weak Reference
    __Vectors_Size                           0x00000130   Number         0  startup_stm32f10x_hd.o ABSOLUTE
    __Vectors                                0x08000000   Data           4  startup_stm32f10x_hd.o(RESET)
    __Vectors_End                            0x08000130   Data           0  startup_stm32f10x_hd.o(RESET)
    __main                                   0x08000131   Thumb Code     8  __main.o(!!!main)
    __scatterload                            0x08000139   Thumb Code     0  __scatter.o(!!!scatter)
    __scatterload_rt2                        0x08000139   Thumb Code    44  __scatter.o(!!!scatter)
    __scatterload_rt2_thumb_only             0x08000139   Thumb Code     0  __scatter.o(!!!scatter)
    __scatterload_null                       0x08000147   Thumb Code     0  __scatter.o(!!!scatter)
    __scatterload_copy                       0x0800016d   Thumb Code    26  __scatter_copy.o(!!handler_copy)
    __scatterload_zeroinit                   0x08000189   Thumb Code    28  __scatter_zi.o(!!handler_zi)
    __rt_lib_init                            0x080001a5   Thumb Code     0  libinit.o(.ARM.Collect$$libinit$$00000000)
    __rt_lib_init_alloca_1                   0x080001a7   Thumb Code     0  libinit2.o(.ARM.Collect$$libinit$$0000002E)
    __rt_lib_init_argv_1                     0x080001a7   Thumb Code     0  libinit2.o(.ARM.Collect$$libinit$$0000002C)
    __rt_lib_init_atexit_1                   0x080001a7   Thumb Code     0  libinit2.o(.ARM.Collect$$libinit$$0000001B)
    __rt_lib_init_clock_1                    0x080001a7   Thumb Code     0  libinit2.o(.ARM.Collect$$libinit$$00000021)
    __rt_lib_init_cpp_1                      0x080001a7   Thumb Code     0  libinit2.o(.ARM.Collect$$libinit$$00000032)
    __rt_lib_init_exceptions_1               0x080001a7   Thumb Code     0  libinit2.o(.ARM.Collect$$libinit$$00000030)
    __rt_lib_init_fp_1                       0x080001a7   Thumb Code     0  libinit2.o(.ARM.Collect$$libinit$$00000002)
    __rt_lib_init_fp_trap_1                  0x080001a7   Thumb Code     0  libinit2.o(.ARM.Collect$$libinit$$0000001F)
    __rt_lib_init_getenv_1                   0x080001a7   Thumb Code     0  libinit2.o(.ARM.Collect$$libinit$$00000023)
    __rt_lib_init_heap_1                     0x080001a7   Thumb Code     0  libinit2.o(.ARM.Collect$$libinit$$0000000A)
    __rt_lib_init_lc_collate_1               0x080001a7   Thumb Code     0  libinit2.o(.ARM.Collect$$libinit$$00000011)
    __rt_lib_init_lc_ctype_1                 0x080001a7   Thumb Code     0  libinit2.o(.ARM.Collect$$libinit$$00000013)
    __rt_lib_init_lc_monetary_1              0x080001a7   Thumb Code     0  libinit2.o(.ARM.Collect$$libinit$$00000015)
    __rt_lib_init_lc_numeric_1               0x080001a7   Thumb Code     0  libinit2.o(.ARM.Collect$$libinit$$00000017)
    __rt_lib_init_lc_time_1                  0x080001a7   Thumb Code     0  libinit2.o(.ARM.Collect$$libinit$$00000019)
    __rt_lib_init_preinit_1                  0x080001a7   Thumb Code     0  libinit2.o(.ARM.Collect$$libinit$$00000004)
    __rt_lib_init_rand_1                     0x080001a7   Thumb Code     0  libinit2.o(.ARM.Collect$$libinit$$0000000E)
    __rt_lib_init_return                     0x080001a7   Thumb Code     0  libinit2.o(.ARM.Collect$$libinit$$00000033)
    __rt_lib_init_signal_1                   0x080001a7   Thumb Code     0  libinit2.o(.ARM.Collect$$libinit$$0000001D)
    __rt_lib_init_stdio_1                    0x080001a7   Thumb Code     0  libinit2.o(.ARM.Collect$$libinit$$00000025)
    __rt_lib_init_user_alloc_1               0x080001a7   Thumb Code     0  libinit2.o(.ARM.Collect$$libinit$$0000000C)
    __rt_lib_shutdown                        0x080001a9   Thumb Code     0  libshutdown.o(.ARM.Collect$$libshutdown$$00000000)
    __rt_lib_shutdown_cpp_1                  0x080001ab   Thumb Code     0  libshutdown2.o(.ARM.Collect$$libshutdown$$00000002)
    __rt_lib_shutdown_fp_trap_1              0x080001ab   Thumb Code     0  libshutdown2.o(.ARM.Collect$$libshutdown$$00000007)
    __rt_lib_shutdown_heap_1                 0x080001ab   Thumb Code     0  libshutdown2.o(.ARM.Collect$$libshutdown$$0000000F)
    __rt_lib_shutdown_return                 0x080001ab   Thumb Code     0  libshutdown2.o(.ARM.Collect$$libshutdown$$00000010)
    __rt_lib_shutdown_signal_1               0x080001ab   Thumb Code     0  libshutdown2.o(.ARM.Collect$$libshutdown$$0000000A)
    __rt_lib_shutdown_stdio_1                0x080001ab   Thumb Code     0  libshutdown2.o(.ARM.Collect$$libshutdown$$00000004)
    __rt_lib_shutdown_user_alloc_1           0x080001ab   Thumb Code     0  libshutdown2.o(.ARM.Collect$$libshutdown$$0000000C)
    __rt_entry                               0x080001ad   Thumb Code     0  __rtentry.o(.ARM.Collect$$rtentry$$00000000)
    __rt_entry_presh_1                       0x080001ad   Thumb Code     0  __rtentry2.o(.ARM.Collect$$rtentry$$00000002)
    __rt_entry_sh                            0x080001ad   Thumb Code     0  __rtentry4.o(.ARM.Collect$$rtentry$$00000004)
    __rt_entry_li                            0x080001b3   Thumb Code     0  __rtentry2.o(.ARM.Collect$$rtentry$$0000000A)
    __rt_entry_postsh_1                      0x080001b3   Thumb Code     0  __rtentry2.o(.ARM.Collect$$rtentry$$00000009)
    __rt_entry_main                          0x080001b7   Thumb Code     0  __rtentry2.o(.ARM.Collect$$rtentry$$0000000D)
    __rt_entry_postli_1                      0x080001b7   Thumb Code     0  __rtentry2.o(.ARM.Collect$$rtentry$$0000000C)
    __rt_exit                                0x080001bf   Thumb Code     0  rtexit.o(.ARM.Collect$$rtexit$$00000000)
    __rt_exit_ls                             0x080001c1   Thumb Code     0  rtexit2.o(.ARM.Collect$$rtexit$$00000003)
    __rt_exit_prels_1                        0x080001c1   Thumb Code     0  rtexit2.o(.ARM.Collect$$rtexit$$00000002)
    __rt_exit_exit                           0x080001c5   Thumb Code     0  rtexit2.o(.ARM.Collect$$rtexit$$00000004)
    Reset_Handler                            0x080001cd   Thumb Code     8  startup_stm32f10x_hd.o(.text)
    ADC1_2_IRQHandler                        0x080001e7   Thumb Code     0  startup_stm32f10x_hd.o(.text)
    ADC3_IRQHandler                          0x080001e7   Thumb Code     0  startup_stm32f10x_hd.o(.text)
    CAN1_RX1_IRQHandler                      0x080001e7   Thumb Code     0  startup_stm32f10x_hd.o(.text)
    CAN1_SCE_IRQHandler                      0x080001e7   Thumb Code     0  startup_stm32f10x_hd.o(.text)
    DMA1_Channel1_IRQHandler                 0x080001e7   Thumb Code     0  startup_stm32f10x_hd.o(.text)
    DMA1_Channel2_IRQHandler                 0x080001e7   Thumb Code     0  startup_stm32f10x_hd.o(.text)
    DMA1_Channel3_IRQHandler                 0x080001e7   Thumb Code     0  startup_stm32f10x_hd.o(.text)
    DMA1_Channel4_IRQHandler                 0x080001e7   Thumb Code     0  startup_stm32f10x_hd.o(.text)
    DMA1_Channel5_IRQHandler                 0x080001e7   Thumb Code     0  startup_stm32f10x_hd.o(.text)
    DMA1_Channel6_IRQHandler                 0x080001e7   Thumb Code     0  startup_stm32f10x_hd.o(.text)
    DMA1_Channel7_IRQHandler                 0x080001e7   Thumb Code     0  startup_stm32f10x_hd.o(.text)
    DMA2_Channel1_IRQHandler                 0x080001e7   Thumb Code     0  startup_stm32f10x_hd.o(.text)
    DMA2_Channel2_IRQHandler                 0x080001e7   Thumb Code     0  startup_stm32f10x_hd.o(.text)
    DMA2_Channel3_IRQHandler                 0x080001e7   Thumb Code     0  startup_stm32f10x_hd.o(.text)
    DMA2_Channel4_5_IRQHandler               0x080001e7   Thumb Code     0  startup_stm32f10x_hd.o(.text)
    EXTI0_IRQHandler                         0x080001e7   Thumb Code     0  startup_stm32f10x_hd.o(.text)
    EXTI15_10_IRQHandler                     0x080001e7   Thumb Code     0  startup_stm32f10x_hd.o(.text)
    EXTI1_IRQHandler                         0x080001e7   Thumb Code     0  startup_stm32f10x_hd.o(.text)
    EXTI2_IRQHandler                         0x080001e7   Thumb Code     0  startup_stm32f10x_hd.o(.text)
    EXTI3_IRQHandler                         0x080001e7   Thumb Code     0  startup_stm32f10x_hd.o(.text)
    EXTI4_IRQHandler                         0x080001e7   Thumb Code     0  startup_stm32f10x_hd.o(.text)
    EXTI9_5_IRQHandler                       0x080001e7   Thumb Code     0  startup_stm32f10x_hd.o(.text)
    FLASH_IRQHandler                         0x080001e7   Thumb Code     0  startup_stm32f10x_hd.o(.text)
    FSMC_IRQHandler                          0x080001e7   Thumb Code     0  startup_stm32f10x_hd.o(.text)
    I2C1_ER_IRQHandler                       0x080001e7   Thumb Code     0  startup_stm32f10x_hd.o(.text)
    I2C1_EV_IRQHandler                       0x080001e7   Thumb Code     0  startup_stm32f10x_hd.o(.text)
    I2C2_ER_IRQHandler                       0x080001e7   Thumb Code     0  startup_stm32f10x_hd.o(.text)
    I2C2_EV_IRQHandler                       0x080001e7   Thumb Code     0  startup_stm32f10x_hd.o(.text)
    PVD_IRQHandler                           0x080001e7   Thumb Code     0  startup_stm32f10x_hd.o(.text)
    RCC_IRQHandler                           0x080001e7   Thumb Code     0  startup_stm32f10x_hd.o(.text)
    RTCAlarm_IRQHandler                      0x080001e7   Thumb Code     0  startup_stm32f10x_hd.o(.text)
    RTC_IRQHandler                           0x080001e7   Thumb Code     0  startup_stm32f10x_hd.o(.text)
    SDIO_IRQHandler                          0x080001e7   Thumb Code     0  startup_stm32f10x_hd.o(.text)
    SPI1_IRQHandler                          0x080001e7   Thumb Code     0  startup_stm32f10x_hd.o(.text)
    SPI2_IRQHandler                          0x080001e7   Thumb Code     0  startup_stm32f10x_hd.o(.text)
    SPI3_IRQHandler                          0x080001e7   Thumb Code     0  startup_stm32f10x_hd.o(.text)
    TAMPER_IRQHandler                        0x080001e7   Thumb Code     0  startup_stm32f10x_hd.o(.text)
    TIM1_BRK_IRQHandler                      0x080001e7   Thumb Code     0  startup_stm32f10x_hd.o(.text)
    TIM1_CC_IRQHandler                       0x080001e7   Thumb Code     0  startup_stm32f10x_hd.o(.text)
    TIM1_TRG_COM_IRQHandler                  0x080001e7   Thumb Code     0  startup_stm32f10x_hd.o(.text)
    TIM1_UP_IRQHandler                       0x080001e7   Thumb Code     0  startup_stm32f10x_hd.o(.text)
    TIM2_IRQHandler                          0x080001e7   Thumb Code     0  startup_stm32f10x_hd.o(.text)
    TIM3_IRQHandler                          0x080001e7   Thumb Code     0  startup_stm32f10x_hd.o(.text)
    TIM4_IRQHandler                          0x080001e7   Thumb Code     0  startup_stm32f10x_hd.o(.text)
    TIM5_IRQHandler                          0x080001e7   Thumb Code     0  startup_stm32f10x_hd.o(.text)
    TIM6_IRQHandler                          0x080001e7   Thumb Code     0  startup_stm32f10x_hd.o(.text)
    TIM7_IRQHandler                          0x080001e7   Thumb Code     0  startup_stm32f10x_hd.o(.text)
    TIM8_BRK_IRQHandler                      0x080001e7   Thumb Code     0  startup_stm32f10x_hd.o(.text)
    TIM8_CC_IRQHandler                       0x080001e7   Thumb Code     0  startup_stm32f10x_hd.o(.text)
    TIM8_TRG_COM_IRQHandler                  0x080001e7   Thumb Code     0  startup_stm32f10x_hd.o(.text)
    TIM8_UP_IRQHandler                       0x080001e7   Thumb Code     0  startup_stm32f10x_hd.o(.text)
    UART4_IRQHandler                         0x080001e7   Thumb Code     0  startup_stm32f10x_hd.o(.text)
    UART5_IRQHandler                         0x080001e7   Thumb Code     0  startup_stm32f10x_hd.o(.text)
    USART2_IRQHandler                        0x080001e7   Thumb Code     0  startup_stm32f10x_hd.o(.text)
    USART3_IRQHandler                        0x080001e7   Thumb Code     0  startup_stm32f10x_hd.o(.text)
    USBWakeUp_IRQHandler                     0x080001e7   Thumb Code     0  startup_stm32f10x_hd.o(.text)
    USB_HP_CAN1_TX_IRQHandler                0x080001e7   Thumb Code     0  startup_stm32f10x_hd.o(.text)
    USB_LP_CAN1_RX0_IRQHandler               0x080001e7   Thumb Code     0  startup_stm32f10x_hd.o(.text)
    WWDG_IRQHandler                          0x080001e7   Thumb Code     0  startup_stm32f10x_hd.o(.text)
    __user_initial_stackheap                 0x080001e9   Thumb Code     0  startup_stm32f10x_hd.o(.text)
    __use_no_semihosting                     0x0800020d   Thumb Code     2  use_no_semi_2.o(.text)
    __2printf                                0x08000211   Thumb Code    20  noretval__2printf.o(.text)
    strlen                                   0x08000229   Thumb Code    62  strlen.o(.text)
    __use_two_region_memory                  0x08000267   Thumb Code     2  heapauxi.o(.text)
    __rt_heap_escrow$2region                 0x08000269   Thumb Code     2  heapauxi.o(.text)
    __rt_heap_expand$2region                 0x0800026b   Thumb Code     2  heapauxi.o(.text)
    __I$use$semihosting                      0x0800026d   Thumb Code     0  use_no_semi.o(.text)
    __use_no_semihosting_swi                 0x0800026d   Thumb Code     2  use_no_semi.o(.text)
    __read_errno                             0x0800026f   Thumb Code    10  _rserrno.o(.text)
    __set_errno                              0x08000279   Thumb Code    12  _rserrno.o(.text)
    _printf_char_file                        0x08000285   Thumb Code    32  _printf_char_file.o(.text)
    __aeabi_errno_addr                       0x080002a9   Thumb Code     8  rt_errno_addr_intlibspace.o(.text)
    __errno$intlibspace                      0x080002a9   Thumb Code     0  rt_errno_addr_intlibspace.o(.text)
    __rt_errno_addr$intlibspace              0x080002a9   Thumb Code     0  rt_errno_addr_intlibspace.o(.text)
    _printf_char_common                      0x080002bb   Thumb Code    32  _printf_char_common.o(.text)
    ferror                                   0x080002e1   Thumb Code     8  ferror.o(.text)
    __user_libspace                          0x080002e9   Thumb Code     8  libspace.o(.text)
    __user_perproc_libspace                  0x080002e9   Thumb Code     0  libspace.o(.text)
    __user_perthread_libspace                0x080002e9   Thumb Code     0  libspace.o(.text)
    __user_setup_stackheap                   0x080002f1   Thumb Code    74  sys_stackheap_outer.o(.text)
    __printf                                 0x0800033b   Thumb Code    40  __printf_nopercent.o(.text)
    exit                                     0x08000363   Thumb Code    18  exit.o(.text)
    AT24CXX_Init                             0x08000375   Thumb Code     8  24cxx.o(i.AT24CXX_Init)
    AT24CXX_ReadLenByte                      0x0800037d   Thumb Code    44  24cxx.o(i.AT24CXX_ReadLenByte)
    AT24CXX_ReadOneByte                      0x080003a9   Thumb Code    88  24cxx.o(i.AT24CXX_ReadOneByte)
    AT24CXX_WriteLenByte                     0x08000401   Thumb Code    42  24cxx.o(i.AT24CXX_WriteLenByte)
    AT24CXX_WriteOneByte                     0x0800042b   Thumb Code    80  24cxx.o(i.AT24CXX_WriteOneByte)
    BusFault_Handler                         0x0800047b   Thumb Code     4  stm32f10x_it.o(i.BusFault_Handler)
    DebugMon_Handler                         0x0800047f   Thumb Code     2  stm32f10x_it.o(i.DebugMon_Handler)
    DrawTestPage                             0x08000481   Thumb Code   120  main.o(i.DrawTestPage)
    GPIO_Init                                0x08000525   Thumb Code   278  stm32f10x_gpio.o(i.GPIO_Init)
    GPIO_ReadInputDataBit                    0x0800063b   Thumb Code    18  stm32f10x_gpio.o(i.GPIO_ReadInputDataBit)
    GPIO_SetBits                             0x0800064d   Thumb Code     4  stm32f10x_gpio.o(i.GPIO_SetBits)
    GUI_DrawFont16                           0x08000651   Thumb Code   252  gui.o(i.GUI_DrawFont16)
    GUI_DrawFont24                           0x08000759   Thumb Code   268  gui.o(i.GUI_DrawFont24)
    GUI_DrawFont32                           0x08000871   Thumb Code   252  gui.o(i.GUI_DrawFont32)
    GUI_DrawPoint                            0x08000979   Thumb Code    24  gui.o(i.GUI_DrawPoint)
    Gui_StrCenter                            0x08000991   Thumb Code    60  gui.o(i.Gui_StrCenter)
    HardFault_Handler                        0x080009d1   Thumb Code     4  stm32f10x_it.o(i.HardFault_Handler)
    IIC_Ack                                  0x080009d5   Thumb Code    66  myiic.o(i.IIC_Ack)
    IIC_Init                                 0x08000a25   Thumb Code    46  myiic.o(i.IIC_Init)
    IIC_NAck                                 0x08000a59   Thumb Code    66  myiic.o(i.IIC_NAck)
    IIC_Read_Byte                            0x08000aa9   Thumb Code    98  myiic.o(i.IIC_Read_Byte)
    IIC_Send_Byte                            0x08000b19   Thumb Code    90  myiic.o(i.IIC_Send_Byte)
    IIC_Start                                0x08000b81   Thumb Code    64  myiic.o(i.IIC_Start)
    IIC_Stop                                 0x08000bcd   Thumb Code    62  myiic.o(i.IIC_Stop)
    IIC_Wait_Ack                             0x08000c19   Thumb Code    86  myiic.o(i.IIC_Wait_Ack)
    KEY_Init                                 0x08000c7d   Thumb Code    52  key.o(i.KEY_Init)
    KEY_Scan                                 0x08000cb9   Thumb Code    88  key.o(i.KEY_Scan)
    LCD_Clear                                0x08000d19   Thumb Code    88  lcd.o(i.LCD_Clear)
    LCD_DrawLine                             0x08000d79   Thumb Code   176  gui.o(i.LCD_DrawLine)
    LCD_DrawPoint                            0x08000e29   Thumb Code    24  lcd.o(i.LCD_DrawPoint)
    LCD_Fill                                 0x08000e45   Thumb Code   110  gui.o(i.LCD_Fill)
    LCD_GPIOInit                             0x08000eb9   Thumb Code    40  lcd.o(i.LCD_GPIOInit)
    LCD_Init                                 0x08000ee5   Thumb Code   510  lcd.o(i.LCD_Init)
    LCD_RESET                                0x080010e9   Thumb Code    34  lcd.o(i.LCD_RESET)
    LCD_SetCursor                            0x08001111   Thumb Code    20  lcd.o(i.LCD_SetCursor)
    LCD_SetWindows                           0x08001125   Thumb Code    84  lcd.o(i.LCD_SetWindows)
    LCD_ShowChar                             0x0800117d   Thumb Code   276  gui.o(i.LCD_ShowChar)
    LCD_ShowNum                              0x080012a1   Thumb Code   168  gui.o(i.LCD_ShowNum)
    LCD_ShowString                           0x08001351   Thumb Code    94  gui.o(i.LCD_ShowString)
    LCD_WR_DATA                              0x080013bd   Thumb Code    38  lcd.o(i.LCD_WR_DATA)
    LCD_WR_REG                               0x080013ed   Thumb Code    36  lcd.o(i.LCD_WR_REG)
    LCD_WriteRAM_Prepare                     0x08001419   Thumb Code    12  lcd.o(i.LCD_WriteRAM_Prepare)
    LCD_WriteReg                             0x08001429   Thumb Code    20  lcd.o(i.LCD_WriteReg)
    LCD_direction                            0x0800143d   Thumb Code   136  lcd.o(i.LCD_direction)
    Lcd_WriteData_16Bit                      0x080014c9   Thumb Code    46  lcd.o(i.Lcd_WriteData_16Bit)
    MemManage_Handler                        0x08001501   Thumb Code     4  stm32f10x_it.o(i.MemManage_Handler)
    NMI_Handler                              0x08001505   Thumb Code     2  stm32f10x_it.o(i.NMI_Handler)
    NVIC_Init                                0x08001509   Thumb Code   100  misc.o(i.NVIC_Init)
    PendSV_Handler                           0x08001579   Thumb Code     2  stm32f10x_it.o(i.PendSV_Handler)
    RCC_APB1PeriphClockCmd                   0x0800157d   Thumb Code    26  stm32f10x_rcc.o(i.RCC_APB1PeriphClockCmd)
    RCC_APB2PeriphClockCmd                   0x0800159d   Thumb Code    26  stm32f10x_rcc.o(i.RCC_APB2PeriphClockCmd)
    RCC_GetClocksFreq                        0x080015bd   Thumb Code   192  stm32f10x_rcc.o(i.RCC_GetClocksFreq)
    RGB_Init                                 0x08001691   Thumb Code    46  rgb.o(i.RGB_Init)
    SPI2_Init                                0x080016c5   Thumb Code   148  spi.o(i.SPI2_Init)
    SPI_Cmd                                  0x08001761   Thumb Code    24  stm32f10x_spi.o(i.SPI_Cmd)
    SPI_Init                                 0x08001779   Thumb Code    60  stm32f10x_spi.o(i.SPI_Init)
    SPI_WriteByte                            0x080017b5   Thumb Code    34  spi.o(i.SPI_WriteByte)
    SVC_Handler                              0x080017d7   Thumb Code     2  stm32f10x_it.o(i.SVC_Handler)
    Show_Str                                 0x080018c1   Thumb Code   264  gui.o(i.Show_Str)
    SysTick_CLKSourceConfig                  0x080019cd   Thumb Code    40  misc.o(i.SysTick_CLKSourceConfig)
    SysTick_Handler                          0x080019f5   Thumb Code     2  stm32f10x_it.o(i.SysTick_Handler)
    SystemInit                               0x080019f9   Thumb Code    78  system_stm32f10x.o(i.SystemInit)
    TP_Adj_Info_Show                         0x08001a59   Thumb Code   322  touch.o(i.TP_Adj_Info_Show)
    TP_Adjust                                0x08001bcd   Thumb Code  2268  touch.o(i.TP_Adjust)
    TP_Drow_Touch_Point                      0x080024a9   Thumb Code   116  touch.o(i.TP_Drow_Touch_Point)
    TP_Get_Adjdata                           0x08002521   Thumb Code   152  touch.o(i.TP_Get_Adjdata)
    TP_Init                                  0x080025c9   Thumb Code   106  touch.o(i.TP_Init)
    TP_Read_AD                               0x0800263d   Thumb Code   126  touch.o(i.TP_Read_AD)
    TP_Read_XOY                              0x080026c5   Thumb Code   120  touch.o(i.TP_Read_XOY)
    TP_Read_XY                               0x0800273d   Thumb Code    38  touch.o(i.TP_Read_XY)
    TP_Read_XY2                              0x0800276d   Thumb Code   192  touch.o(i.TP_Read_XY2)
    TP_Save_Adjdata                          0x0800282d   Thumb Code   110  touch.o(i.TP_Save_Adjdata)
    TP_Scan                                  0x080028a5   Thumb Code   244  touch.o(i.TP_Scan)
    TP_Write_Byte                            0x080029a1   Thumb Code    56  touch.o(i.TP_Write_Byte)
    USART1_IRQHandler                        0x080029e1   Thumb Code   122  usart.o(i.USART1_IRQHandler)
    USART_Cmd                                0x08002a69   Thumb Code    24  stm32f10x_usart.o(i.USART_Cmd)
    USART_GetITStatus                        0x08002a81   Thumb Code    84  stm32f10x_usart.o(i.USART_GetITStatus)
    USART_ITConfig                           0x08002ad5   Thumb Code    74  stm32f10x_usart.o(i.USART_ITConfig)
    USART_Init                               0x08002b21   Thumb Code   210  stm32f10x_usart.o(i.USART_Init)
    USART_ReceiveData                        0x08002bf9   Thumb Code    10  stm32f10x_usart.o(i.USART_ReceiveData)
    UsageFault_Handler                       0x08002c03   Thumb Code     4  stm32f10x_it.o(i.UsageFault_Handler)
    _draw_circle_8                           0x08002c07   Thumb Code   132  gui.o(i._draw_circle_8)
    _sys_exit                                0x08002c8b   Thumb Code     4  usart.o(i._sys_exit)
    delay_init                               0x08002c91   Thumb Code    50  delay.o(i.delay_init)
    delay_ms                                 0x08002cd5   Thumb Code    72  delay.o(i.delay_ms)
    delay_us                                 0x08002d21   Thumb Code    72  delay.o(i.delay_us)
    fputc                                    0x08002d6d   Thumb Code    24  usart.o(i.fputc)
    gui_circle                               0x08002d89   Thumb Code   154  gui.o(i.gui_circle)
    main                                     0x08002e25   Thumb Code   388  main.o(i.main)
    mypow                                    0x08002ff9   Thumb Code    22  gui.o(i.mypow)
    sqrt                                     0x0800300f   Thumb Code    76  sqrt.o(i.sqrt)
    uart_init                                0x0800305d   Thumb Code   152  usart.o(i.uart_init)
    __fpl_dcmp_Inf                           0x080030fd   Thumb Code    24  dcmpi.o(x$fpl$dcmpinf)
    __aeabi_d2uiz                            0x08003115   Thumb Code     0  dfixu.o(x$fpl$dfixu)
    _dfixu                                   0x08003115   Thumb Code    90  dfixu.o(x$fpl$dfixu)
    __aeabi_ui2d                             0x0800316f   Thumb Code     0  dflt_clz.o(x$fpl$dfltu)
    _dfltu                                   0x0800316f   Thumb Code    38  dflt_clz.o(x$fpl$dfltu)
    __aeabi_cdcmple                          0x08003195   Thumb Code     0  dleqf.o(x$fpl$dleqf)
    _dcmple                                  0x08003195   Thumb Code   120  dleqf.o(x$fpl$dleqf)
    __fpl_dcmple_InfNaN                      0x080031f7   Thumb Code     0  dleqf.o(x$fpl$dleqf)
    __fpl_dnaninf                            0x0800320d   Thumb Code   156  dnaninf.o(x$fpl$dnaninf)
    __fpl_dretinf                            0x080032a9   Thumb Code    12  dretinf.o(x$fpl$dretinf)
    __aeabi_cdrcmple                         0x080032b5   Thumb Code     0  drleqf.o(x$fpl$drleqf)
    _drcmple                                 0x080032b5   Thumb Code   108  drleqf.o(x$fpl$drleqf)
    _dsqrt                                   0x08003321   Thumb Code   456  dsqrt_noumaal.o(x$fpl$dsqrt)
    __aeabi_f2d                              0x080034ed   Thumb Code     0  f2d.o(x$fpl$f2d)
    _f2d                                     0x080034ed   Thumb Code    86  f2d.o(x$fpl$f2d)
    __aeabi_fadd                             0x08003545   Thumb Code     0  faddsub_clz.o(x$fpl$fadd)
    _fadd                                    0x08003545   Thumb Code   196  faddsub_clz.o(x$fpl$fadd)
    __aeabi_fdiv                             0x08003609   Thumb Code     0  fdiv.o(x$fpl$fdiv)
    _fdiv                                    0x08003609   Thumb Code   384  fdiv.o(x$fpl$fdiv)
    __aeabi_f2iz                             0x0800378d   Thumb Code     0  ffix.o(x$fpl$ffix)
    _ffix                                    0x0800378d   Thumb Code    54  ffix.o(x$fpl$ffix)
    __aeabi_f2uiz                            0x080037c5   Thumb Code     0  ffixu.o(x$fpl$ffixu)
    _ffixu                                   0x080037c5   Thumb Code    62  ffixu.o(x$fpl$ffixu)
    __aeabi_i2f                              0x08003805   Thumb Code     0  fflt_clz.o(x$fpl$fflt)
    _fflt                                    0x08003805   Thumb Code    48  fflt_clz.o(x$fpl$fflt)
    __aeabi_ui2f                             0x08003835   Thumb Code     0  fflt_clz.o(x$fpl$ffltu)
    _ffltu                                   0x08003835   Thumb Code    38  fflt_clz.o(x$fpl$ffltu)
    __aeabi_fmul                             0x0800385d   Thumb Code     0  fmul.o(x$fpl$fmul)
    _fmul                                    0x0800385d   Thumb Code   258  fmul.o(x$fpl$fmul)
    __fpl_fnaninf                            0x0800395f   Thumb Code   140  fnaninf.o(x$fpl$fnaninf)
    __fpl_fretinf                            0x080039eb   Thumb Code    10  fretinf.o(x$fpl$fretinf)
    __aeabi_fsub                             0x080039f5   Thumb Code     0  faddsub_clz.o(x$fpl$fsub)
    _fsub                                    0x080039f5   Thumb Code   234  faddsub_clz.o(x$fpl$fsub)
    __I$use$fp                               0x08003ade   Number         0  usenofp.o(x$fpl$usenofp)
    asc2_1206                                0x08003ade   Data        1140  gui.o(.constdata)
    asc2_1608                                0x08003f52   Data        1520  gui.o(.constdata)
    tfont16                                  0x08004542   Data         578  gui.o(.constdata)
    tfont24                                  0x08004784   Data         370  gui.o(.constdata)
    tfont32                                  0x080048f6   Data         520  gui.o(.constdata)
    Region$$Table$$Base                      0x08004b7c   Number         0  anon$$obj.o(Region$$Table)
    Region$$Table$$Limit                     0x08004b9c   Number         0  anon$$obj.o(Region$$Table)
    SystemCoreClock                          0x20000000   Data           4  system_stm32f10x.o(.data)
    AHBPrescTable                            0x20000004   Data          16  system_stm32f10x.o(.data)
    POINT_COLOR                              0x20000014   Data           2  lcd.o(.data)
    BACK_COLOR                               0x20000016   Data           2  lcd.o(.data)
    DeviceCode                               0x20000018   Data           2  lcd.o(.data)
    tp_dev                                   0x2000001c   Data          40  touch.o(.data)
    CMD_RDX                                  0x20000044   Data           1  touch.o(.data)
    CMD_RDY                                  0x20000045   Data           1  touch.o(.data)
    TP_REMIND_MSG_TBL                        0x20000048   Data           4  touch.o(.data)
    __stdout                                 0x20000050   Data           4  usart.o(.data)
    USART_RX_STA                             0x20000054   Data           2  usart.o(.data)
    lcddev                                   0x2000006c   Data          14  lcd.o(.bss)
    USART_RX_BUF                             0x2000007a   Data         200  usart.o(.bss)
    __libspace_start                         0x20000144   Data          96  libspace.o(.bss)
    __temporary_stack_top$libspace           0x200001a4   Data           0  libspace.o(.bss)



==============================================================================

Memory Map of the image

  Image Entry point : 0x080001cd

  Load Region LR_1 (Base: 0x08000000, Size: 0x00004c08, Max: 0xffffffff, ABSOLUTE)

    Execution Region ER_RO (Base: 0x08000000, Size: 0x00004b9c, Max: 0xffffffff, ABSOLUTE)

    Base Addr    Size         Type   Attr      Idx    E Section Name        Object

    0x08000000   0x00000130   Data   RO          897    RESET               startup_stm32f10x_hd.o
    0x08000130   0x00000008   Code   RO         1612  * !!!main             c_w.l(__main.o)
    0x08000138   0x00000034   Code   RO         1847    !!!scatter          c_w.l(__scatter.o)
    0x0800016c   0x0000001a   Code   RO         1849    !!handler_copy      c_w.l(__scatter_copy.o)
    0x08000186   0x00000002   PAD
    0x08000188   0x0000001c   Code   RO         1851    !!handler_zi        c_w.l(__scatter_zi.o)
    0x080001a4   0x00000002   Code   RO         1724    .ARM.Collect$$libinit$$00000000  c_w.l(libinit.o)
    0x080001a6   0x00000000   Code   RO         1728    .ARM.Collect$$libinit$$00000002  c_w.l(libinit2.o)
    0x080001a6   0x00000000   Code   RO         1730    .ARM.Collect$$libinit$$00000004  c_w.l(libinit2.o)
    0x080001a6   0x00000000   Code   RO         1733    .ARM.Collect$$libinit$$0000000A  c_w.l(libinit2.o)
    0x080001a6   0x00000000   Code   RO         1735    .ARM.Collect$$libinit$$0000000C  c_w.l(libinit2.o)
    0x080001a6   0x00000000   Code   RO         1737    .ARM.Collect$$libinit$$0000000E  c_w.l(libinit2.o)
    0x080001a6   0x00000000   Code   RO         1740    .ARM.Collect$$libinit$$00000011  c_w.l(libinit2.o)
    0x080001a6   0x00000000   Code   RO         1742    .ARM.Collect$$libinit$$00000013  c_w.l(libinit2.o)
    0x080001a6   0x00000000   Code   RO         1744    .ARM.Collect$$libinit$$00000015  c_w.l(libinit2.o)
    0x080001a6   0x00000000   Code   RO         1746    .ARM.Collect$$libinit$$00000017  c_w.l(libinit2.o)
    0x080001a6   0x00000000   Code   RO         1748    .ARM.Collect$$libinit$$00000019  c_w.l(libinit2.o)
    0x080001a6   0x00000000   Code   RO         1750    .ARM.Collect$$libinit$$0000001B  c_w.l(libinit2.o)
    0x080001a6   0x00000000   Code   RO         1752    .ARM.Collect$$libinit$$0000001D  c_w.l(libinit2.o)
    0x080001a6   0x00000000   Code   RO         1754    .ARM.Collect$$libinit$$0000001F  c_w.l(libinit2.o)
    0x080001a6   0x00000000   Code   RO         1756    .ARM.Collect$$libinit$$00000021  c_w.l(libinit2.o)
    0x080001a6   0x00000000   Code   RO         1758    .ARM.Collect$$libinit$$00000023  c_w.l(libinit2.o)
    0x080001a6   0x00000000   Code   RO         1760    .ARM.Collect$$libinit$$00000025  c_w.l(libinit2.o)
    0x080001a6   0x00000000   Code   RO         1764    .ARM.Collect$$libinit$$0000002C  c_w.l(libinit2.o)
    0x080001a6   0x00000000   Code   RO         1766    .ARM.Collect$$libinit$$0000002E  c_w.l(libinit2.o)
    0x080001a6   0x00000000   Code   RO         1768    .ARM.Collect$$libinit$$00000030  c_w.l(libinit2.o)
    0x080001a6   0x00000000   Code   RO         1770    .ARM.Collect$$libinit$$00000032  c_w.l(libinit2.o)
    0x080001a6   0x00000002   Code   RO         1771    .ARM.Collect$$libinit$$00000033  c_w.l(libinit2.o)
    0x080001a8   0x00000002   Code   RO         1789    .ARM.Collect$$libshutdown$$00000000  c_w.l(libshutdown.o)
    0x080001aa   0x00000000   Code   RO         1799    .ARM.Collect$$libshutdown$$00000002  c_w.l(libshutdown2.o)
    0x080001aa   0x00000000   Code   RO         1801    .ARM.Collect$$libshutdown$$00000004  c_w.l(libshutdown2.o)
    0x080001aa   0x00000000   Code   RO         1804    .ARM.Collect$$libshutdown$$00000007  c_w.l(libshutdown2.o)
    0x080001aa   0x00000000   Code   RO         1807    .ARM.Collect$$libshutdown$$0000000A  c_w.l(libshutdown2.o)
    0x080001aa   0x00000000   Code   RO         1809    .ARM.Collect$$libshutdown$$0000000C  c_w.l(libshutdown2.o)
    0x080001aa   0x00000000   Code   RO         1812    .ARM.Collect$$libshutdown$$0000000F  c_w.l(libshutdown2.o)
    0x080001aa   0x00000002   Code   RO         1813    .ARM.Collect$$libshutdown$$00000010  c_w.l(libshutdown2.o)
    0x080001ac   0x00000000   Code   RO         1666    .ARM.Collect$$rtentry$$00000000  c_w.l(__rtentry.o)
    0x080001ac   0x00000000   Code   RO         1685    .ARM.Collect$$rtentry$$00000002  c_w.l(__rtentry2.o)
    0x080001ac   0x00000006   Code   RO         1697    .ARM.Collect$$rtentry$$00000004  c_w.l(__rtentry4.o)
    0x080001b2   0x00000000   Code   RO         1687    .ARM.Collect$$rtentry$$00000009  c_w.l(__rtentry2.o)
    0x080001b2   0x00000004   Code   RO         1688    .ARM.Collect$$rtentry$$0000000A  c_w.l(__rtentry2.o)
    0x080001b6   0x00000000   Code   RO         1690    .ARM.Collect$$rtentry$$0000000C  c_w.l(__rtentry2.o)
    0x080001b6   0x00000008   Code   RO         1691    .ARM.Collect$$rtentry$$0000000D  c_w.l(__rtentry2.o)
    0x080001be   0x00000002   Code   RO         1725    .ARM.Collect$$rtexit$$00000000  c_w.l(rtexit.o)
    0x080001c0   0x00000000   Code   RO         1773    .ARM.Collect$$rtexit$$00000002  c_w.l(rtexit2.o)
    0x080001c0   0x00000004   Code   RO         1774    .ARM.Collect$$rtexit$$00000003  c_w.l(rtexit2.o)
    0x080001c4   0x00000006   Code   RO         1775    .ARM.Collect$$rtexit$$00000004  c_w.l(rtexit2.o)
    0x080001ca   0x00000002   PAD
    0x080001cc   0x00000040   Code   RO          898  * .text               startup_stm32f10x_hd.o
    0x0800020c   0x00000002   Code   RO         1602    .text               c_w.l(use_no_semi_2.o)
    0x0800020e   0x00000002   PAD
    0x08000210   0x00000018   Code   RO         1606    .text               c_w.l(noretval__2printf.o)
    0x08000228   0x0000003e   Code   RO         1608    .text               c_w.l(strlen.o)
    0x08000266   0x00000006   Code   RO         1610    .text               c_w.l(heapauxi.o)
    0x0800026c   0x00000002   Code   RO         1664    .text               c_w.l(use_no_semi.o)
    0x0800026e   0x00000016   Code   RO         1667    .text               c_w.l(_rserrno.o)
    0x08000284   0x00000024   Code   RO         1669    .text               c_w.l(_printf_char_file.o)
    0x080002a8   0x00000008   Code   RO         1702    .text               c_w.l(rt_errno_addr_intlibspace.o)
    0x080002b0   0x00000030   Code   RO         1704    .text               c_w.l(_printf_char_common.o)
    0x080002e0   0x00000008   Code   RO         1706    .text               c_w.l(ferror.o)
    0x080002e8   0x00000008   Code   RO         1710    .text               c_w.l(libspace.o)
    0x080002f0   0x0000004a   Code   RO         1713    .text               c_w.l(sys_stackheap_outer.o)
    0x0800033a   0x00000028   Code   RO         1715    .text               c_w.l(__printf_nopercent.o)
    0x08000362   0x00000012   Code   RO         1717    .text               c_w.l(exit.o)
    0x08000374   0x00000008   Code   RO          427    i.AT24CXX_Init      24cxx.o
    0x0800037c   0x0000002c   Code   RO          429    i.AT24CXX_ReadLenByte  24cxx.o
    0x080003a8   0x00000058   Code   RO          430    i.AT24CXX_ReadOneByte  24cxx.o
    0x08000400   0x0000002a   Code   RO          432    i.AT24CXX_WriteLenByte  24cxx.o
    0x0800042a   0x00000050   Code   RO          433    i.AT24CXX_WriteOneByte  24cxx.o
    0x0800047a   0x00000004   Code   RO          151    i.BusFault_Handler  stm32f10x_it.o
    0x0800047e   0x00000002   Code   RO          152    i.DebugMon_Handler  stm32f10x_it.o
    0x08000480   0x000000a4   Code   RO            1    i.DrawTestPage      main.o
    0x08000524   0x00000116   Code   RO          944    i.GPIO_Init         stm32f10x_gpio.o
    0x0800063a   0x00000012   Code   RO          948    i.GPIO_ReadInputDataBit  stm32f10x_gpio.o
    0x0800064c   0x00000004   Code   RO          952    i.GPIO_SetBits      stm32f10x_gpio.o
    0x08000650   0x00000108   Code   RO          276    i.GUI_DrawFont16    gui.o
    0x08000758   0x00000118   Code   RO          277    i.GUI_DrawFont24    gui.o
    0x08000870   0x00000108   Code   RO          278    i.GUI_DrawFont32    gui.o
    0x08000978   0x00000018   Code   RO          279    i.GUI_DrawPoint     gui.o
    0x08000990   0x00000040   Code   RO          282    i.Gui_StrCenter     gui.o
    0x080009d0   0x00000004   Code   RO          153    i.HardFault_Handler  stm32f10x_it.o
    0x080009d4   0x00000050   Code   RO          486    i.IIC_Ack           myiic.o
    0x08000a24   0x00000034   Code   RO          487    i.IIC_Init          myiic.o
    0x08000a58   0x00000050   Code   RO          488    i.IIC_NAck          myiic.o
    0x08000aa8   0x00000070   Code   RO          489    i.IIC_Read_Byte     myiic.o
    0x08000b18   0x00000068   Code   RO          490    i.IIC_Send_Byte     myiic.o
    0x08000b80   0x0000004c   Code   RO          491    i.IIC_Start         myiic.o
    0x08000bcc   0x0000004c   Code   RO          492    i.IIC_Stop          myiic.o
    0x08000c18   0x00000064   Code   RO          493    i.IIC_Wait_Ack      myiic.o
    0x08000c7c   0x0000003c   Code   RO          540    i.KEY_Init          key.o
    0x08000cb8   0x00000060   Code   RO          541    i.KEY_Scan          key.o
    0x08000d18   0x00000060   Code   RO          558    i.LCD_Clear         lcd.o
    0x08000d78   0x000000b0   Code   RO          284    i.LCD_DrawLine      gui.o
    0x08000e28   0x0000001c   Code   RO          559    i.LCD_DrawPoint     lcd.o
    0x08000e44   0x00000074   Code   RO          286    i.LCD_Fill          gui.o
    0x08000eb8   0x0000002c   Code   RO          560    i.LCD_GPIOInit      lcd.o
    0x08000ee4   0x00000204   Code   RO          561    i.LCD_Init          lcd.o
    0x080010e8   0x00000028   Code   RO          562    i.LCD_RESET         lcd.o
    0x08001110   0x00000014   Code   RO          563    i.LCD_SetCursor     lcd.o
    0x08001124   0x00000058   Code   RO          564    i.LCD_SetWindows    lcd.o
    0x0800117c   0x00000124   Code   RO          287    i.LCD_ShowChar      gui.o
    0x080012a0   0x000000b0   Code   RO          288    i.LCD_ShowNum       gui.o
    0x08001350   0x0000006c   Code   RO          289    i.LCD_ShowString    gui.o
    0x080013bc   0x00000030   Code   RO          565    i.LCD_WR_DATA       lcd.o
    0x080013ec   0x0000002c   Code   RO          566    i.LCD_WR_REG        lcd.o
    0x08001418   0x00000010   Code   RO          567    i.LCD_WriteRAM_Prepare  lcd.o
    0x08001428   0x00000014   Code   RO          568    i.LCD_WriteReg      lcd.o
    0x0800143c   0x0000008c   Code   RO          569    i.LCD_direction     lcd.o
    0x080014c8   0x00000038   Code   RO          570    i.Lcd_WriteData_16Bit  lcd.o
    0x08001500   0x00000004   Code   RO          154    i.MemManage_Handler  stm32f10x_it.o
    0x08001504   0x00000002   Code   RO          155    i.NMI_Handler       stm32f10x_it.o
    0x08001506   0x00000002   PAD
    0x08001508   0x00000070   Code   RO          902    i.NVIC_Init         misc.o
    0x08001578   0x00000002   Code   RO          156    i.PendSV_Handler    stm32f10x_it.o
    0x0800157a   0x00000002   PAD
    0x0800157c   0x00000020   Code   RO         1078    i.RCC_APB1PeriphClockCmd  stm32f10x_rcc.o
    0x0800159c   0x00000020   Code   RO         1080    i.RCC_APB2PeriphClockCmd  stm32f10x_rcc.o
    0x080015bc   0x000000d4   Code   RO         1088    i.RCC_GetClocksFreq  stm32f10x_rcc.o
    0x08001690   0x00000034   Code   RO          777    i.RGB_Init          rgb.o
    0x080016c4   0x0000009c   Code   RO          750    i.SPI2_Init         spi.o
    0x08001760   0x00000018   Code   RO         1461    i.SPI_Cmd           stm32f10x_spi.o
    0x08001778   0x0000003c   Code   RO         1474    i.SPI_Init          stm32f10x_spi.o
    0x080017b4   0x00000022   Code   RO          752    i.SPI_WriteByte     spi.o
    0x080017d6   0x00000002   Code   RO          157    i.SVC_Handler       stm32f10x_it.o
    0x080017d8   0x00000008   Code   RO          240    i.SetSysClock       system_stm32f10x.o
    0x080017e0   0x000000e0   Code   RO          241    i.SetSysClockTo72   system_stm32f10x.o
    0x080018c0   0x0000010c   Code   RO          290    i.Show_Str          gui.o
    0x080019cc   0x00000028   Code   RO          906    i.SysTick_CLKSourceConfig  misc.o
    0x080019f4   0x00000002   Code   RO          158    i.SysTick_Handler   stm32f10x_it.o
    0x080019f6   0x00000002   PAD
    0x080019f8   0x00000060   Code   RO          243    i.SystemInit        system_stm32f10x.o
    0x08001a58   0x00000174   Code   RO          652    i.TP_Adj_Info_Show  touch.o
    0x08001bcc   0x000008dc   Code   RO          653    i.TP_Adjust         touch.o
    0x080024a8   0x00000078   Code   RO          655    i.TP_Drow_Touch_Point  touch.o
    0x08002520   0x000000a8   Code   RO          656    i.TP_Get_Adjdata    touch.o
    0x080025c8   0x00000074   Code   RO          657    i.TP_Init           touch.o
    0x0800263c   0x00000088   Code   RO          658    i.TP_Read_AD        touch.o
    0x080026c4   0x00000078   Code   RO          659    i.TP_Read_XOY       touch.o
    0x0800273c   0x00000030   Code   RO          660    i.TP_Read_XY        touch.o
    0x0800276c   0x000000c0   Code   RO          661    i.TP_Read_XY2       touch.o
    0x0800282c   0x00000078   Code   RO          662    i.TP_Save_Adjdata   touch.o
    0x080028a4   0x000000fc   Code   RO          663    i.TP_Scan           touch.o
    0x080029a0   0x00000040   Code   RO          664    i.TP_Write_Byte     touch.o
    0x080029e0   0x00000088   Code   RO          844    i.USART1_IRQHandler  usart.o
    0x08002a68   0x00000018   Code   RO         1280    i.USART_Cmd         stm32f10x_usart.o
    0x08002a80   0x00000054   Code   RO         1284    i.USART_GetITStatus  stm32f10x_usart.o
    0x08002ad4   0x0000004a   Code   RO         1286    i.USART_ITConfig    stm32f10x_usart.o
    0x08002b1e   0x00000002   PAD
    0x08002b20   0x000000d8   Code   RO         1287    i.USART_Init        stm32f10x_usart.o
    0x08002bf8   0x0000000a   Code   RO         1294    i.USART_ReceiveData  stm32f10x_usart.o
    0x08002c02   0x00000004   Code   RO          159    i.UsageFault_Handler  stm32f10x_it.o
    0x08002c06   0x00000084   Code   RO          291    i._draw_circle_8    gui.o
    0x08002c8a   0x00000004   Code   RO          845    i._sys_exit         usart.o
    0x08002c8e   0x00000002   PAD
    0x08002c90   0x00000044   Code   RO          789    i.delay_init        delay.o
    0x08002cd4   0x0000004c   Code   RO          790    i.delay_ms          delay.o
    0x08002d20   0x0000004c   Code   RO          791    i.delay_us          delay.o
    0x08002d6c   0x0000001c   Code   RO          846    i.fputc             usart.o
    0x08002d88   0x0000009a   Code   RO          293    i.gui_circle        gui.o
    0x08002e22   0x00000002   PAD
    0x08002e24   0x000001d4   Code   RO            2    i.main              main.o
    0x08002ff8   0x00000016   Code   RO          294    i.mypow             gui.o
    0x0800300e   0x0000004c   Code   RO         1657    i.sqrt              m_ws.l(sqrt.o)
    0x0800305a   0x00000002   PAD
    0x0800305c   0x000000a0   Code   RO          847    i.uart_init         usart.o
    0x080030fc   0x00000018   Code   RO         1671    x$fpl$dcmpinf       fz_ws.l(dcmpi.o)
    0x08003114   0x0000005a   Code   RO         1614    x$fpl$dfixu         fz_ws.l(dfixu.o)
    0x0800316e   0x00000026   Code   RO         1618    x$fpl$dfltu         fz_ws.l(dflt_clz.o)
    0x08003194   0x00000078   Code   RO         1624    x$fpl$dleqf         fz_ws.l(dleqf.o)
    0x0800320c   0x0000009c   Code   RO         1673    x$fpl$dnaninf       fz_ws.l(dnaninf.o)
    0x080032a8   0x0000000c   Code   RO         1675    x$fpl$dretinf       fz_ws.l(dretinf.o)
    0x080032b4   0x0000006c   Code   RO         1626    x$fpl$drleqf        fz_ws.l(drleqf.o)
    0x08003320   0x000001cc   Code   RO         1677    x$fpl$dsqrt         fz_ws.l(dsqrt_noumaal.o)
    0x080034ec   0x00000056   Code   RO         1628    x$fpl$f2d           fz_ws.l(f2d.o)
    0x08003542   0x00000002   PAD
    0x08003544   0x000000c4   Code   RO         1630    x$fpl$fadd          fz_ws.l(faddsub_clz.o)
    0x08003608   0x00000184   Code   RO         1637    x$fpl$fdiv          fz_ws.l(fdiv.o)
    0x0800378c   0x00000036   Code   RO         1640    x$fpl$ffix          fz_ws.l(ffix.o)
    0x080037c2   0x00000002   PAD
    0x080037c4   0x0000003e   Code   RO         1644    x$fpl$ffixu         fz_ws.l(ffixu.o)
    0x08003802   0x00000002   PAD
    0x08003804   0x00000030   Code   RO         1649    x$fpl$fflt          fz_ws.l(fflt_clz.o)
    0x08003834   0x00000026   Code   RO         1648    x$fpl$ffltu         fz_ws.l(fflt_clz.o)
    0x0800385a   0x00000002   PAD
    0x0800385c   0x00000102   Code   RO         1654    x$fpl$fmul          fz_ws.l(fmul.o)
    0x0800395e   0x0000008c   Code   RO         1679    x$fpl$fnaninf       fz_ws.l(fnaninf.o)
    0x080039ea   0x0000000a   Code   RO         1681    x$fpl$fretinf       fz_ws.l(fretinf.o)
    0x080039f4   0x000000ea   Code   RO         1632    x$fpl$fsub          fz_ws.l(faddsub_clz.o)
    0x08003ade   0x00000000   Code   RO         1683    x$fpl$usenofp       fz_ws.l(usenofp.o)
    0x08003ade   0x00001020   Data   RO          295    .constdata          gui.o
    0x08004afe   0x00000002   PAD
    0x08004b00   0x00000079   Data   RO          665    .conststring        touch.o
    0x08004b79   0x00000003   PAD
    0x08004b7c   0x00000020   Data   RO         1845    Region$$Table       anon$$obj.o


    Execution Region ER_RW (Base: 0x20000000, Size: 0x0000006c, Max: 0xffffffff, ABSOLUTE)

    Base Addr    Size         Type   Attr      Idx    E Section Name        Object

    0x20000000   0x00000014   Data   RW          244    .data               system_stm32f10x.o
    0x20000014   0x00000006   Data   RW          572    .data               lcd.o
    0x2000001a   0x00000002   PAD
    0x2000001c   0x00000030   Data   RW          666    .data               touch.o
    0x2000004c   0x00000004   Data   RW          792    .data               delay.o
    0x20000050   0x00000006   Data   RW          849    .data               usart.o
    0x20000056   0x00000014   Data   RW         1108    .data               stm32f10x_rcc.o


    Execution Region ER_ZI (Base: 0x2000006c, Size: 0x0000073c, Max: 0xffffffff, ABSOLUTE)

    Base Addr    Size         Type   Attr      Idx    E Section Name        Object

    0x2000006c   0x0000000e   Zero   RW          571    .bss                lcd.o
    0x2000007a   0x000000c8   Zero   RW          848    .bss                usart.o
    0x20000142   0x00000002   PAD
    0x20000144   0x00000060   Zero   RW         1711    .bss                c_w.l(libspace.o)
    0x200001a4   0x00000004   PAD
    0x200001a8   0x00000200   Zero   RW          896    HEAP                startup_stm32f10x_hd.o
    0x200003a8   0x00000400   Zero   RW          895    STACK               startup_stm32f10x_hd.o


==============================================================================

Image component sizes


      Code (inc. data)   RO Data    RW Data    ZI Data      Debug   Object Name

       262          0          0          0          0       3077   24cxx.o
       220         26          0          4          0       1767   delay.o
      2340         88       4128          0          0      12750   gui.o
       156         16          0          0          0       1062   key.o
      1156         68          0          6         14       8989   lcd.o
       632        124          0          0          0     241122   main.o
       152         12          0          0          0       1574   misc.o
       680        102          0          0          0       4338   myiic.o
        52          6          0          0          0        495   rgb.o
       190          8          0          0          0       1484   spi.o
        64         26        304          0       1536        800   startup_stm32f10x_hd.o
       300          0          0          0          0       3167   stm32f10x_gpio.o
        26          0          0          0          0       3802   stm32f10x_it.o
       276         32          0         20          0       4490   stm32f10x_rcc.o
        84          0          0          0          0       2165   stm32f10x_spi.o
       408          6          0          0          0       5070   stm32f10x_usart.o
         0          0          0          0          0         32   sys.o
       328         28          0         20          0       2137   system_stm32f10x.o
      3976        368        121         48          0      10337   touch.o
       328         26          0          6        200       4180   usart.o

    ----------------------------------------------------------------------
     11642        936       4590        108       1752     312838   Object Totals
         0          0         32          0          0          0   (incl. Generated)
        12          0          5          4          2          0   (incl. Padding)

    ----------------------------------------------------------------------

      Code (inc. data)   RO Data    RW Data    ZI Data      Debug   Library Member Name

         8          0          0          0          0         68   __main.o
        40          0          0          0          0         84   __printf_nopercent.o
         0          0          0          0          0          0   __rtentry.o
        12          0          0          0          0          0   __rtentry2.o
         6          0          0          0          0          0   __rtentry4.o
        52          8          0          0          0          0   __scatter.o
        26          0          0          0          0          0   __scatter_copy.o
        28          0          0          0          0          0   __scatter_zi.o
        48          6          0          0          0         96   _printf_char_common.o
        36          4          0          0          0         80   _printf_char_file.o
        22          0          0          0          0        100   _rserrno.o
        18          0          0          0          0         80   exit.o
         8          0          0          0          0         68   ferror.o
         6          0          0          0          0        152   heapauxi.o
         2          0          0          0          0          0   libinit.o
         2          0          0          0          0          0   libinit2.o
         2          0          0          0          0          0   libshutdown.o
         2          0          0          0          0          0   libshutdown2.o
         8          4          0          0         96         68   libspace.o
        24          4          0          0          0         84   noretval__2printf.o
         8          4          0          0          0         68   rt_errno_addr_intlibspace.o
         2          0          0          0          0          0   rtexit.o
        10          0          0          0          0          0   rtexit2.o
        62          0          0          0          0         76   strlen.o
        74          0          0          0          0         80   sys_stackheap_outer.o
         2          0          0          0          0         68   use_no_semi.o
         2          0          0          0          0         68   use_no_semi_2.o
        24          0          0          0          0         68   dcmpi.o
        90          4          0          0          0         92   dfixu.o
        38          0          0          0          0         68   dflt_clz.o
       120          4          0          0          0         92   dleqf.o
       156          4          0          0          0         92   dnaninf.o
        12          0          0          0          0         68   dretinf.o
       108          0          0          0          0         80   drleqf.o
       460         56          0          0          0        120   dsqrt_noumaal.o
        86          4          0          0          0         84   f2d.o
       430          8          0          0          0        168   faddsub_clz.o
       388         76          0          0          0         96   fdiv.o
        54          4          0          0          0         84   ffix.o
        62          4          0          0          0         84   ffixu.o
        86          0          0          0          0        136   fflt_clz.o
       258          4          0          0          0         84   fmul.o
       140          4          0          0          0         84   fnaninf.o
        10          0          0          0          0         68   fretinf.o
         0          0          0          0          0          0   usenofp.o
        76          0          0          0          0         84   sqrt.o

    ----------------------------------------------------------------------
      3124        202          0          0        100       2892   Library Totals
        16          0          0          0          4          0   (incl. Padding)

    ----------------------------------------------------------------------

      Code (inc. data)   RO Data    RW Data    ZI Data      Debug   Library Name

       510         30          0          0         96       1240   c_w.l
      2522        172          0          0          0       1568   fz_ws.l
        76          0          0          0          0         84   m_ws.l

    ----------------------------------------------------------------------
      3124        202          0          0        100       2892   Library Totals

    ----------------------------------------------------------------------

==============================================================================


      Code (inc. data)   RO Data    RW Data    ZI Data      Debug   

     14766       1138       4590        108       1852     309538   Grand Totals
     14766       1138       4590        108       1852     309538   ELF Image Totals
     14766       1138       4590        108          0          0   ROM Totals

==============================================================================

    Total RO  Size (Code + RO Data)                19356 (  18.90kB)
    Total RW  Size (RW Data + ZI Data)              1960 (   1.91kB)
    Total ROM Size (Code + RO Data + RW Data)      19464 (  19.01kB)

==============================================================================

