Component: ARM Compiler 5.06 update 6 (build 750) Tool: armlink [4d35ed]

==============================================================================

Section Cross References

    main.o(.text) refers to _printf_percent.o(.ARM.Collect$$_printf_percent$$00000000) for _printf_percent
    main.o(.text) refers to _printf_f.o(.ARM.Collect$$_printf_percent$$00000003) for _printf_f
    main.o(.text) refers to printf1.o(x$fpl$printf1) for _printf_fp_dec
    main.o(.text) refers to faddsub_clz.o(x$fpl$fadd) for __aeabi_fadd
    main.o(.text) refers to os_cpu_a.o(.text) for OS_CPU_SR_Save
    main.o(.text) refers to f2d.o(x$fpl$f2d) for __aeabi_f2d
    main.o(.text) refers to noretval__2printf.o(.text) for __2printf
    main.o(.text) refers to delay.o(.text) for delay_ms
    main.o(.text) refers to os_core.o(.text) for OSStatInit
    main.o(.text) refers to os_task.o(.text) for OSTaskCreate
    main.o(.text) refers to misc.o(.text) for NVIC_PriorityGroupConfig
    main.o(.text) refers to usart.o(.text) for uart_init
    main.o(.text) refers to led.o(.text) for LED_Init
    main.o(.text) refers to main.o(.data) for float_num
    main.o(.text) refers to main.o(.bss) for LED0_TASK_STK
    system_stm32f10x.o(.text) refers to system_stm32f10x.o(.data) for SystemCoreClock
    led.o(.text) refers to stm32f10x_rcc.o(.text) for RCC_APB2PeriphClockCmd
    led.o(.text) refers to stm32f10x_gpio.o(.text) for GPIO_Init
    key.o(.text) refers to stm32f10x_rcc.o(.text) for RCC_APB2PeriphClockCmd
    key.o(.text) refers to stm32f10x_gpio.o(.text) for GPIO_Init
    key.o(.text) refers to delay.o(.text) for delay_ms
    key.o(.text) refers to key.o(.data) for key_up
    delay.o(.text) refers to os_core.o(.text) for OSSchedLock
    delay.o(.text) refers to os_time.o(.text) for OSTimeDly
    delay.o(.text) refers to misc.o(.text) for SysTick_CLKSourceConfig
    delay.o(.text) refers to os_core.o(.data) for OSRunning
    delay.o(.text) refers to system_stm32f10x.o(.data) for SystemCoreClock
    delay.o(.text) refers to delay.o(.data) for fac_us
    usart.o(.text) refers (Special) to use_no_semi_2.o(.text) for __use_no_semihosting
    usart.o(.text) refers to stm32f10x_rcc.o(.text) for RCC_APB2PeriphClockCmd
    usart.o(.text) refers to stm32f10x_gpio.o(.text) for GPIO_Init
    usart.o(.text) refers to misc.o(.text) for NVIC_Init
    usart.o(.text) refers to stm32f10x_usart.o(.text) for USART_Init
    usart.o(.text) refers to os_core.o(.text) for OSIntEnter
    usart.o(.text) refers to usart.o(.data) for USART_RX_STA
    usart.o(.text) refers to usart.o(.bss) for USART_RX_BUF
    usart.o(.bss) refers (Special) to use_no_semi_2.o(.text) for __use_no_semihosting
    usart.o(.data) refers (Special) to use_no_semi_2.o(.text) for __use_no_semihosting
    startup_stm32f10x_hd.o(STACK) refers (Special) to heapauxi.o(.text) for __use_two_region_memory
    startup_stm32f10x_hd.o(HEAP) refers (Special) to heapauxi.o(.text) for __use_two_region_memory
    startup_stm32f10x_hd.o(RESET) refers (Special) to heapauxi.o(.text) for __use_two_region_memory
    startup_stm32f10x_hd.o(RESET) refers to startup_stm32f10x_hd.o(STACK) for __initial_sp
    startup_stm32f10x_hd.o(RESET) refers to startup_stm32f10x_hd.o(.text) for Reset_Handler
    startup_stm32f10x_hd.o(RESET) refers to stm32f10x_it.o(.text) for NMI_Handler
    startup_stm32f10x_hd.o(RESET) refers to os_cpu_a.o(.text) for PendSV_Handler
    startup_stm32f10x_hd.o(RESET) refers to delay.o(.text) for SysTick_Handler
    startup_stm32f10x_hd.o(RESET) refers to usart.o(.text) for USART1_IRQHandler
    startup_stm32f10x_hd.o(.text) refers (Special) to heapauxi.o(.text) for __use_two_region_memory
    startup_stm32f10x_hd.o(.text) refers to system_stm32f10x.o(.text) for SystemInit
    startup_stm32f10x_hd.o(.text) refers to __main.o(!!!main) for __main
    startup_stm32f10x_hd.o(.text) refers to startup_stm32f10x_hd.o(HEAP) for Heap_Mem
    startup_stm32f10x_hd.o(.text) refers to startup_stm32f10x_hd.o(STACK) for Stack_Mem
    stm32f10x_gpio.o(.text) refers to stm32f10x_rcc.o(.text) for RCC_APB2PeriphResetCmd
    stm32f10x_rcc.o(.text) refers to stm32f10x_rcc.o(.data) for APBAHBPrescTable
    stm32f10x_usart.o(.text) refers to stm32f10x_rcc.o(.text) for RCC_APB2PeriphResetCmd
    os_core.o(.text) refers to os_task.o(.text) for OSTaskStkChk
    os_core.o(.text) refers to os_time.o(.text) for OSTimeDly
    os_core.o(.text) refers to os_cpu_a.o(.text) for OS_CPU_SR_Save
    os_core.o(.text) refers to os_cpu_c.o(.text) for OSTaskStatHook
    os_core.o(.text) refers to os_flag.o(.text) for OS_FlagInit
    os_core.o(.text) refers to os_q.o(.text) for OS_QInit
    os_core.o(.text) refers to os_core.o(.bss) for OSTCBPrioTbl
    os_core.o(.text) refers to os_core.o(.data) for OSStatRdy
    os_core.o(.text) refers to os_core.o(.constdata) for OSUnMapTbl
    os_flag.o(.text) refers to os_cpu_a.o(.text) for OS_CPU_SR_Save
    os_flag.o(.text) refers to os_core.o(.text) for OS_Sched
[...]
    libshutdown.o(.ARM.Collect$$libshutdown$$00000000) refers (Special) to libshutdown2.o(.ARM.Collect$$libshutdown$$0000000A) for __rt_lib_shutdown_signal_1
    libshutdown.o(.ARM.Collect$$libshutdown$$00000000) refers (Special) to libshutdown2.o(.ARM.Collect$$libshutdown$$00000004) for __rt_lib_shutdown_stdio_1
    libshutdown.o(.ARM.Collect$$libshutdown$$00000000) refers (Special) to libshutdown2.o(.ARM.Collect$$libshutdown$$0000000C) for __rt_lib_shutdown_user_alloc_1
    rt_raise.o(.text) refers to __raise.o(.text) for __raise
    rt_raise.o(.text) refers to usart.o(.text) for _sys_exit
    defsig_exit.o(.text) refers to usart.o(.text) for _sys_exit
    defsig_rtmem_inner.o(.text) refers to defsig_general.o(.text) for __default_signal_display
    __raise.o(.text) refers to defsig.o(CL$$defsig) for __default_signal_handler
    defsig_general.o(.text) refers to sys_wrch.o(.text) for _ttywrch
    sys_wrch.o(.text) refers (Special) to use_no_semi.o(.text) for __I$use$semihosting
    sys_wrch.o(.text) refers (Special) to indicate_semi.o(.text) for __semihosting_library_function
    defsig.o(CL$$defsig) refers to defsig_rtmem_inner.o(.text) for __rt_SIGRTMEM_inner
    defsig_abrt_inner.o(.text) refers to defsig_general.o(.text) for __default_signal_display
    defsig_fpe_inner.o(.text) refers to defsig_general.o(.text) for __default_signal_display
    defsig_rtred_inner.o(.text) refers to defsig_general.o(.text) for __default_signal_display
    defsig_stak_inner.o(.text) refers to defsig_general.o(.text) for __default_signal_display
    defsig_pvfn_inner.o(.text) refers to defsig_general.o(.text) for __default_signal_display
    defsig_cppl_inner.o(.text) refers to defsig_general.o(.text) for __default_signal_display
    defsig_segv_inner.o(.text) refers to defsig_general.o(.text) for __default_signal_display
    defsig_other.o(.text) refers to defsig_general.o(.text) for __default_signal_display


==============================================================================

Removing Unused input sections from the image.

    Removing key.o(.text), (216 bytes).
    Removing key.o(.data), (1 bytes).
    Removing sys.o(.emb_text), (6 bytes).
    Removing sys.o(.text), (12 bytes).
    Removing core_cm3.o(.emb_text), (32 bytes).
    Removing os_mbox.o(.text), (972 bytes).
    Removing os_mutex.o(.text), (1536 bytes).
    Removing os_sem.o(.text), (908 bytes).
    Removing os_cpu_c.o(.data), (4 bytes).

9 unused section(s) (total 3687 bytes) removed from the image.

==============================================================================

Image Symbol Table

    Local Symbols

    Symbol Name                              Value     Ov Type        Size  Object(Section)

    ../clib/angel/boardlib.s                 0x00000000   Number         0  boardinit1.o ABSOLUTE
    ../clib/angel/boardlib.s                 0x00000000   Number         0  boardinit2.o ABSOLUTE
    ../clib/angel/boardlib.s                 0x00000000   Number         0  boardinit3.o ABSOLUTE
    ../clib/angel/boardlib.s                 0x00000000   Number         0  boardshut.o ABSOLUTE
    ../clib/angel/handlers.s                 0x00000000   Number         0  __scatter_zi.o ABSOLUTE
    ../clib/angel/handlers.s                 0x00000000   Number         0  __scatter_copy.o ABSOLUTE
    ../clib/angel/kernel.s                   0x00000000   Number         0  __rtentry.o ABSOLUTE
    ../clib/angel/kernel.s                   0x00000000   Number         0  rtexit.o ABSOLUTE
    ../clib/angel/kernel.s                   0x00000000   Number         0  __rtentry4.o ABSOLUTE
    ../clib/angel/kernel.s                   0x00000000   Number         0  __rtentry2.o ABSOLUTE
    ../clib/angel/kernel.s                   0x00000000   Number         0  rtexit2.o ABSOLUTE
    ../clib/angel/rt.s                       0x00000000   Number         0  rt_locale_intlibspace.o ABSOLUTE
    ../clib/angel/rt.s                       0x00000000   Number         0  rt_raise.o ABSOLUTE
    ../clib/angel/rt.s                       0x00000000   Number         0  rt_locale.o ABSOLUTE
    ../clib/angel/scatter.s                  0x00000000   Number         0  __scatter.o ABSOLUTE
    ../clib/angel/startup.s                  0x00000000   Number         0  __main.o ABSOLUTE
    ../clib/angel/sys.s                      0x00000000   Number         0  use_no_semi_2.o ABSOLUTE
    ../clib/angel/sys.s                      0x00000000   Number         0  use_no_semi.o ABSOLUTE
    ../clib/angel/sys.s                      0x00000000   Number         0  libspace.o ABSOLUTE
    ../clib/angel/sys.s                      0x00000000   Number         0  sys_stackheap_outer.o ABSOLUTE
    ../clib/angel/sys.s                      0x00000000   Number         0  indicate_semi.o ABSOLUTE
    ../clib/angel/sysapp.c                   0x00000000   Number         0  sys_command.o ABSOLUTE
    ../clib/angel/sysapp.c                   0x00000000   Number         0  sys_wrch.o ABSOLUTE
    ../clib/armsys.c                         0x00000000   Number         0  argv_veneer.o ABSOLUTE
    ../clib/armsys.c                         0x00000000   Number         0  no_argv.o ABSOLUTE
    ../clib/armsys.c                         0x00000000   Number         0  argv_veneer.o ABSOLUTE
    ../clib/armsys.c                         0x00000000   Number         0  _get_argv_nomalloc.o ABSOLUTE
    ../clib/bigflt.c                         0x00000000   Number         0  bigflt0.o ABSOLUTE
    ../clib/btod.s                           0x00000000   Number         0  btod.o ABSOLUTE
    ../clib/heapalloc.c                      0x00000000   Number         0  hrguard.o ABSOLUTE
    ../clib/heapaux.c                        0x00000000   Number         0  heapauxi.o ABSOLUTE
    ../clib/libinit.s                        0x00000000   Number         0  libinit.o ABSOLUTE
    ../clib/libinit.s                        0x00000000   Number         0  libinit2.o ABSOLUTE
    ../clib/libinit.s                        0x00000000   Number         0  libshutdown2.o ABSOLUTE
    ../clib/libinit.s                        0x00000000   Number         0  libshutdown.o ABSOLUTE
    ../clib/locale.s                         0x00000000   Number         0  lc_numeric_c.o ABSOLUTE
    ../clib/longlong.s                       0x00000000   Number         0  lludiv10.o ABSOLUTE
    ../clib/memcpset.s                       0x00000000   Number         0  strcmpv7m.o ABSOLUTE
    ../clib/misc.s                           0x00000000   Number         0  printf_stubs.o ABSOLUTE
    ../clib/printf.c                         0x00000000   Number         0  _printf_char_file.o ABSOLUTE
    ../clib/printf.c                         0x00000000   Number         0  _printf_fp_infnan.o ABSOLUTE
    ../clib/printf.c                         0x00000000   Number         0  __printf_ss_wp.o ABSOLUTE
    ../clib/printf.c                         0x00000000   Number         0  __printf_flags_ss.o ABSOLUTE
    ../clib/printf.c                         0x00000000   Number         0  _printf_char_common.o ABSOLUTE
    ../clib/printf.c                         0x00000000   Number         0  __printf_ss.o ABSOLUTE
    ../clib/printf.c                         0x00000000   Number         0  __printf_nopercent.o ABSOLUTE
    ../clib/printf.c                         0x00000000   Number         0  __printf_flags.o ABSOLUTE
    ../clib/printf.c                         0x00000000   Number         0  _printf_fp_dec.o ABSOLUTE
    ../clib/printf.c                         0x00000000   Number         0  __printf.o ABSOLUTE
    ../clib/printf.c                         0x00000000   Number         0  __printf_flags_ss_wp.o ABSOLUTE
    ../clib/printf.c                         0x00000000   Number         0  __printf_wp.o ABSOLUTE
    ../clib/printf.c                         0x00000000   Number         0  noretval__2printf.o ABSOLUTE
    ../clib/printf.c                         0x00000000   Number         0  __2printf.o ABSOLUTE
    ../clib/printf.c                         0x00000000   Number         0  __printf_flags_wp.o ABSOLUTE
    ../clib/printf_percent.s                 0x00000000   Number         0  _printf_percent_end.o ABSOLUTE
    ../clib/printf_percent.s                 0x00000000   Number         0  _printf_f.o ABSOLUTE
    ../clib/printf_percent.s                 0x00000000   Number         0  _printf_percent.o ABSOLUTE
    ../clib/signal.c                         0x00000000   Number         0  defsig_rtmem_inner.o ABSOLUTE
    ../clib/signal.c                         0x00000000   Number         0  defsig_rtmem_formal.o ABSOLUTE
    ../clib/signal.c                         0x00000000   Number         0  defsig_cppl_inner.o ABSOLUTE
    ../clib/signal.c                         0x00000000   Number         0  defsig_exit.o ABSOLUTE
    ../clib/signal.c                         0x00000000   Number         0  defsig_fpe_inner.o ABSOLUTE
    ../clib/signal.c                         0x00000000   Number         0  defsig_rtred_inner.o ABSOLUTE
    ../clib/signal.c                         0x00000000   Number         0  defsig_general.o ABSOLUTE
    ../clib/signal.c                         0x00000000   Number         0  defsig_other.o ABSOLUTE
    ../clib/signal.c                         0x00000000   Number         0  defsig_rtmem_outer.o ABSOLUTE
    ../clib/signal.c                         0x00000000   Number         0  defsig_segv_inner.o ABSOLUTE
    ../clib/signal.c                         0x00000000   Number         0  defsig_stak_inner.o ABSOLUTE
    ../clib/signal.c                         0x00000000   Number         0  defsig_abrt_inner.o ABSOLUTE
    ../clib/signal.c                         0x00000000   Number         0  __raise.o ABSOLUTE
    ../clib/signal.c                         0x00000000   Number         0  defsig_pvfn_inner.o ABSOLUTE
    ../clib/signal.s                         0x00000000   Number         0  defsig.o ABSOLUTE
    ../clib/stdio.c                          0x00000000   Number         0  ferror.o ABSOLUTE
    ../clib/stdio.c                          0x00000000   Number         0  ferror_locked.o ABSOLUTE
    ../clib/stdlib.c                         0x00000000   Number         0  exit.o ABSOLUTE
    ../fplib/dretinf.s                       0x00000000   Number         0  dretinf.o ABSOLUTE
    ../fplib/f2d.s                           0x00000000   Number         0  f2d.o ABSOLUTE
    ../fplib/faddsub.s                       0x00000000   Number         0  faddsub_clz.o ABSOLUTE
    ../fplib/fnaninf.s                       0x00000000   Number         0  fnaninf.o ABSOLUTE
    ../fplib/fpinit.s                        0x00000000   Number         0  fpinit.o ABSOLUTE
    ../fplib/fretinf.s                       0x00000000   Number         0  fretinf.o ABSOLUTE
    ../fplib/istatus.s                       0x00000000   Number         0  istatus.o ABSOLUTE
    ../fplib/printf1.s                       0x00000000   Number         0  printf1.o ABSOLUTE
    ../fplib/usenofp.s                       0x00000000   Number         0  usenofp.o ABSOLUTE
    ../mathlib/fpclassify.c                  0x00000000   Number         0  fpclassify.o ABSOLUTE
    ..\CORE\core_cm3.c                       0x00000000   Number         0  core_cm3.o ABSOLUTE
    ..\CORE\startup_stm32f10x_hd.s           0x00000000   Number         0  startup_stm32f10x_hd.o ABSOLUTE
    ..\HARDWARE\KEY\key.c                    0x00000000   Number         0  key.o ABSOLUTE
    ..\HARDWARE\LED\led.c                    0x00000000   Number         0  led.o ABSOLUTE
    ..\STM32F10x_FWLib\src\misc.c            0x00000000   Number         0  misc.o ABSOLUTE
    ..\STM32F10x_FWLib\src\stm32f10x_gpio.c  0x00000000   Number         0  stm32f10x_gpio.o ABSOLUTE
    ..\STM32F10x_FWLib\src\stm32f10x_rcc.c   0x00000000   Number         0  stm32f10x_rcc.o ABSOLUTE
    ..\STM32F10x_FWLib\src\stm32f10x_usart.c 0x00000000   Number         0  stm32f10x_usart.o ABSOLUTE
    ..\SYSTEM\delay\delay.c                  0x00000000   Number         0  delay.o ABSOLUTE
    ..\SYSTEM\sys\sys.c                      0x00000000   Number         0  sys.o ABSOLUTE
    ..\SYSTEM\usart\usart.c                  0x00000000   Number         0  usart.o ABSOLUTE
    ..\UCOSII\CORE\os_core.c                 0x00000000   Number         0  os_core.o ABSOLUTE
    ..\UCOSII\CORE\os_flag.c                 0x00000000   Number         0  os_flag.o ABSOLUTE
    ..\UCOSII\CORE\os_mbox.c                 0x00000000   Number         0  os_mbox.o ABSOLUTE
    ..\UCOSII\CORE\os_mem.c                  0x00000000   Number         0  os_mem.o ABSOLUTE
    ..\UCOSII\CORE\os_mutex.c                0x00000000   Number         0  os_mutex.o ABSOLUTE
    ..\UCOSII\CORE\os_q.c                    0x00000000   Number         0  os_q.o ABSOLUTE
    ..\UCOSII\CORE\os_sem.c                  0x00000000   Number         0  os_sem.o ABSOLUTE
    ..\UCOSII\CORE\os_task.c                 0x00000000   Number         0  os_task.o ABSOLUTE
    ..\UCOSII\CORE\os_time.c                 0x00000000   Number         0  os_time.o ABSOLUTE
    ..\UCOSII\CORE\os_tmr.c                  0x00000000   Number         0  os_tmr.o ABSOLUTE
    ..\UCOSII\PORT\os_cpu_a.asm              0x00000000   Number         0  os_cpu_a.o ABSOLUTE
    ..\UCOSII\PORT\os_cpu_c.c                0x00000000   Number         0  os_cpu_c.o ABSOLUTE
    ..\\CORE\\core_cm3.c                     0x00000000   Number         0  core_cm3.o ABSOLUTE
    ..\\SYSTEM\\sys\\sys.c                   0x00000000   Number         0  sys.o ABSOLUTE
    dc.s                                     0x00000000   Number         0  dc.o ABSOLUTE
    main.c                                   0x00000000   Number         0  main.o ABSOLUTE
    stm32f10x_it.c                           0x00000000   Number         0  stm32f10x_it.o ABSOLUTE
    system_stm32f10x.c                       0x00000000   Number         0  system_stm32f10x.o ABSOLUTE
    RESET                                    0x08000000   Section      304  startup_stm32f10x_hd.o(RESET)
    !!!main                                  0x08000130   Section        8  __main.o(!!!main)
    !!!scatter                               0x08000138   Section       52  __scatter.o(!!!scatter)
    !!handler_copy                           0x0800016c   Section       26  __scatter_copy.o(!!handler_copy)
    !!handler_zi                             0x08000188   Section       28  __scatter_zi.o(!!handler_zi)
    .ARM.Collect$$_printf_percent$$00000000  0x080001a4   Section        0  _printf_percent.o(.ARM.Collect$$_printf_percent$$00000000)
    .ARM.Collect$$_printf_percent$$00000003  0x080001a4   Section        6  _printf_f.o(.ARM.Collect$$_printf_percent$$00000003)
    .ARM.Collect$$_printf_percent$$00000017  0x080001aa   Section        4  _printf_percent_end.o(.ARM.Collect$$_printf_percent$$00000017)
    .ARM.Collect$$libinit$$00000000          0x080001ae   Section        2  libinit.o(.ARM.Collect$$libinit$$00000000)
    .ARM.Collect$$libinit$$00000002          0x080001b0   Section        0  libinit2.o(.ARM.Collect$$libinit$$00000002)
    .ARM.Collect$$libinit$$00000004          0x080001b0   Section        0  libinit2.o(.ARM.Collect$$libinit$$00000004)
    .ARM.Collect$$libinit$$0000000A          0x080001b0   Section        0  libinit2.o(.ARM.Collect$$libinit$$0000000A)
    .ARM.Collect$$libinit$$0000000C          0x080001b0   Section        0  libinit2.o(.ARM.Collect$$libinit$$0000000C)
    .ARM.Collect$$libinit$$0000000E          0x080001b0   Section        0  libinit2.o(.ARM.Collect$$libinit$$0000000E)
    .ARM.Collect$$libinit$$0000000F          0x080001b0   Section        6  libinit2.o(.ARM.Collect$$libinit$$0000000F)
    .ARM.Collect$$libinit$$00000011          0x080001b6   Section        0  libinit2.o(.ARM.Collect$$libinit$$00000011)
    .ARM.Collect$$libinit$$00000013          0x080001b6   Section        0  libinit2.o(.ARM.Collect$$libinit$$00000013)
    .ARM.Collect$$libinit$$00000015          0x080001b6   Section        0  libinit2.o(.ARM.Collect$$libinit$$00000015)
    .ARM.Collect$$libinit$$00000016          0x080001b6   Section       10  libinit2.o(.ARM.Collect$$libinit$$00000016)
    .ARM.Collect$$libinit$$00000017          0x080001c0   Section        0  libinit2.o(.ARM.Collect$$libinit$$00000017)
    .ARM.Collect$$libinit$$00000019          0x080001c0   Section        0  libinit2.o(.ARM.Collect$$libinit$$00000019)
    .ARM.Collect$$libinit$$0000001B          0x080001c0   Section        0  libinit2.o(.ARM.Collect$$libinit$$0000001B)
    .ARM.Collect$$libinit$$0000001D          0x080001c0   Section        0  libinit2.o(.ARM.Collect$$libinit$$0000001D)
    .ARM.Collect$$libinit$$0000001F          0x080001c0   Section        0  libinit2.o(.ARM.Collect$$libinit$$0000001F)
    .ARM.Collect$$libinit$$00000021          0x080001c0   Section        0  libinit2.o(.ARM.Collect$$libinit$$00000021)
    .ARM.Collect$$libinit$$00000023          0x080001c0   Section        0  libinit2.o(.ARM.Collect$$libinit$$00000023)
    .ARM.Collect$$libinit$$00000025          0x080001c0   Section        0  libinit2.o(.ARM.Collect$$libinit$$00000025)
    .ARM.Collect$$libinit$$0000002C          0x080001c0   Section        0  libinit2.o(.ARM.Collect$$libinit$$0000002C)
    .ARM.Collect$$libinit$$0000002E          0x080001c0   Section        0  libinit2.o(.ARM.Collect$$libinit$$0000002E)
    .ARM.Collect$$libinit$$00000030          0x080001c0   Section        0  libinit2.o(.ARM.Collect$$libinit$$00000030)
    .ARM.Collect$$libinit$$00000032          0x080001c0   Section        0  libinit2.o(.ARM.Collect$$libinit$$00000032)
    .ARM.Collect$$libinit$$00000033          0x080001c0   Section        2  libinit2.o(.ARM.Collect$$libinit$$00000033)
    .ARM.Collect$$libshutdown$$00000000      0x080001c2   Section        2  libshutdown.o(.ARM.Collect$$libshutdown$$00000000)
    .ARM.Collect$$libshutdown$$00000002      0x080001c4   Section        0  libshutdown2.o(.ARM.Collect$$libshutdown$$00000002)
    .ARM.Collect$$libshutdown$$00000004      0x080001c4   Section        0  libshutdown2.o(.ARM.Collect$$libshutdown$$00000004)
    .ARM.Collect$$libshutdown$$00000007      0x080001c4   Section        0  libshutdown2.o(.ARM.Collect$$libshutdown$$00000007)
    .ARM.Collect$$libshutdown$$0000000A      0x080001c4   Section        0  libshutdown2.o(.ARM.Collect$$libshutdown$$0000000A)
    .ARM.Collect$$libshutdown$$0000000C      0x080001c4   Section        0  libshutdown2.o(.ARM.Collect$$libshutdown$$0000000C)
    .ARM.Collect$$libshutdown$$0000000F      0x080001c4   Section        0  libshutdown2.o(.ARM.Collect$$libshutdown$$0000000F)
    .ARM.Collect$$libshutdown$$00000010      0x080001c4   Section        2  libshutdown2.o(.ARM.Collect$$libshutdown$$00000010)
    .ARM.Collect$$rtentry$$00000000          0x080001c6   Section        0  __rtentry.o(.ARM.Collect$$rtentry$$00000000)
    .ARM.Collect$$rtentry$$00000002          0x080001c6   Section        0  __rtentry2.o(.ARM.Collect$$rtentry$$00000002)
    .ARM.Collect$$rtentry$$00000004          0x080001c6   Section        6  __rtentry4.o(.ARM.Collect$$rtentry$$00000004)
    .ARM.Collect$$rtentry$$00000009          0x080001cc   Section        0  __rtentry2.o(.ARM.Collect$$rtentry$$00000009)
    .ARM.Collect$$rtentry$$0000000A          0x080001cc   Section        4  __rtentry2.o(.ARM.Collect$$rtentry$$0000000A)
    .ARM.Collect$$rtentry$$0000000C          0x080001d0   Section        0  __rtentry2.o(.ARM.Collect$$rtentry$$0000000C)
    .ARM.Collect$$rtentry$$0000000D          0x080001d0   Section        8  __rtentry2.o(.ARM.Collect$$rtentry$$0000000D)
    .ARM.Collect$$rtexit$$00000000           0x080001d8   Section        2  rtexit.o(.ARM.Collect$$rtexit$$00000000)
    .ARM.Collect$$rtexit$$00000002           0x080001da   Section        0  rtexit2.o(.ARM.Collect$$rtexit$$00000002)
    .ARM.Collect$$rtexit$$00000003           0x080001da   Section        4  rtexit2.o(.ARM.Collect$$rtexit$$00000003)
    .ARM.Collect$$rtexit$$00000004           0x080001de   Section        6  rtexit2.o(.ARM.Collect$$rtexit$$00000004)
    .text                                    0x080001e4   Section        0  main.o(.text)
    .text                                    0x08000320   Section        0  stm32f10x_it.o(.text)
    .text                                    0x08000338   Section        0  system_stm32f10x.o(.text)
    SetSysClockTo72                          0x08000339   Thumb Code   214  system_stm32f10x.o(.text)
    SetSysClock                              0x0800040f   Thumb Code     8  system_stm32f10x.o(.text)
    .text                                    0x08000518   Section        0  led.o(.text)
    .text                                    0x08000564   Section        0  delay.o(.text)
    .text                                    0x08000694   Section        0  usart.o(.text)
    .text                                    0x080007dc   Section       64  startup_stm32f10x_hd.o(.text)
    .text                                    0x0800081c   Section        0  misc.o(.text)
    .text                                    0x080008f8   Section        0  stm32f10x_gpio.o(.text)
    .text                                    0x08000c54   Section        0  stm32f10x_rcc.o(.text)
    .text                                    0x08000ff8   Section        0  stm32f10x_usart.o(.text)
    .text                                    0x08001400   Section        0  os_core.o(.text)
    OS_InitTaskStat                          0x080014ab   Thumb Code    52  os_core.o(.text)
    OS_InitTaskIdle                          0x08001501   Thumb Code    52  os_core.o(.text)
    OS_InitEventList                         0x08001547   Thumb Code    74  os_core.o(.text)
    OS_InitTCBList                           0x08001591   Thumb Code   106  os_core.o(.text)
    OS_InitRdyList                           0x080015fb   Thumb Code    44  os_core.o(.text)
    OS_InitMisc                              0x08001627   Thumb Code    44  os_core.o(.text)
    OS_SchedNew                              0x0800169b   Thumb Code    26  os_core.o(.text)
    .text                                    0x08001c90   Section        0  os_flag.o(.text)
    OS_FlagTaskRdy                           0x08001e07   Thumb Code    82  os_flag.o(.text)
    OS_FlagBlock                             0x08001fc1   Thumb Code   152  os_flag.o(.text)
    .text                                    0x0800249c   Section        0  os_q.o(.text)
    .text                                    0x08002a84   Section        0  os_task.o(.text)
    .text                                    0x08003248   Section        0  os_time.o(.text)
    .text                                    0x080033f8   Section        0  os_cpu_c.o(.text)
    .text                                    0x080034a8   Section      180  os_cpu_a.o(.text)
    .text                                    0x0800355c   Section        2  use_no_semi_2.o(.text)
    .text                                    0x08003560   Section        0  noretval__2printf.o(.text)
    .text                                    0x08003578   Section        0  __printf_wp.o(.text)
    .text                                    0x08003686   Section        0  heapauxi.o(.text)
    .text                                    0x0800368c   Section        2  use_no_semi.o(.text)
    .text                                    0x0800368e   Section        0  _printf_fp_dec.o(.text)
    _fp_digits                               0x08003691   Thumb Code   432  _printf_fp_dec.o(.text)
    .text                                    0x08003aac   Section        0  _printf_char_file.o(.text)
    .text                                    0x08003ad0   Section        8  rt_locale_intlibspace.o(.text)
    .text                                    0x08003ad8   Section      138  lludiv10.o(.text)
    .text                                    0x08003b64   Section        0  _printf_char_common.o(.text)
    _printf_input_char                       0x08003b65   Thumb Code    10  _printf_char_common.o(.text)
    .text                                    0x08003b94   Section        0  _printf_fp_infnan.o(.text)
    .text                                    0x08003c14   Section        0  bigflt0.o(.text)
    .text                                    0x08003cf8   Section        0  ferror.o(.text)
    .text                                    0x08003d00   Section        8  libspace.o(.text)
    .text                                    0x08003d08   Section       74  sys_stackheap_outer.o(.text)
    .text                                    0x08003d52   Section        0  exit.o(.text)
    .text                                    0x08003d64   Section      128  strcmpv7m.o(.text)
    CL$$btod_d2e                             0x08003de4   Section       62  btod.o(CL$$btod_d2e)
    CL$$btod_d2e_denorm_low                  0x08003e22   Section       70  btod.o(CL$$btod_d2e_denorm_low)
    CL$$btod_d2e_norm_op1                    0x08003e68   Section       96  btod.o(CL$$btod_d2e_norm_op1)
    CL$$btod_div_common                      0x08003ec8   Section      824  btod.o(CL$$btod_div_common)
    CL$$btod_e2e                             0x08004200   Section      220  btod.o(CL$$btod_e2e)
    CL$$btod_ediv                            0x080042dc   Section       42  btod.o(CL$$btod_ediv)
    CL$$btod_emul                            0x08004306   Section       42  btod.o(CL$$btod_emul)
    CL$$btod_mult_common                     0x08004330   Section      580  btod.o(CL$$btod_mult_common)
    i.__ARM_fpclassify                       0x08004574   Section        0  fpclassify.o(i.__ARM_fpclassify)
    i._is_digit                              0x0800459c   Section        0  __printf_wp.o(i._is_digit)
    locale$$code                             0x080045ac   Section       44  lc_numeric_c.o(locale$$code)
    x$fpl$dretinf                            0x080045d8   Section       12  dretinf.o(x$fpl$dretinf)
    x$fpl$f2d                                0x080045e4   Section       86  f2d.o(x$fpl$f2d)
    x$fpl$fadd                               0x0800463c   Section      196  faddsub_clz.o(x$fpl$fadd)
    _fadd1                                   0x0800464b   Thumb Code     0  faddsub_clz.o(x$fpl$fadd)
    x$fpl$fnaninf                            0x08004700   Section      140  fnaninf.o(x$fpl$fnaninf)
    x$fpl$fretinf                            0x0800478c   Section       10  fretinf.o(x$fpl$fretinf)
    x$fpl$fsub                               0x08004798   Section      234  faddsub_clz.o(x$fpl$fsub)
    _fsub1                                   0x080047a7   Thumb Code     0  faddsub_clz.o(x$fpl$fsub)
    x$fpl$printf1                            0x08004882   Section        4  printf1.o(x$fpl$printf1)
    .constdata                               0x08004886   Section      256  os_core.o(.constdata)
    x$fpl$usenofp                            0x08004886   Section        0  usenofp.o(x$fpl$usenofp)
    .constdata                               0x08004988   Section      148  bigflt0.o(.constdata)
    tenpwrs_x                                0x08004988   Data          60  bigflt0.o(.constdata)
    tenpwrs_i                                0x080049c4   Data          64  bigflt0.o(.constdata)
    locale$$data                             0x08004a3c   Section       28  lc_numeric_c.o(locale$$data)
    __lcnum_c_name                           0x08004a40   Data           2  lc_numeric_c.o(locale$$data)
    __lcnum_c_start                          0x08004a48   Data           0  lc_numeric_c.o(locale$$data)
    __lcnum_c_point                          0x08004a54   Data           0  lc_numeric_c.o(locale$$data)
    __lcnum_c_thousands                      0x08004a56   Data           0  lc_numeric_c.o(locale$$data)
    __lcnum_c_grouping                       0x08004a57   Data           0  lc_numeric_c.o(locale$$data)
    __lcnum_c_end                            0x08004a58   Data           0  lc_numeric_c.o(locale$$data)
    .data                                    0x20000000   Section        4  main.o(.data)
    float_num                                0x20000000   Data           4  main.o(.data)
    .data                                    0x20000004   Section       20  system_stm32f10x.o(.data)
    .data                                    0x20000018   Section        4  delay.o(.data)
    fac_us                                   0x20000018   Data           1  delay.o(.data)
    fac_ms                                   0x2000001a   Data           2  delay.o(.data)
    .data                                    0x2000001c   Section        6  usart.o(.data)
    .data                                    0x20000022   Section       20  stm32f10x_rcc.o(.data)
    APBAHBPrescTable                         0x20000022   Data          16  stm32f10x_rcc.o(.data)
    ADCPrescTable                            0x20000032   Data           4  stm32f10x_rcc.o(.data)
    .data                                    0x20000038   Section       72  os_core.o(.data)
    .bss                                     0x20000080   Section     1536  main.o(.bss)
    .bss                                     0x20000680   Section      200  usart.o(.bss)
    .bss                                     0x20000748   Section     2688  os_core.o(.bss)
    .bss                                     0x200011c8   Section       96  libspace.o(.bss)
    HEAP                                     0x20001228   Section      512  startup_stm32f10x_hd.o(HEAP)
    Heap_Mem                                 0x20001228   Data         512  startup_stm32f10x_hd.o(HEAP)
    STACK                                    0x20001428   Section     1024  startup_stm32f10x_hd.o(STACK)
    Stack_Mem                                0x20001428   Data        1024  startup_stm32f10x_hd.o(STACK)
    __initial_sp                             0x20001828   Data           0  startup_stm32f10x_hd.o(STACK)

    Global Symbols

    Symbol Name                              Value     Ov Type        Size  Object(Section)

    BuildAttributes$$THM_ISAv4$P$D$K$B$S$PE$A:L22UL41UL21$X:L11$S22US41US21$IEEE1$IW$USESV6$~STKCKD$USESV7$~SHL$OTIME$ROPI$IEEEJ$EBA8$UX$STANDARDLIB$REQ8$PRES8$EABIv2 0x00000000   Number         0  anon$$obj.o ABSOLUTE
    __ARM_use_no_argv                        0x00000000   Number         0  main.o ABSOLUTE
    _printf_flags                            0x00000000   Number         0  printf_stubs.o ABSOLUTE
    _printf_return_value                     0x00000000   Number         0  printf_stubs.o ABSOLUTE
    _printf_sizespec                         0x00000000   Number         0  printf_stubs.o ABSOLUTE
    _printf_widthprec                        0x00000000   Number         0  printf_stubs.o ABSOLUTE
    __ARM_exceptions_init                     - Undefined Weak Reference
    __alloca_initialize                       - Undefined Weak Reference
    __arm_preinit_                            - Undefined Weak Reference
    __cpp_initialize__aeabi_                  - Undefined Weak Reference
    __cxa_finalize                            - Undefined Weak Reference
    __sigvec_lookup                           - Undefined Weak Reference
    _atexit_init                              - Undefined Weak Reference
    _call_atexit_fns                          - Undefined Weak Reference
    _clock_init                               - Undefined Weak Reference
    _fp_trap_init                             - Undefined Weak Reference
    _fp_trap_shutdown                         - Undefined Weak Reference
    _get_lc_collate                           - Undefined Weak Reference
    _get_lc_ctype                             - Undefined Weak Reference
    _get_lc_monetary                          - Undefined Weak Reference
    _get_lc_time                              - Undefined Weak Reference
    _getenv_init                              - Undefined Weak Reference
    _handle_redirection                       - Undefined Weak Reference
    _init_alloc                               - Undefined Weak Reference
    _init_user_alloc                          - Undefined Weak Reference
    _initio                                   - Undefined Weak Reference
    _mutex_acquire                            - Undefined Weak Reference
    _mutex_release                            - Undefined Weak Reference
    _printf_post_padding                      - Undefined Weak Reference
    _printf_pre_padding                       - Undefined Weak Reference
    _rand_init                                - Undefined Weak Reference
    _signal_finish                            - Undefined Weak Reference
    _signal_init                              - Undefined Weak Reference
    _terminate_alloc                          - Undefined Weak Reference
    _terminate_user_alloc                     - Undefined Weak Reference
    _terminateio                              - Undefined Weak Reference
    __Vectors_Size                           0x00000130   Number         0  startup_stm32f10x_hd.o ABSOLUTE
    __Vectors                                0x08000000   Data           4  startup_stm32f10x_hd.o(RESET)
    __Vectors_End                            0x08000130   Data           0  startup_stm32f10x_hd.o(RESET)
    __main                                   0x08000131   Thumb Code     8  __main.o(!!!main)
    __scatterload                            0x08000139   Thumb Code     0  __scatter.o(!!!scatter)
    __scatterload_rt2                        0x08000139   Thumb Code    44  __scatter.o(!!!scatter)
    __scatterload_rt2_thumb_only             0x08000139   Thumb Code     0  __scatter.o(!!!scatter)
    __scatterload_null                       0x08000147   Thumb Code     0  __scatter.o(!!!scatter)
    __scatterload_copy                       0x0800016d   Thumb Code    26  __scatter_copy.o(!!handler_copy)
    __scatterload_zeroinit                   0x08000189   Thumb Code    28  __scatter_zi.o(!!handler_zi)
    _printf_f                                0x080001a5   Thumb Code     0  _printf_f.o(.ARM.Collect$$_printf_percent$$00000003)
    _printf_percent                          0x080001a5   Thumb Code     0  _printf_percent.o(.ARM.Collect$$_printf_percent$$00000000)
    _printf_percent_end                      0x080001ab   Thumb Code     0  _printf_percent_end.o(.ARM.Collect$$_printf_percent$$00000017)
    __rt_lib_init                            0x080001af   Thumb Code     0  libinit.o(.ARM.Collect$$libinit$$00000000)
    __rt_lib_init_fp_1                       0x080001b1   Thumb Code     0  libinit2.o(.ARM.Collect$$libinit$$00000002)
    __rt_lib_init_heap_1                     0x080001b1   Thumb Code     0  libinit2.o(.ARM.Collect$$libinit$$0000000A)
    __rt_lib_init_lc_common                  0x080001b1   Thumb Code     0  libinit2.o(.ARM.Collect$$libinit$$0000000F)
    __rt_lib_init_preinit_1                  0x080001b1   Thumb Code     0  libinit2.o(.ARM.Collect$$libinit$$00000004)
    __rt_lib_init_rand_1                     0x080001b1   Thumb Code     0  libinit2.o(.ARM.Collect$$libinit$$0000000E)
    __rt_lib_init_user_alloc_1               0x080001b1   Thumb Code     0  libinit2.o(.ARM.Collect$$libinit$$0000000C)
    __rt_lib_init_lc_collate_1               0x080001b7   Thumb Code     0  libinit2.o(.ARM.Collect$$libinit$$00000011)
    __rt_lib_init_lc_ctype_1                 0x080001b7   Thumb Code     0  libinit2.o(.ARM.Collect$$libinit$$00000013)
    __rt_lib_init_lc_monetary_1              0x080001b7   Thumb Code     0  libinit2.o(.ARM.Collect$$libinit$$00000015)
    __rt_lib_init_lc_numeric_2               0x080001b7   Thumb Code     0  libinit2.o(.ARM.Collect$$libinit$$00000016)
    __rt_lib_init_alloca_1                   0x080001c1   Thumb Code     0  libinit2.o(.ARM.Collect$$libinit$$0000002E)
    __rt_lib_init_argv_1                     0x080001c1   Thumb Code     0  libinit2.o(.ARM.Collect$$libinit$$0000002C)
    __rt_lib_init_atexit_1                   0x080001c1   Thumb Code     0  libinit2.o(.ARM.Collect$$libinit$$0000001B)
    __rt_lib_init_clock_1                    0x080001c1   Thumb Code     0  libinit2.o(.ARM.Collect$$libinit$$00000021)
    __rt_lib_init_cpp_1                      0x080001c1   Thumb Code     0  libinit2.o(.ARM.Collect$$libinit$$00000032)
    __rt_lib_init_exceptions_1               0x080001c1   Thumb Code     0  libinit2.o(.ARM.Collect$$libinit$$00000030)
    __rt_lib_init_fp_trap_1                  0x080001c1   Thumb Code     0  libinit2.o(.ARM.Collect$$libinit$$0000001F)
    __rt_lib_init_getenv_1                   0x080001c1   Thumb Code     0  libinit2.o(.ARM.Collect$$libinit$$00000023)
    __rt_lib_init_lc_numeric_1               0x080001c1   Thumb Code     0  libinit2.o(.ARM.Collect$$libinit$$00000017)
    __rt_lib_init_lc_time_1                  0x080001c1   Thumb Code     0  libinit2.o(.ARM.Collect$$libinit$$00000019)
    __rt_lib_init_return                     0x080001c1   Thumb Code     0  libinit2.o(.ARM.Collect$$libinit$$00000033)
    __rt_lib_init_signal_1                   0x080001c1   Thumb Code     0  libinit2.o(.ARM.Collect$$libinit$$0000001D)
    __rt_lib_init_stdio_1                    0x080001c1   Thumb Code     0  libinit2.o(.ARM.Collect$$libinit$$00000025)
    __rt_lib_shutdown                        0x080001c3   Thumb Code     0  libshutdown.o(.ARM.Collect$$libshutdown$$00000000)
    __rt_lib_shutdown_cpp_1                  0x080001c5   Thumb Code     0  libshutdown2.o(.ARM.Collect$$libshutdown$$00000002)
    __rt_lib_shutdown_fp_trap_1              0x080001c5   Thumb Code     0  libshutdown2.o(.ARM.Collect$$libshutdown$$00000007)
    __rt_lib_shutdown_heap_1                 0x080001c5   Thumb Code     0  libshutdown2.o(.ARM.Collect$$libshutdown$$0000000F)
    __rt_lib_shutdown_return                 0x080001c5   Thumb Code     0  libshutdown2.o(.ARM.Collect$$libshutdown$$00000010)
    __rt_lib_shutdown_signal_1               0x080001c5   Thumb Code     0  libshutdown2.o(.ARM.Collect$$libshutdown$$0000000A)
    __rt_lib_shutdown_stdio_1                0x080001c5   Thumb Code     0  libshutdown2.o(.ARM.Collect$$libshutdown$$00000004)
    __rt_lib_shutdown_user_alloc_1           0x080001c5   Thumb Code     0  libshutdown2.o(.ARM.Collect$$libshutdown$$0000000C)
    __rt_entry                               0x080001c7   Thumb Code     0  __rtentry.o(.ARM.Collect$$rtentry$$00000000)
    __rt_entry_presh_1                       0x080001c7   Thumb Code     0  __rtentry2.o(.ARM.Collect$$rtentry$$00000002)
    __rt_entry_sh                            0x080001c7   Thumb Code     0  __rtentry4.o(.ARM.Collect$$rtentry$$00000004)
    __rt_entry_li                            0x080001cd   Thumb Code     0  __rtentry2.o(.ARM.Collect$$rtentry$$0000000A)
    __rt_entry_postsh_1                      0x080001cd   Thumb Code     0  __rtentry2.o(.ARM.Collect$$rtentry$$00000009)
    __rt_entry_main                          0x080001d1   Thumb Code     0  __rtentry2.o(.ARM.Collect$$rtentry$$0000000D)
    __rt_entry_postli_1                      0x080001d1   Thumb Code     0  __rtentry2.o(.ARM.Collect$$rtentry$$0000000C)
    __rt_exit                                0x080001d9   Thumb Code     0  rtexit.o(.ARM.Collect$$rtexit$$00000000)
    __rt_exit_ls                             0x080001db   Thumb Code     0  rtexit2.o(.ARM.Collect$$rtexit$$00000003)
    __rt_exit_prels_1                        0x080001db   Thumb Code     0  rtexit2.o(.ARM.Collect$$rtexit$$00000002)
    __rt_exit_exit                           0x080001df   Thumb Code     0  rtexit2.o(.ARM.Collect$$rtexit$$00000004)
    float_task                               0x080001e5   Thumb Code    60  main.o(.text)
    led1_task                                0x08000221   Thumb Code    34  main.o(.text)
    led0_task                                0x08000243   Thumb Code    30  main.o(.text)
    start_task                               0x08000261   Thumb Code    74  main.o(.text)
    main                                     0x080002ab   Thumb Code    52  main.o(.text)
    NMI_Handler                              0x08000321   Thumb Code     2  stm32f10x_it.o(.text)
    HardFault_Handler                        0x08000323   Thumb Code     4  stm32f10x_it.o(.text)
    MemManage_Handler                        0x08000327   Thumb Code     4  stm32f10x_it.o(.text)
    BusFault_Handler                         0x0800032b   Thumb Code     4  stm32f10x_it.o(.text)
    UsageFault_Handler                       0x0800032f   Thumb Code     4  stm32f10x_it.o(.text)
    SVC_Handler                              0x08000333   Thumb Code     2  stm32f10x_it.o(.text)
    DebugMon_Handler                         0x08000335   Thumb Code     2  stm32f10x_it.o(.text)
    SystemInit                               0x08000417   Thumb Code    78  system_stm32f10x.o(.text)
    SystemCoreClockUpdate                    0x08000465   Thumb Code   142  system_stm32f10x.o(.text)
    LED_Init                                 0x08000519   Thumb Code    68  led.o(.text)
    delay_osschedlock                        0x08000565   Thumb Code     8  delay.o(.text)
    delay_osschedunlock                      0x0800056d   Thumb Code     8  delay.o(.text)
    delay_ostimedly                          0x08000575   Thumb Code    12  delay.o(.text)
    SysTick_Handler                          0x08000581   Thumb Code    24  delay.o(.text)
    delay_init                               0x08000599   Thumb Code    76  delay.o(.text)
    delay_us                                 0x080005e5   Thumb Code    86  delay.o(.text)
    delay_ms                                 0x0800063b   Thumb Code    66  delay.o(.text)
    _sys_exit                                0x08000695   Thumb Code     4  usart.o(.text)
    fputc                                    0x08000699   Thumb Code    24  usart.o(.text)
    uart_init                                0x080006b1   Thumb Code   152  usart.o(.text)
    USART1_IRQHandler                        0x08000749   Thumb Code   130  usart.o(.text)
    Reset_Handler                            0x080007dd   Thumb Code     8  startup_stm32f10x_hd.o(.text)
    ADC1_2_IRQHandler                        0x080007f7   Thumb Code     0  startup_stm32f10x_hd.o(.text)
    ADC3_IRQHandler                          0x080007f7   Thumb Code     0  startup_stm32f10x_hd.o(.text)
    CAN1_RX1_IRQHandler                      0x080007f7   Thumb Code     0  startup_stm32f10x_hd.o(.text)
    CAN1_SCE_IRQHandler                      0x080007f7   Thumb Code     0  startup_stm32f10x_hd.o(.text)
    DMA1_Channel1_IRQHandler                 0x080007f7   Thumb Code     0  startup_stm32f10x_hd.o(.text)
    DMA1_Channel2_IRQHandler                 0x080007f7   Thumb Code     0  startup_stm32f10x_hd.o(.text)
    DMA1_Channel3_IRQHandler                 0x080007f7   Thumb Code     0  startup_stm32f10x_hd.o(.text)
    DMA1_Channel4_IRQHandler                 0x080007f7   Thumb Code     0  startup_stm32f10x_hd.o(.text)
    DMA1_Channel5_IRQHandler                 0x080007f7   Thumb Code     0  startup_stm32f10x_hd.o(.text)
    DMA1_Channel6_IRQHandler                 0x080007f7   Thumb Code     0  startup_stm32f10x_hd.o(.text)
    DMA1_Channel7_IRQHandler                 0x080007f7   Thumb Code     0  startup_stm32f10x_hd.o(.text)
    DMA2_Channel1_IRQHandler                 0x080007f7   Thumb Code     0  startup_stm32f10x_hd.o(.text)
    DMA2_Channel2_IRQHandler                 0x080007f7   Thumb Code     0  startup_stm32f10x_hd.o(.text)
    DMA2_Channel3_IRQHandler                 0x080007f7   Thumb Code     0  startup_stm32f10x_hd.o(.text)
    DMA2_Channel4_5_IRQHandler               0x080007f7   Thumb Code     0  startup_stm32f10x_hd.o(.text)
    EXTI0_IRQHandler                         0x080007f7   Thumb Code     0  startup_stm32f10x_hd.o(.text)
    EXTI15_10_IRQHandler                     0x080007f7   Thumb Code     0  startup_stm32f10x_hd.o(.text)
    EXTI1_IRQHandler                         0x080007f7   Thumb Code     0  startup_stm32f10x_hd.o(.text)
    EXTI2_IRQHandler                         0x080007f7   Thumb Code     0  startup_stm32f10x_hd.o(.text)
    EXTI3_IRQHandler                         0x080007f7   Thumb Code     0  startup_stm32f10x_hd.o(.text)
    EXTI4_IRQHandler                         0x080007f7   Thumb Code     0  startup_stm32f10x_hd.o(.text)
    EXTI9_5_IRQHandler                       0x080007f7   Thumb Code     0  startup_stm32f10x_hd.o(.text)
    FLASH_IRQHandler                         0x080007f7   Thumb Code     0  startup_stm32f10x_hd.o(.text)
    FSMC_IRQHandler                          0x080007f7   Thumb Code     0  startup_stm32f10x_hd.o(.text)
    I2C1_ER_IRQHandler                       0x080007f7   Thumb Code     0  startup_stm32f10x_hd.o(.text)
    I2C1_EV_IRQHandler                       0x080007f7   Thumb Code     0  startup_stm32f10x_hd.o(.text)
    I2C2_ER_IRQHandler                       0x080007f7   Thumb Code     0  startup_stm32f10x_hd.o(.text)
    I2C2_EV_IRQHandler                       0x080007f7   Thumb Code     0  startup_stm32f10x_hd.o(.text)
    PVD_IRQHandler                           0x080007f7   Thumb Code     0  startup_stm32f10x_hd.o(.text)
    RCC_IRQHandler                           0x080007f7   Thumb Code     0  startup_stm32f10x_hd.o(.text)
    RTCAlarm_IRQHandler                      0x080007f7   Thumb Code     0  startup_stm32f10x_hd.o(.text)
    RTC_IRQHandler                           0x080007f7   Thumb Code     0  startup_stm32f10x_hd.o(.text)
    SDIO_IRQHandler                          0x080007f7   Thumb Code     0  startup_stm32f10x_hd.o(.text)
    SPI1_IRQHandler                          0x080007f7   Thumb Code     0  startup_stm32f10x_hd.o(.text)
    SPI2_IRQHandler                          0x080007f7   Thumb Code     0  startup_stm32f10x_hd.o(.text)
    SPI3_IRQHandler                          0x080007f7   Thumb Code     0  startup_stm32f10x_hd.o(.text)
    TAMPER_IRQHandler                        0x080007f7   Thumb Code     0  startup_stm32f10x_hd.o(.text)
    TIM1_BRK_IRQHandler                      0x080007f7   Thumb Code     0  startup_stm32f10x_hd.o(.text)
    TIM1_CC_IRQHandler                       0x080007f7   Thumb Code     0  startup_stm32f10x_hd.o(.text)
    TIM1_TRG_COM_IRQHandler                  0x080007f7   Thumb Code     0  startup_stm32f10x_hd.o(.text)
    TIM1_UP_IRQHandler                       0x080007f7   Thumb Code     0  startup_stm32f10x_hd.o(.text)
    TIM2_IRQHandler                          0x080007f7   Thumb Code     0  startup_stm32f10x_hd.o(.text)
    TIM3_IRQHandler                          0x080007f7   Thumb Code     0  startup_stm32f10x_hd.o(.text)
    TIM4_IRQHandler                          0x080007f7   Thumb Code     0  startup_stm32f10x_hd.o(.text)
    TIM5_IRQHandler                          0x080007f7   Thumb Code     0  startup_stm32f10x_hd.o(.text)
    TIM6_IRQHandler                          0x080007f7   Thumb Code     0  startup_stm32f10x_hd.o(.text)
    TIM7_IRQHandler                          0x080007f7   Thumb Code     0  startup_stm32f10x_hd.o(.text)
    TIM8_BRK_IRQHandler                      0x080007f7   Thumb Code     0  startup_stm32f10x_hd.o(.text)
    TIM8_CC_IRQHandler                       0x080007f7   Thumb Code     0  startup_stm32f10x_hd.o(.text)
    TIM8_TRG_COM_IRQHandler                  0x080007f7   Thumb Code     0  startup_stm32f10x_hd.o(.text)
    TIM8_UP_IRQHandler                       0x080007f7   Thumb Code     0  startup_stm32f10x_hd.o(.text)
    UART4_IRQHandler                         0x080007f7   Thumb Code     0  startup_stm32f10x_hd.o(.text)
    UART5_IRQHandler                         0x080007f7   Thumb Code     0  startup_stm32f10x_hd.o(.text)
    USART2_IRQHandler                        0x080007f7   Thumb Code     0  startup_stm32f10x_hd.o(.text)
    USART3_IRQHandler                        0x080007f7   Thumb Code     0  startup_stm32f10x_hd.o(.text)
    USBWakeUp_IRQHandler                     0x080007f7   Thumb Code     0  startup_stm32f10x_hd.o(.text)
    USB_HP_CAN1_TX_IRQHandler                0x080007f7   Thumb Code     0  startup_stm32f10x_hd.o(.text)
    USB_LP_CAN1_RX0_IRQHandler               0x080007f7   Thumb Code     0  startup_stm32f10x_hd.o(.text)
    WWDG_IRQHandler                          0x080007f7   Thumb Code     0  startup_stm32f10x_hd.o(.text)
    __user_initial_stackheap                 0x080007f9   Thumb Code     0  startup_stm32f10x_hd.o(.text)
    NVIC_PriorityGroupConfig                 0x0800081d   Thumb Code    10  misc.o(.text)
    NVIC_Init                                0x08000827   Thumb Code   100  misc.o(.text)
    NVIC_SetVectorTable                      0x0800088b   Thumb Code    14  misc.o(.text)
    NVIC_SystemLPConfig                      0x08000899   Thumb Code    34  misc.o(.text)
    SysTick_CLKSourceConfig                  0x080008bb   Thumb Code    40  misc.o(.text)
    GPIO_DeInit                              0x080008f9   Thumb Code   172  stm32f10x_gpio.o(.text)
    GPIO_AFIODeInit                          0x080009a5   Thumb Code    20  stm32f10x_gpio.o(.text)
    GPIO_Init                                0x080009b9   Thumb Code   278  stm32f10x_gpio.o(.text)
    GPIO_StructInit                          0x08000acf   Thumb Code    16  stm32f10x_gpio.o(.text)
    GPIO_ReadInputDataBit                    0x08000adf   Thumb Code    18  stm32f10x_gpio.o(.text)
    GPIO_ReadInputData                       0x08000af1   Thumb Code     8  stm32f10x_gpio.o(.text)
    GPIO_ReadOutputDataBit                   0x08000af9   Thumb Code    18  stm32f10x_gpio.o(.text)
    GPIO_ReadOutputData                      0x08000b0b   Thumb Code     8  stm32f10x_gpio.o(.text)
    GPIO_SetBits                             0x08000b13   Thumb Code     4  stm32f10x_gpio.o(.text)
    GPIO_ResetBits                           0x08000b17   Thumb Code     4  stm32f10x_gpio.o(.text)
    GPIO_WriteBit                            0x08000b1b   Thumb Code    10  stm32f10x_gpio.o(.text)
    GPIO_Write                               0x08000b25   Thumb Code     4  stm32f10x_gpio.o(.text)
    GPIO_PinLockConfig                       0x08000b29   Thumb Code    18  stm32f10x_gpio.o(.text)
    GPIO_EventOutputConfig                   0x08000b3b   Thumb Code    26  stm32f10x_gpio.o(.text)
    GPIO_EventOutputCmd                      0x08000b55   Thumb Code     6  stm32f10x_gpio.o(.text)
    GPIO_PinRemapConfig                      0x08000b5b   Thumb Code   138  stm32f10x_gpio.o(.text)
    GPIO_EXTILineConfig                      0x08000be5   Thumb Code    66  stm32f10x_gpio.o(.text)
    GPIO_ETH_MediaInterfaceConfig            0x08000c27   Thumb Code     8  stm32f10x_gpio.o(.text)
    RCC_DeInit                               0x08000c55   Thumb Code    64  stm32f10x_rcc.o(.text)
    RCC_HSEConfig                            0x08000c95   Thumb Code    70  stm32f10x_rcc.o(.text)
    RCC_GetFlagStatus                        0x08000cdb   Thumb Code    56  stm32f10x_rcc.o(.text)
    RCC_WaitForHSEStartUp                    0x08000d13   Thumb Code    56  stm32f10x_rcc.o(.text)
    RCC_AdjustHSICalibrationValue            0x08000d4b   Thumb Code    20  stm32f10x_rcc.o(.text)
    RCC_HSICmd                               0x08000d5f   Thumb Code     6  stm32f10x_rcc.o(.text)
    RCC_PLLConfig                            0x08000d65   Thumb Code    24  stm32f10x_rcc.o(.text)
    RCC_PLLCmd                               0x08000d7d   Thumb Code     6  stm32f10x_rcc.o(.text)
    RCC_SYSCLKConfig                         0x08000d83   Thumb Code    18  stm32f10x_rcc.o(.text)
    RCC_GetSYSCLKSource                      0x08000d95   Thumb Code    10  stm32f10x_rcc.o(.text)
    RCC_HCLKConfig                           0x08000d9f   Thumb Code    18  stm32f10x_rcc.o(.text)
    RCC_PCLK1Config                          0x08000db1   Thumb Code    18  stm32f10x_rcc.o(.text)
    RCC_PCLK2Config                          0x08000dc3   Thumb Code    20  stm32f10x_rcc.o(.text)
    RCC_ITConfig                             0x08000dd7   Thumb Code    26  stm32f10x_rcc.o(.text)
    RCC_USBCLKConfig                         0x08000df1   Thumb Code     8  stm32f10x_rcc.o(.text)
    RCC_ADCCLKConfig                         0x08000df9   Thumb Code    18  stm32f10x_rcc.o(.text)
    RCC_LSEConfig                            0x08000e0b   Thumb Code    50  stm32f10x_rcc.o(.text)
    RCC_LSICmd                               0x08000e3d   Thumb Code     6  stm32f10x_rcc.o(.text)
    RCC_RTCCLKConfig                         0x08000e43   Thumb Code    12  stm32f10x_rcc.o(.text)
    RCC_RTCCLKCmd                            0x08000e4f   Thumb Code     8  stm32f10x_rcc.o(.text)
    RCC_GetClocksFreq                        0x08000e57   Thumb Code   192  stm32f10x_rcc.o(.text)
    RCC_AHBPeriphClockCmd                    0x08000f17   Thumb Code    26  stm32f10x_rcc.o(.text)
    RCC_APB2PeriphClockCmd                   0x08000f31   Thumb Code    26  stm32f10x_rcc.o(.text)
    RCC_APB1PeriphClockCmd                   0x08000f4b   Thumb Code    26  stm32f10x_rcc.o(.text)
    RCC_APB2PeriphResetCmd                   0x08000f65   Thumb Code    26  stm32f10x_rcc.o(.text)
    RCC_APB1PeriphResetCmd                   0x08000f7f   Thumb Code    26  stm32f10x_rcc.o(.text)
    RCC_BackupResetCmd                       0x08000f99   Thumb Code     8  stm32f10x_rcc.o(.text)
    RCC_ClockSecuritySystemCmd               0x08000fa1   Thumb Code     6  stm32f10x_rcc.o(.text)
    RCC_MCOConfig                            0x08000fa7   Thumb Code     6  stm32f10x_rcc.o(.text)
    RCC_ClearFlag                            0x08000fad   Thumb Code    14  stm32f10x_rcc.o(.text)
    RCC_GetITStatus                          0x08000fbb   Thumb Code    20  stm32f10x_rcc.o(.text)
    RCC_ClearITPendingBit                    0x08000fcf   Thumb Code     6  stm32f10x_rcc.o(.text)
    USART_DeInit                             0x08000ff9   Thumb Code   134  stm32f10x_usart.o(.text)
    USART_Init                               0x0800107f   Thumb Code   210  stm32f10x_usart.o(.text)
    USART_StructInit                         0x08001151   Thumb Code    24  stm32f10x_usart.o(.text)
    USART_ClockInit                          0x08001169   Thumb Code    34  stm32f10x_usart.o(.text)
    USART_ClockStructInit                    0x0800118b   Thumb Code    12  stm32f10x_usart.o(.text)
    USART_Cmd                                0x08001197   Thumb Code    24  stm32f10x_usart.o(.text)
    USART_ITConfig                           0x080011af   Thumb Code    74  stm32f10x_usart.o(.text)
    USART_DMACmd                             0x080011f9   Thumb Code    18  stm32f10x_usart.o(.text)
    USART_SetAddress                         0x0800120b   Thumb Code    18  stm32f10x_usart.o(.text)
    USART_WakeUpConfig                       0x0800121d   Thumb Code    18  stm32f10x_usart.o(.text)
    USART_ReceiverWakeUpCmd                  0x0800122f   Thumb Code    24  stm32f10x_usart.o(.text)
    USART_LINBreakDetectLengthConfig         0x08001247   Thumb Code    18  stm32f10x_usart.o(.text)
    USART_LINCmd                             0x08001259   Thumb Code    24  stm32f10x_usart.o(.text)
    USART_SendData                           0x08001271   Thumb Code     8  stm32f10x_usart.o(.text)
    USART_ReceiveData                        0x08001279   Thumb Code    10  stm32f10x_usart.o(.text)
    USART_SendBreak                          0x08001283   Thumb Code    10  stm32f10x_usart.o(.text)
    USART_SetGuardTime                       0x0800128d   Thumb Code    16  stm32f10x_usart.o(.text)
    USART_SetPrescaler                       0x0800129d   Thumb Code    16  stm32f10x_usart.o(.text)
    USART_SmartCardCmd                       0x080012ad   Thumb Code    24  stm32f10x_usart.o(.text)
    USART_SmartCardNACKCmd                   0x080012c5   Thumb Code    24  stm32f10x_usart.o(.text)
    USART_HalfDuplexCmd                      0x080012dd   Thumb Code    24  stm32f10x_usart.o(.text)
    USART_OverSampling8Cmd                   0x080012f5   Thumb Code    22  stm32f10x_usart.o(.text)
    USART_OneBitMethodCmd                    0x0800130b   Thumb Code    24  stm32f10x_usart.o(.text)
    USART_IrDAConfig                         0x08001323   Thumb Code    18  stm32f10x_usart.o(.text)
    USART_IrDACmd                            0x08001335   Thumb Code    24  stm32f10x_usart.o(.text)
    USART_GetFlagStatus                      0x0800134d   Thumb Code    26  stm32f10x_usart.o(.text)
    USART_ClearFlag                          0x08001367   Thumb Code    18  stm32f10x_usart.o(.text)
    USART_GetITStatus                        0x08001379   Thumb Code    84  stm32f10x_usart.o(.text)
    USART_ClearITPendingBit                  0x080013cd   Thumb Code    52  stm32f10x_usart.o(.text)
    OS_TaskStatStkChk                        0x08001401   Thumb Code    54  os_core.o(.text)
    OS_TaskStat                              0x08001437   Thumb Code   116  os_core.o(.text)
    OS_TaskIdle                              0x080014df   Thumb Code    34  os_core.o(.text)
    OS_MemClr                                0x08001535   Thumb Code    18  os_core.o(.text)
    OSInit                                   0x08001653   Thumb Code    44  os_core.o(.text)
    OSIntEnter                               0x0800167f   Thumb Code    28  os_core.o(.text)
    OSIntExit                                0x080016b5   Thumb Code   112  os_core.o(.text)
    OSSchedLock                              0x08001725   Thumb Code    50  os_core.o(.text)
    OS_Sched                                 0x08001757   Thumb Code    88  os_core.o(.text)
    OSSchedUnlock                            0x080017af   Thumb Code   238  os_core.o(.text)
    OSStart                                  0x0800189d   Thumb Code    48  os_core.o(.text)
    OSStatInit                               0x080018cd   Thumb Code    62  os_core.o(.text)
    OSTimeTick                               0x0800190b   Thumb Code   210  os_core.o(.text)
    OSVersion                                0x080019dd   Thumb Code     6  os_core.o(.text)
    OS_Dummy                                 0x080019e3   Thumb Code     2  os_core.o(.text)
    OS_EventTaskRemove                       0x080019e5   Thumb Code    42  os_core.o(.text)
    OS_EventTaskRdy                          0x08001a0f   Thumb Code   114  os_core.o(.text)
    OS_EventTaskWait                         0x08001a81   Thumb Code   112  os_core.o(.text)
    OS_EventWaitListInit                     0x08001af1   Thumb Code    28  os_core.o(.text)
    OS_MemCopy                               0x08001b0d   Thumb Code    20  os_core.o(.text)
    OS_StrLen                                0x08001b21   Thumb Code    20  os_core.o(.text)
    OS_TCBInit                               0x08001b35   Thumb Code   280  os_core.o(.text)
    OSFlagAccept                             0x08001c91   Thumb Code   252  os_flag.o(.text)
    OSFlagCreate                             0x08001d8d   Thumb Code    86  os_flag.o(.text)
    OS_FlagUnlink                            0x08001de3   Thumb Code    36  os_flag.o(.text)
    OSFlagDel                                0x08001e59   Thumb Code   214  os_flag.o(.text)
    OSFlagNameGet                            0x08001f2f   Thumb Code    80  os_flag.o(.text)
    OSFlagNameSet                            0x08001f7f   Thumb Code    66  os_flag.o(.text)
    OSFlagPend                               0x08002059   Thumb Code   614  os_flag.o(.text)
    OSFlagPendGetFlagsRdy                    0x080022bf   Thumb Code    26  os_flag.o(.text)
    OSFlagPost                               0x080022d9   Thumb Code   312  os_flag.o(.text)
    OSFlagQuery                              0x08002411   Thumb Code    48  os_flag.o(.text)
    OS_FlagInit                              0x08002441   Thumb Code    78  os_flag.o(.text)
    OSQAccept                                0x0800249d   Thumb Code    88  os_q.o(.text)
    OSQCreate                                0x080024f5   Thumb Code   140  os_q.o(.text)
    OSQDel                                   0x08002581   Thumb Code   236  os_q.o(.text)
    OSQFlush                                 0x0800266d   Thumb Code    36  os_q.o(.text)
    OSQPend                                  0x08002691   Thumb Code   272  os_q.o(.text)
    OSQPendAbort                             0x080027a1   Thumb Code   128  os_q.o(.text)
    OSQPost                                  0x08002821   Thumb Code   114  os_q.o(.text)
    OSQPostFront                             0x08002893   Thumb Code   136  os_q.o(.text)
    OSQPostOpt                               0x0800291b   Thumb Code   182  os_q.o(.text)
    OSQQuery                                 0x080029d1   Thumb Code    98  os_q.o(.text)
    OS_QInit                                 0x08002a33   Thumb Code    72  os_q.o(.text)
    OSTaskChangePrio                         0x08002a85   Thumb Code   308  os_task.o(.text)
    OSTaskCreate                             0x08002bb9   Thumb Code   148  os_task.o(.text)
    OS_TaskStkClr                            0x08002c4d   Thumb Code    26  os_task.o(.text)
    OSTaskCreateExt                          0x08002c67   Thumb Code   170  os_task.o(.text)
    OSTaskDel                                0x08002d11   Thumb Code   294  os_task.o(.text)
    OSTaskDelReq                             0x08002e37   Thumb Code   144  os_task.o(.text)
    OSTaskNameGet                            0x08002ec7   Thumb Code   114  os_task.o(.text)
    OSTaskNameSet                            0x08002f39   Thumb Code    98  os_task.o(.text)
    OSTaskResume                             0x08002f9b   Thumb Code   154  os_task.o(.text)
    OSTaskStkChk                             0x08003035   Thumb Code   132  os_task.o(.text)
    OSTaskSuspend                            0x080030b9   Thumb Code   152  os_task.o(.text)
    OSTaskQuery                              0x08003151   Thumb Code    82  os_task.o(.text)
    OSTaskRegGet                             0x080031a3   Thumb Code    60  os_task.o(.text)
    OSTaskRegSet                             0x080031df   Thumb Code    62  os_task.o(.text)
    OS_TaskReturn                            0x0800321d   Thumb Code    18  os_task.o(.text)
    OSTimeDly                                0x08003249   Thumb Code   100  os_time.o(.text)
    OSTimeDlyHMSM                            0x080032ad   Thumb Code    86  os_time.o(.text)
    OSTimeDlyResume                          0x08003303   Thumb Code   168  os_time.o(.text)
    OSTimeGet                                0x080033ab   Thumb Code    24  os_time.o(.text)
    OSTimeSet                                0x080033c3   Thumb Code    24  os_time.o(.text)
    OSInitHookBegin                          0x080033f9   Thumb Code     2  os_cpu_c.o(.text)
    OSInitHookEnd                            0x080033fb   Thumb Code     2  os_cpu_c.o(.text)
    OSTaskCreateHook                         0x080033fd   Thumb Code     2  os_cpu_c.o(.text)
    OSTaskDelHook                            0x080033ff   Thumb Code     2  os_cpu_c.o(.text)
    OSTaskIdleHook                           0x08003401   Thumb Code     2  os_cpu_c.o(.text)
    OSTaskStatHook                           0x08003403   Thumb Code     2  os_cpu_c.o(.text)
    OSTaskStkInit                            0x08003405   Thumb Code   154  os_cpu_c.o(.text)
    OSTaskSwHook                             0x0800349f   Thumb Code     2  os_cpu_c.o(.text)
    OSTCBInitHook                            0x080034a1   Thumb Code     2  os_cpu_c.o(.text)
    OSTimeTickHook                           0x080034a3   Thumb Code     2  os_cpu_c.o(.text)
    OSTaskReturnHook                         0x080034a5   Thumb Code     2  os_cpu_c.o(.text)
    OS_CPU_SR_Save                           0x080034a9   Thumb Code     0  os_cpu_a.o(.text)
    OS_CPU_SR_Restore                        0x080034b1   Thumb Code     0  os_cpu_a.o(.text)
    OSStartHighRdy                           0x080034b7   Thumb Code     0  os_cpu_a.o(.text)
    OSCtxSw                                  0x080034d9   Thumb Code     0  os_cpu_a.o(.text)
    OSIntCtxSw                               0x080034e7   Thumb Code     0  os_cpu_a.o(.text)
    PendSV_Handler                           0x080034f7   Thumb Code     0  os_cpu_a.o(.text)
    __use_no_semihosting                     0x0800355d   Thumb Code     2  use_no_semi_2.o(.text)
    __2printf                                0x08003561   Thumb Code    20  noretval__2printf.o(.text)
    __printf                                 0x08003579   Thumb Code   270  __printf_wp.o(.text)
    __use_two_region_memory                  0x08003687   Thumb Code     2  heapauxi.o(.text)
    __rt_heap_escrow$2region                 0x08003689   Thumb Code     2  heapauxi.o(.text)
    __rt_heap_expand$2region                 0x0800368b   Thumb Code     2  heapauxi.o(.text)
    __I$use$semihosting                      0x0800368d   Thumb Code     0  use_no_semi.o(.text)
    __use_no_semihosting_swi                 0x0800368d   Thumb Code     2  use_no_semi.o(.text)
    __lib_sel_fp_printf                      0x0800368f   Thumb Code     2  _printf_fp_dec.o(.text)
    _printf_fp_dec_real                      0x08003841   Thumb Code   620  _printf_fp_dec.o(.text)
    _printf_char_file                        0x08003aad   Thumb Code    32  _printf_char_file.o(.text)
    __rt_locale                              0x08003ad1   Thumb Code     8  rt_locale_intlibspace.o(.text)
    _ll_udiv10                               0x08003ad9   Thumb Code   138  lludiv10.o(.text)
    _printf_char_common                      0x08003b6f   Thumb Code    32  _printf_char_common.o(.text)
    _printf_fp_infnan                        0x08003b95   Thumb Code   112  _printf_fp_infnan.o(.text)
    _btod_etento                             0x08003c15   Thumb Code   224  bigflt0.o(.text)
    ferror                                   0x08003cf9   Thumb Code     8  ferror.o(.text)
    __user_libspace                          0x08003d01   Thumb Code     8  libspace.o(.text)
    __user_perproc_libspace                  0x08003d01   Thumb Code     0  libspace.o(.text)
    __user_perthread_libspace                0x08003d01   Thumb Code     0  libspace.o(.text)
    __user_setup_stackheap                   0x08003d09   Thumb Code    74  sys_stackheap_outer.o(.text)
    exit                                     0x08003d53   Thumb Code    18  exit.o(.text)
    strcmp                                   0x08003d65   Thumb Code   128  strcmpv7m.o(.text)
    _btod_d2e                                0x08003de5   Thumb Code    62  btod.o(CL$$btod_d2e)
    _d2e_denorm_low                          0x08003e23   Thumb Code    70  btod.o(CL$$btod_d2e_denorm_low)
    _d2e_norm_op1                            0x08003e69   Thumb Code    96  btod.o(CL$$btod_d2e_norm_op1)
    __btod_div_common                        0x08003ec9   Thumb Code   696  btod.o(CL$$btod_div_common)
    _e2e                                     0x08004201   Thumb Code   220  btod.o(CL$$btod_e2e)
    _btod_ediv                               0x080042dd   Thumb Code    42  btod.o(CL$$btod_ediv)
    _btod_emul                               0x08004307   Thumb Code    42  btod.o(CL$$btod_emul)
    __btod_mult_common                       0x08004331   Thumb Code   580  btod.o(CL$$btod_mult_common)
    __ARM_fpclassify                         0x08004575   Thumb Code    40  fpclassify.o(i.__ARM_fpclassify)
    _is_digit                                0x0800459d   Thumb Code    14  __printf_wp.o(i._is_digit)
    _get_lc_numeric                          0x080045ad   Thumb Code    44  lc_numeric_c.o(locale$$code)
    __fpl_dretinf                            0x080045d9   Thumb Code    12  dretinf.o(x$fpl$dretinf)
    __aeabi_f2d                              0x080045e5   Thumb Code     0  f2d.o(x$fpl$f2d)
    _f2d                                     0x080045e5   Thumb Code    86  f2d.o(x$fpl$f2d)
    __aeabi_fadd                             0x0800463d   Thumb Code     0  faddsub_clz.o(x$fpl$fadd)
    _fadd                                    0x0800463d   Thumb Code   196  faddsub_clz.o(x$fpl$fadd)
    __fpl_fnaninf                            0x08004701   Thumb Code   140  fnaninf.o(x$fpl$fnaninf)
    __fpl_fretinf                            0x0800478d   Thumb Code    10  fretinf.o(x$fpl$fretinf)
    __aeabi_fsub                             0x08004799   Thumb Code     0  faddsub_clz.o(x$fpl$fsub)
    _fsub                                    0x08004799   Thumb Code   234  faddsub_clz.o(x$fpl$fsub)
    _printf_fp_dec                           0x08004883   Thumb Code     4  printf1.o(x$fpl$printf1)
    OSUnMapTbl                               0x08004886   Data         256  os_core.o(.constdata)
    __I$use$fp                               0x08004886   Number         0  usenofp.o(x$fpl$usenofp)
    Region$$Table$$Base                      0x08004a1c   Number         0  anon$$obj.o(Region$$Table)
    Region$$Table$$Limit                     0x08004a3c   Number         0  anon$$obj.o(Region$$Table)
    SystemCoreClock                          0x20000004   Data           4  system_stm32f10x.o(.data)
    AHBPrescTable                            0x20000008   Data          16  system_stm32f10x.o(.data)
    __stdout                                 0x2000001c   Data           4  usart.o(.data)
    USART_RX_STA                             0x20000020   Data           2  usart.o(.data)
    OSCtxSwCtr                               0x20000038   Data           4  os_core.o(.data)
    OSEventFreeList                          0x2000003c   Data           4  os_core.o(.data)
    OSFlagFreeList                           0x20000040   Data           4  os_core.o(.data)
    OSCPUUsage                               0x20000044   Data           1  os_core.o(.data)
    OSIdleCtrMax                             0x20000048   Data           4  os_core.o(.data)
    OSIdleCtrRun                             0x2000004c   Data           4  os_core.o(.data)
    OSStatRdy                                0x20000050   Data           1  os_core.o(.data)
    OSIntNesting                             0x20000051   Data           1  os_core.o(.data)
    OSLockNesting                            0x20000052   Data           1  os_core.o(.data)
    OSPrioCur                                0x20000053   Data           1  os_core.o(.data)
    OSPrioHighRdy                            0x20000054   Data           1  os_core.o(.data)
    OSRdyGrp                                 0x20000055   Data           1  os_core.o(.data)
    OSRdyTbl                                 0x20000056   Data           8  os_core.o(.data)
    OSRunning                                0x2000005e   Data           1  os_core.o(.data)
    OSTaskCtr                                0x2000005f   Data           1  os_core.o(.data)
    OSIdleCtr                                0x20000060   Data           4  os_core.o(.data)
    OSTCBCur                                 0x20000064   Data           4  os_core.o(.data)
    OSTCBFreeList                            0x20000068   Data           4  os_core.o(.data)
    OSTCBHighRdy                             0x2000006c   Data           4  os_core.o(.data)
    OSTCBList                                0x20000070   Data           4  os_core.o(.data)
    OSTickStepState                          0x20000074   Data           1  os_core.o(.data)
    OSQFreeList                              0x20000078   Data           4  os_core.o(.data)
    OSTime                                   0x2000007c   Data           4  os_core.o(.data)
    START_TASK_STK                           0x20000080   Data         512  main.o(.bss)
    LED0_TASK_STK                            0x20000280   Data         256  main.o(.bss)
    LED1_TASK_STK                            0x20000380   Data         256  main.o(.bss)
    FLOAT_TASK_STK                           0x20000480   Data         512  main.o(.bss)
    USART_RX_BUF                             0x20000680   Data         200  usart.o(.bss)
    OSEventTbl                               0x20000748   Data         200  os_core.o(.bss)
    OSFlagTbl                                0x20000810   Data          80  os_core.o(.bss)
    OSTaskStatStk                            0x20000860   Data         512  os_core.o(.bss)
    OSTaskIdleStk                            0x20000a60   Data         512  os_core.o(.bss)
    OSTCBPrioTbl                             0x20000c60   Data         256  os_core.o(.bss)
    OSTCBTbl                                 0x20000d60   Data        1008  os_core.o(.bss)
    OSQTbl                                   0x20001150   Data         120  os_core.o(.bss)
    __libspace_start                         0x200011c8   Data          96  libspace.o(.bss)
    __temporary_stack_top$libspace           0x20001228   Data           0  libspace.o(.bss)



==============================================================================

Memory Map of the image

  Image Entry point : 0x08000131

  Load Region LR_IROM1 (Base: 0x08000000, Size: 0x00004ad8, Max: 0x00080000, ABSOLUTE)

    Execution Region ER_IROM1 (Exec base: 0x08000000, Load base: 0x08000000, Size: 0x00004a58, Max: 0x00080000, ABSOLUTE)

    Exec Addr    Load Addr    Size         Type   Attr      Idx    E Section Name        Object

    0x08000000   0x08000000   0x00000130   Data   RO          427    RESET               startup_stm32f10x_hd.o
    0x08000130   0x08000130   0x00000008   Code   RO          657  * !!!main             c_w.l(__main.o)
    0x08000138   0x08000138   0x00000034   Code   RO          885    !!!scatter          c_w.l(__scatter.o)
    0x0800016c   0x0800016c   0x0000001a   Code   RO          887    !!handler_copy      c_w.l(__scatter_copy.o)
    0x08000186   0x08000186   0x00000002   PAD
    0x08000188   0x08000188   0x0000001c   Code   RO          889    !!handler_zi        c_w.l(__scatter_zi.o)
    0x080001a4   0x080001a4   0x00000000   Code   RO          654    .ARM.Collect$$_printf_percent$$00000000  c_w.l(_printf_percent.o)
    0x080001a4   0x080001a4   0x00000006   Code   RO          653    .ARM.Collect$$_printf_percent$$00000003  c_w.l(_printf_f.o)
    0x080001aa   0x080001aa   0x00000004   Code   RO          676    .ARM.Collect$$_printf_percent$$00000017  c_w.l(_printf_percent_end.o)
    0x080001ae   0x080001ae   0x00000002   Code   RO          762    .ARM.Collect$$libinit$$00000000  c_w.l(libinit.o)
    0x080001b0   0x080001b0   0x00000000   Code   RO          764    .ARM.Collect$$libinit$$00000002  c_w.l(libinit2.o)
    0x080001b0   0x080001b0   0x00000000   Code   RO          766    .ARM.Collect$$libinit$$00000004  c_w.l(libinit2.o)
    0x080001b0   0x080001b0   0x00000000   Code   RO          769    .ARM.Collect$$libinit$$0000000A  c_w.l(libinit2.o)
    0x080001b0   0x080001b0   0x00000000   Code   RO          771    .ARM.Collect$$libinit$$0000000C  c_w.l(libinit2.o)
    0x080001b0   0x080001b0   0x00000000   Code   RO          773    .ARM.Collect$$libinit$$0000000E  c_w.l(libinit2.o)
    0x080001b0   0x080001b0   0x00000006   Code   RO          774    .ARM.Collect$$libinit$$0000000F  c_w.l(libinit2.o)
    0x080001b6   0x080001b6   0x00000000   Code   RO          776    .ARM.Collect$$libinit$$00000011  c_w.l(libinit2.o)
    0x080001b6   0x080001b6   0x00000000   Code   RO          778    .ARM.Collect$$libinit$$00000013  c_w.l(libinit2.o)
    0x080001b6   0x080001b6   0x00000000   Code   RO          780    .ARM.Collect$$libinit$$00000015  c_w.l(libinit2.o)
    0x080001b6   0x080001b6   0x0000000a   Code   RO          781    .ARM.Collect$$libinit$$00000016  c_w.l(libinit2.o)
    0x080001c0   0x080001c0   0x00000000   Code   RO          782    .ARM.Collect$$libinit$$00000017  c_w.l(libinit2.o)
    0x080001c0   0x080001c0   0x00000000   Code   RO          784    .ARM.Collect$$libinit$$00000019  c_w.l(libinit2.o)
    0x080001c0   0x080001c0   0x00000000   Code   RO          786    .ARM.Collect$$libinit$$0000001B  c_w.l(libinit2.o)
    0x080001c0   0x080001c0   0x00000000   Code   RO          788    .ARM.Collect$$libinit$$0000001D  c_w.l(libinit2.o)
    0x080001c0   0x080001c0   0x00000000   Code   RO          790    .ARM.Collect$$libinit$$0000001F  c_w.l(libinit2.o)
    0x080001c0   0x080001c0   0x00000000   Code   RO          792    .ARM.Collect$$libinit$$00000021  c_w.l(libinit2.o)
    0x080001c0   0x080001c0   0x00000000   Code   RO          794    .ARM.Collect$$libinit$$00000023  c_w.l(libinit2.o)
    0x080001c0   0x080001c0   0x00000000   Code   RO          796    .ARM.Collect$$libinit$$00000025  c_w.l(libinit2.o)
    0x080001c0   0x080001c0   0x00000000   Code   RO          800    .ARM.Collect$$libinit$$0000002C  c_w.l(libinit2.o)
    0x080001c0   0x080001c0   0x00000000   Code   RO          802    .ARM.Collect$$libinit$$0000002E  c_w.l(libinit2.o)
    0x080001c0   0x080001c0   0x00000000   Code   RO          804    .ARM.Collect$$libinit$$00000030  c_w.l(libinit2.o)
    0x080001c0   0x080001c0   0x00000000   Code   RO          806    .ARM.Collect$$libinit$$00000032  c_w.l(libinit2.o)
    0x080001c0   0x080001c0   0x00000002   Code   RO          807    .ARM.Collect$$libinit$$00000033  c_w.l(libinit2.o)
    0x080001c2   0x080001c2   0x00000002   Code   RO          835    .ARM.Collect$$libshutdown$$00000000  c_w.l(libshutdown.o)
    0x080001c4   0x080001c4   0x00000000   Code   RO          844    .ARM.Collect$$libshutdown$$00000002  c_w.l(libshutdown2.o)
    0x080001c4   0x080001c4   0x00000000   Code   RO          846    .ARM.Collect$$libshutdown$$00000004  c_w.l(libshutdown2.o)
    0x080001c4   0x080001c4   0x00000000   Code   RO          849    .ARM.Collect$$libshutdown$$00000007  c_w.l(libshutdown2.o)
    0x080001c4   0x080001c4   0x00000000   Code   RO          852    .ARM.Collect$$libshutdown$$0000000A  c_w.l(libshutdown2.o)
    0x080001c4   0x080001c4   0x00000000   Code   RO          854    .ARM.Collect$$libshutdown$$0000000C  c_w.l(libshutdown2.o)
    0x080001c4   0x080001c4   0x00000000   Code   RO          857    .ARM.Collect$$libshutdown$$0000000F  c_w.l(libshutdown2.o)
    0x080001c4   0x080001c4   0x00000002   Code   RO          858    .ARM.Collect$$libshutdown$$00000010  c_w.l(libshutdown2.o)
    0x080001c6   0x080001c6   0x00000000   Code   RO          671    .ARM.Collect$$rtentry$$00000000  c_w.l(__rtentry.o)
    0x080001c6   0x080001c6   0x00000000   Code   RO          685    .ARM.Collect$$rtentry$$00000002  c_w.l(__rtentry2.o)
    0x080001c6   0x080001c6   0x00000006   Code   RO          697    .ARM.Collect$$rtentry$$00000004  c_w.l(__rtentry4.o)
    0x080001cc   0x080001cc   0x00000000   Code   RO          687    .ARM.Collect$$rtentry$$00000009  c_w.l(__rtentry2.o)
    0x080001cc   0x080001cc   0x00000004   Code   RO          688    .ARM.Collect$$rtentry$$0000000A  c_w.l(__rtentry2.o)
    0x080001d0   0x080001d0   0x00000000   Code   RO          690    .ARM.Collect$$rtentry$$0000000C  c_w.l(__rtentry2.o)
    0x080001d0   0x080001d0   0x00000008   Code   RO          691    .ARM.Collect$$rtentry$$0000000D  c_w.l(__rtentry2.o)
    0x080001d8   0x080001d8   0x00000002   Code   RO          808    .ARM.Collect$$rtexit$$00000000  c_w.l(rtexit.o)
    0x080001da   0x080001da   0x00000000   Code   RO          815    .ARM.Collect$$rtexit$$00000002  c_w.l(rtexit2.o)
    0x080001da   0x080001da   0x00000004   Code   RO          816    .ARM.Collect$$rtexit$$00000003  c_w.l(rtexit2.o)
    0x080001de   0x080001de   0x00000006   Code   RO          817    .ARM.Collect$$rtexit$$00000004  c_w.l(rtexit2.o)
    0x080001e4   0x080001e4   0x0000013c   Code   RO            1    .text               main.o
    0x08000320   0x08000320   0x00000016   Code   RO          149    .text               stm32f10x_it.o
    0x08000336   0x08000336   0x00000002   PAD
    0x08000338   0x08000338   0x000001e0   Code   RO          250    .text               system_stm32f10x.o
    0x08000518   0x08000518   0x0000004c   Code   RO          268    .text               led.o
    0x08000564   0x08000564   0x00000130   Code   RO          331    .text               delay.o
    0x08000694   0x08000694   0x00000148   Code   RO          392    .text               usart.o
    0x080007dc   0x080007dc   0x00000040   Code   RO          428    .text               startup_stm32f10x_hd.o
    0x0800081c   0x0800081c   0x000000dc   Code   RO          432    .text               misc.o
    0x080008f8   0x080008f8   0x0000035c   Code   RO          444    .text               stm32f10x_gpio.o
    0x08000c54   0x08000c54   0x000003a4   Code   RO          456    .text               stm32f10x_rcc.o
    0x08000ff8   0x08000ff8   0x00000408   Code   RO          470    .text               stm32f10x_usart.o
    0x08001400   0x08001400   0x00000890   Code   RO          482    .text               os_core.o
    0x08001c90   0x08001c90   0x0000080c   Code   RO          502    .text               os_flag.o
    0x0800249c   0x0800249c   0x000005e8   Code   RO          544    .text               os_q.o
    0x08002a84   0x08002a84   0x000007c4   Code   RO          568    .text               os_task.o
    0x08003248   0x08003248   0x000001b0   Code   RO          580    .text               os_time.o
    0x080033f8   0x080033f8   0x000000ae   Code   RO          598    .text               os_cpu_c.o
    0x080034a6   0x080034a6   0x00000002   PAD
    0x080034a8   0x080034a8   0x000000b4   Code   RO          620    .text               os_cpu_a.o
    0x0800355c   0x0800355c   0x00000002   Code   RO          625    .text               c_w.l(use_no_semi_2.o)
    0x0800355e   0x0800355e   0x00000002   PAD
    0x08003560   0x08003560   0x00000018   Code   RO          629    .text               c_w.l(noretval__2printf.o)
    0x08003578   0x08003578   0x0000010e   Code   RO          641    .text               c_w.l(__printf_wp.o)
    0x08003686   0x08003686   0x00000006   Code   RO          655    .text               c_w.l(heapauxi.o)
    0x0800368c   0x0800368c   0x00000002   Code   RO          669    .text               c_w.l(use_no_semi.o)
    0x0800368e   0x0800368e   0x0000041e   Code   RO          672    .text               c_w.l(_printf_fp_dec.o)
    0x08003aac   0x08003aac   0x00000024   Code   RO          674    .text               c_w.l(_printf_char_file.o)
    0x08003ad0   0x08003ad0   0x00000008   Code   RO          702    .text               c_w.l(rt_locale_intlibspace.o)
    0x08003ad8   0x08003ad8   0x0000008a   Code   RO          704    .text               c_w.l(lludiv10.o)
    0x08003b62   0x08003b62   0x00000002   PAD
    0x08003b64   0x08003b64   0x00000030   Code   RO          706    .text               c_w.l(_printf_char_common.o)
    0x08003b94   0x08003b94   0x00000080   Code   RO          708    .text               c_w.l(_printf_fp_infnan.o)
    0x08003c14   0x08003c14   0x000000e4   Code   RO          710    .text               c_w.l(bigflt0.o)
    0x08003cf8   0x08003cf8   0x00000008   Code   RO          735    .text               c_w.l(ferror.o)
    0x08003d00   0x08003d00   0x00000008   Code   RO          746    .text               c_w.l(libspace.o)
    0x08003d08   0x08003d08   0x0000004a   Code   RO          749    .text               c_w.l(sys_stackheap_outer.o)
    0x08003d52   0x08003d52   0x00000012   Code   RO          753    .text               c_w.l(exit.o)
    0x08003d64   0x08003d64   0x00000080   Code   RO          755    .text               c_w.l(strcmpv7m.o)
    0x08003de4   0x08003de4   0x0000003e   Code   RO          713    CL$$btod_d2e        c_w.l(btod.o)
    0x08003e22   0x08003e22   0x00000046   Code   RO          715    CL$$btod_d2e_denorm_low  c_w.l(btod.o)
    0x08003e68   0x08003e68   0x00000060   Code   RO          714    CL$$btod_d2e_norm_op1  c_w.l(btod.o)
    0x08003ec8   0x08003ec8   0x00000338   Code   RO          723    CL$$btod_div_common  c_w.l(btod.o)
    0x08004200   0x08004200   0x000000dc   Code   RO          720    CL$$btod_e2e        c_w.l(btod.o)
    0x080042dc   0x080042dc   0x0000002a   Code   RO          717    CL$$btod_ediv       c_w.l(btod.o)
    0x08004306   0x08004306   0x0000002a   Code   RO          716    CL$$btod_emul       c_w.l(btod.o)
    0x08004330   0x08004330   0x00000244   Code   RO          722    CL$$btod_mult_common  c_w.l(btod.o)
    0x08004574   0x08004574   0x00000028   Code   RO          744    i.__ARM_fpclassify  m_ws.l(fpclassify.o)
    0x0800459c   0x0800459c   0x0000000e   Code   RO          643    i._is_digit         c_w.l(__printf_wp.o)
    0x080045aa   0x080045aa   0x00000002   PAD
    0x080045ac   0x080045ac   0x0000002c   Code   RO          740    locale$$code        c_w.l(lc_numeric_c.o)
    0x080045d8   0x080045d8   0x0000000c   Code   RO          677    x$fpl$dretinf       fz_ws.l(dretinf.o)
    0x080045e4   0x080045e4   0x00000056   Code   RO          659    x$fpl$f2d           fz_ws.l(f2d.o)
    0x0800463a   0x0800463a   0x00000002   PAD
    0x0800463c   0x0800463c   0x000000c4   Code   RO          661    x$fpl$fadd          fz_ws.l(faddsub_clz.o)
    0x08004700   0x08004700   0x0000008c   Code   RO          679    x$fpl$fnaninf       fz_ws.l(fnaninf.o)
    0x0800478c   0x0800478c   0x0000000a   Code   RO          681    x$fpl$fretinf       fz_ws.l(fretinf.o)
    0x08004796   0x08004796   0x00000002   PAD
    0x08004798   0x08004798   0x000000ea   Code   RO          663    x$fpl$fsub          fz_ws.l(faddsub_clz.o)
    0x08004882   0x08004882   0x00000004   Code   RO          667    x$fpl$printf1       fz_ws.l(printf1.o)
    0x08004886   0x08004886   0x00000000   Code   RO          683    x$fpl$usenofp       fz_ws.l(usenofp.o)
    0x08004886   0x08004886   0x00000100   Data   RO          484    .constdata          os_core.o
    0x08004986   0x08004986   0x00000002   PAD
    0x08004988   0x08004988   0x00000094   Data   RO          711    .constdata          c_w.l(bigflt0.o)
    0x08004a1c   0x08004a1c   0x00000020   Data   RO          883    Region$$Table       anon$$obj.o
    0x08004a3c   0x08004a3c   0x0000001c   Data   RO          739    locale$$data        c_w.l(lc_numeric_c.o)


    Execution Region RW_IRAM1 (Exec base: 0x20000000, Load base: 0x08004a58, Size: 0x00001828, Max: 0x00010000, ABSOLUTE)

    Exec Addr    Load Addr    Size         Type   Attr      Idx    E Section Name        Object

    0x20000000   0x08004a58   0x00000004   Data   RW            3    .data               main.o
    0x20000004   0x08004a5c   0x00000014   Data   RW          251    .data               system_stm32f10x.o
    0x20000018   0x08004a70   0x00000004   Data   RW          332    .data               delay.o
    0x2000001c   0x08004a74   0x00000006   Data   RW          394    .data               usart.o
    0x20000022   0x08004a7a   0x00000014   Data   RW          457    .data               stm32f10x_rcc.o
    0x20000036   0x08004a8e   0x00000002   PAD
    0x20000038   0x08004a90   0x00000048   Data   RW          485    .data               os_core.o
    0x20000080        -       0x00000600   Zero   RW            2    .bss                main.o
    0x20000680        -       0x000000c8   Zero   RW          393    .bss                usart.o
    0x20000748        -       0x00000a80   Zero   RW          483    .bss                os_core.o
    0x200011c8        -       0x00000060   Zero   RW          747    .bss                c_w.l(libspace.o)
    0x20001228        -       0x00000200   Zero   RW          426    HEAP                startup_stm32f10x_hd.o
    0x20001428        -       0x00000400   Zero   RW          425    STACK               startup_stm32f10x_hd.o


==============================================================================

Image component sizes


      Code (inc. data)   RO Data    RW Data    ZI Data      Debug   Object Name

       304         24          0          4          0      10574   delay.o
        76          8          0          0          0     205275   led.o
       316         66          0          4       1536       4330   main.o
       220         22          0          0          0       1801   misc.o
      2192        218        256         72       2688      14991   os_core.o
       180         36          0          0          0        328   os_cpu_a.o
       174          0          0          0          0      10406   os_cpu_c.o
      2060         42          0          0          0       7108   os_flag.o
      1512         30          0          0          0       5773   os_q.o
      1988         70          0          0          0       7785   os_task.o
       432         30          0          0          0       1850   os_time.o
        64         26        304          0       1536        784   startup_stm32f10x_hd.o
       860         38          0          0          0       5737   stm32f10x_gpio.o
        22          0          0          0          0      27223   stm32f10x_it.o
       932         36          0         20          0       8920   stm32f10x_rcc.o
      1032         22          0          0          0       8460   stm32f10x_usart.o
         0          0          0          0          0         32   sys.o
       480         38          0         20          0       1743   system_stm32f10x.o
       328         18          0          6        200       3162   usart.o

    ----------------------------------------------------------------------
     13176        724        594        128       5960     326282   Object Totals
         0          0         32          0          0          0   (incl. Generated)
         4          0          2          2          0          0   (incl. Padding)

    ----------------------------------------------------------------------

      Code (inc. data)   RO Data    RW Data    ZI Data      Debug   Library Member Name

         8          0          0          0          0         68   __main.o
       284          0          0          0          0        156   __printf_wp.o
         0          0          0          0          0          0   __rtentry.o
        12          0          0          0          0          0   __rtentry2.o
         6          0          0          0          0          0   __rtentry4.o
        52          8          0          0          0          0   __scatter.o
        26          0          0          0          0          0   __scatter_copy.o
        28          0          0          0          0          0   __scatter_zi.o
        48          6          0          0          0         96   _printf_char_common.o
        36          4          0          0          0         80   _printf_char_file.o
         6          0          0          0          0          0   _printf_f.o
      1054          0          0          0          0        216   _printf_fp_dec.o
       128         16          0          0          0         84   _printf_fp_infnan.o
         0          0          0          0          0          0   _printf_percent.o
         4          0          0          0          0          0   _printf_percent_end.o
       228          4        148          0          0         96   bigflt0.o
      1936        128          0          0          0        672   btod.o
        18          0          0          0          0         80   exit.o
         8          0          0          0          0         68   ferror.o
         6          0          0          0          0        152   heapauxi.o
        44         10         28          0          0         76   lc_numeric_c.o
         2          0          0          0          0          0   libinit.o
        18          0          0          0          0          0   libinit2.o
         2          0          0          0          0          0   libshutdown.o
         2          0          0          0          0          0   libshutdown2.o
         8          4          0          0         96         68   libspace.o
       138          0          0          0          0         80   lludiv10.o
        24          4          0          0          0         84   noretval__2printf.o
         8          4          0          0          0         68   rt_locale_intlibspace.o
         2          0          0          0          0          0   rtexit.o
        10          0          0          0          0          0   rtexit2.o
       128          0          0          0          0         68   strcmpv7m.o
        74          0          0          0          0         80   sys_stackheap_outer.o
         2          0          0          0          0         68   use_no_semi.o
         2          0          0          0          0         68   use_no_semi_2.o
        12          0          0          0          0         68   dretinf.o
        86          4          0          0          0         84   f2d.o
       430          8          0          0          0        168   faddsub_clz.o
       140          4          0          0          0         84   fnaninf.o
        10          0          0          0          0         68   fretinf.o
         4          0          0          0          0         68   printf1.o
         0          0          0          0          0          0   usenofp.o
        40          0          0          0          0         68   fpclassify.o

    ----------------------------------------------------------------------
      5086        204        176          0         96       3036   Library Totals
        12          0          0          0          0          0   (incl. Padding)

    ----------------------------------------------------------------------

      Code (inc. data)   RO Data    RW Data    ZI Data      Debug   Library Name

      4352        188        176          0         96       2428   c_w.l
       682         16          0          0          0        540   fz_ws.l
        40          0          0          0          0         68   m_ws.l

    ----------------------------------------------------------------------
      5086        204        176          0         96       3036   Library Totals

    ----------------------------------------------------------------------

==============================================================================


      Code (inc. data)   RO Data    RW Data    ZI Data      Debug   

     18262        928        770        128       6056     326246   Grand Totals
     18262        928        770        128       6056     326246   ELF Image Totals
     18262        928        770        128          0          0   ROM Totals

==============================================================================

    Total RO  Size (Code + RO Data)                19032 (  18.59kB)
    Total RW  Size (RW Data + ZI Data)              6184 (   6.04kB)
    Total ROM Size (Code + RO Data + RW Data)      19160 (  18.71kB)

==============================================================================

