Component: ARM Compiler 5.06 update 6 (build 750) Tool: armlink [4d35ed]

==============================================================================

Section Cross References

    main.o(.text) refers to tasks.o(.text) for vTaskDelay
    main.o(.text) refers to port.o(.text) for vPortEnterCritical
    main.o(.text) refers to misc.o(.text) for NVIC_PriorityGroupConfig
    main.o(.text) refers to delay.o(.text) for delay_init
    main.o(.text) refers to usart.o(.text) for uart_init
    main.o(.text) refers to led.o(.text) for LED_Init
    main.o(.text) refers to main.o(.data) for LED0Task_Handler
    system_stm32f10x.o(.text) refers to system_stm32f10x.o(.data) for SystemCoreClock
    led.o(.text) refers to stm32f10x_rcc.o(.text) for RCC_APB2PeriphClockCmd
    led.o(.text) refers to stm32f10x_gpio.o(.text) for GPIO_Init
    key.o(.text) refers to stm32f10x_rcc.o(.text) for RCC_APB2PeriphClockCmd
    key.o(.text) refers to stm32f10x_gpio.o(.text) for GPIO_Init
    key.o(.text) refers to delay.o(.text) for delay_ms
    key.o(.text) refers to key.o(.data) for key_up
    delay.o(.text) refers to tasks.o(.text) for xTaskGetSchedulerState
    delay.o(.text) refers to port.o(.text) for xPortSysTickHandler
    delay.o(.text) refers to misc.o(.text) for SysTick_CLKSourceConfig
    delay.o(.text) refers to system_stm32f10x.o(.data) for SystemCoreClock
    delay.o(.text) refers to delay.o(.data) for fac_us
    usart.o(.text) refers (Special) to use_no_semi_2.o(.text) for __use_no_semihosting
    usart.o(.text) refers to stm32f10x_rcc.o(.text) for RCC_APB2PeriphClockCmd
    usart.o(.text) refers to stm32f10x_gpio.o(.text) for GPIO_Init
    usart.o(.text) refers to misc.o(.text) for NVIC_Init
    usart.o(.text) refers to stm32f10x_usart.o(.text) for USART_Init
    usart.o(.text) refers to usart.o(.data) for USART_RX_STA
    usart.o(.text) refers to usart.o(.bss) for USART_RX_BUF
    usart.o(.bss) refers (Special) to use_no_semi_2.o(.text) for __use_no_semihosting
    usart.o(.data) refers (Special) to use_no_semi_2.o(.text) for __use_no_semihosting
    startup_stm32f10x_hd.o(STACK) refers (Special) to heapauxi.o(.text) for __use_two_region_memory
    startup_stm32f10x_hd.o(HEAP) refers (Special) to heapauxi.o(.text) for __use_two_region_memory
    startup_stm32f10x_hd.o(RESET) refers (Special) to heapauxi.o(.text) for __use_two_region_memory
    startup_stm32f10x_hd.o(RESET) refers to startup_stm32f10x_hd.o(STACK) for __initial_sp
    startup_stm32f10x_hd.o(RESET) refers to startup_stm32f10x_hd.o(.text) for Reset_Handler
    startup_stm32f10x_hd.o(RESET) refers to stm32f10x_it.o(.text) for NMI_Handler
    startup_stm32f10x_hd.o(RESET) refers to port.o(.emb_text) for SVC_Handler
    startup_stm32f10x_hd.o(RESET) refers to delay.o(.text) for SysTick_Handler
    startup_stm32f10x_hd.o(RESET) refers to usart.o(.text) for USART1_IRQHandler
    startup_stm32f10x_hd.o(.text) refers (Special) to heapauxi.o(.text) for __use_two_region_memory
    startup_stm32f10x_hd.o(.text) refers to system_stm32f10x.o(.text) for SystemInit
    startup_stm32f10x_hd.o(.text) refers to __main.o(!!!main) for __main
    startup_stm32f10x_hd.o(.text) refers to startup_stm32f10x_hd.o(HEAP) for Heap_Mem
    startup_stm32f10x_hd.o(.text) refers to startup_stm32f10x_hd.o(STACK) for Stack_Mem
    stm32f10x_gpio.o(.text) refers to stm32f10x_rcc.o(.text) for RCC_APB2PeriphResetCmd
    stm32f10x_rcc.o(.text) refers to stm32f10x_rcc.o(.data) for APBAHBPrescTable
    stm32f10x_usart.o(.text) refers to stm32f10x_rcc.o(.text) for RCC_APB2PeriphResetCmd
    event_groups.o(.text) refers to _printf_percent.o(.ARM.Collect$$_printf_percent$$00000000) for _printf_percent
    event_groups.o(.text) refers to _printf_d.o(.ARM.Collect$$_printf_percent$$00000009) for _printf_d
    event_groups.o(.text) refers to _printf_s.o(.ARM.Collect$$_printf_percent$$00000014) for _printf_s
    event_groups.o(.text) refers to _printf_dec.o(.text) for _printf_int_dec
    event_groups.o(.text) refers to _printf_str.o(.text) for _printf_str
    event_groups.o(.text) refers to heap_4.o(.text) for pvPortMalloc
    event_groups.o(.text) refers to list.o(.text) for vListInitialise
    event_groups.o(.text) refers to noretval__2printf.o(.text) for __2printf
    event_groups.o(.text) refers to tasks.o(.text) for vTaskSuspendAll
    event_groups.o(.text) refers to port.o(.text) for vPortEnterCritical
    event_groups.o(.text) refers to timers.o(.text) for xTimerPendFunctionCallFromISR
    queue.o(.text) refers to _printf_percent.o(.ARM.Collect$$_printf_percent$$00000000) for _printf_percent
    queue.o(.text) refers to _printf_d.o(.ARM.Collect$$_printf_percent$$00000009) for _printf_d
    queue.o(.text) refers to _printf_s.o(.ARM.Collect$$_printf_percent$$00000014) for _printf_s
    queue.o(.text) refers to _printf_dec.o(.text) for _printf_int_dec
    queue.o(.text) refers to _printf_str.o(.text) for _printf_str
    queue.o(.text) refers to noretval__2printf.o(.text) for __2printf
[...]
    rt_raise.o(.text) refers to __raise.o(.text) for __raise
    rt_raise.o(.text) refers to usart.o(.text) for _sys_exit
    defsig_exit.o(.text) refers to usart.o(.text) for _sys_exit
    defsig_rtmem_inner.o(.text) refers to defsig_general.o(.text) for __default_signal_display
    __raise.o(.text) refers to defsig.o(CL$$defsig) for __default_signal_handler
    defsig_general.o(.text) refers to sys_wrch.o(.text) for _ttywrch
    sys_wrch.o(.text) refers (Special) to use_no_semi.o(.text) for __I$use$semihosting
    sys_wrch.o(.text) refers (Special) to indicate_semi.o(.text) for __semihosting_library_function
    defsig.o(CL$$defsig) refers to defsig_rtmem_inner.o(.text) for __rt_SIGRTMEM_inner
    defsig_abrt_inner.o(.text) refers to defsig_general.o(.text) for __default_signal_display
    defsig_fpe_inner.o(.text) refers to defsig_general.o(.text) for __default_signal_display
    defsig_rtred_inner.o(.text) refers to defsig_general.o(.text) for __default_signal_display
    defsig_stak_inner.o(.text) refers to defsig_general.o(.text) for __default_signal_display
    defsig_pvfn_inner.o(.text) refers to defsig_general.o(.text) for __default_signal_display
    defsig_cppl_inner.o(.text) refers to defsig_general.o(.text) for __default_signal_display
    defsig_segv_inner.o(.text) refers to defsig_general.o(.text) for __default_signal_display
    defsig_other.o(.text) refers to defsig_general.o(.text) for __default_signal_display


==============================================================================

Removing Unused input sections from the image.

    Removing key.o(.text), (216 bytes).
    Removing key.o(.data), (1 bytes).
    Removing sys.o(.emb_text), (6 bytes).
    Removing sys.o(.text), (12 bytes).
    Removing core_cm3.o(.emb_text), (32 bytes).
    Removing event_groups.o(.text), (1106 bytes).

6 unused section(s) (total 1373 bytes) removed from the image.

==============================================================================

Image Symbol Table

    Local Symbols

    Symbol Name                              Value     Ov Type        Size  Object(Section)

    ../clib/angel/boardlib.s                 0x00000000   Number         0  boardshut.o ABSOLUTE
    ../clib/angel/boardlib.s                 0x00000000   Number         0  boardinit3.o ABSOLUTE
    ../clib/angel/boardlib.s                 0x00000000   Number         0  boardinit2.o ABSOLUTE
    ../clib/angel/boardlib.s                 0x00000000   Number         0  boardinit1.o ABSOLUTE
    ../clib/angel/handlers.s                 0x00000000   Number         0  __scatter_zi.o ABSOLUTE
    ../clib/angel/handlers.s                 0x00000000   Number         0  __scatter_copy.o ABSOLUTE
    ../clib/angel/kernel.s                   0x00000000   Number         0  rtexit.o ABSOLUTE
    ../clib/angel/kernel.s                   0x00000000   Number         0  rtexit2.o ABSOLUTE
    ../clib/angel/kernel.s                   0x00000000   Number         0  __rtentry4.o ABSOLUTE
    ../clib/angel/kernel.s                   0x00000000   Number         0  __rtentry2.o ABSOLUTE
    ../clib/angel/kernel.s                   0x00000000   Number         0  __rtentry.o ABSOLUTE
    ../clib/angel/rt.s                       0x00000000   Number         0  rt_raise.o ABSOLUTE
    ../clib/angel/scatter.s                  0x00000000   Number         0  __scatter.o ABSOLUTE
    ../clib/angel/startup.s                  0x00000000   Number         0  __main.o ABSOLUTE
    ../clib/angel/sys.s                      0x00000000   Number         0  indicate_semi.o ABSOLUTE
    ../clib/angel/sys.s                      0x00000000   Number         0  libspace.o ABSOLUTE
    ../clib/angel/sys.s                      0x00000000   Number         0  sys_stackheap_outer.o ABSOLUTE
    ../clib/angel/sys.s                      0x00000000   Number         0  use_no_semi.o ABSOLUTE
    ../clib/angel/sys.s                      0x00000000   Number         0  use_no_semi_2.o ABSOLUTE
    ../clib/angel/sysapp.c                   0x00000000   Number         0  sys_wrch.o ABSOLUTE
    ../clib/angel/sysapp.c                   0x00000000   Number         0  sys_command.o ABSOLUTE
    ../clib/armsys.c                         0x00000000   Number         0  argv_veneer.o ABSOLUTE
    ../clib/armsys.c                         0x00000000   Number         0  argv_veneer.o ABSOLUTE
    ../clib/armsys.c                         0x00000000   Number         0  no_argv.o ABSOLUTE
    ../clib/armsys.c                         0x00000000   Number         0  _get_argv_nomalloc.o ABSOLUTE
    ../clib/heapalloc.c                      0x00000000   Number         0  hrguard.o ABSOLUTE
    ../clib/heapaux.c                        0x00000000   Number         0  heapauxi.o ABSOLUTE
    ../clib/libinit.s                        0x00000000   Number         0  libinit.o ABSOLUTE
    ../clib/libinit.s                        0x00000000   Number         0  libshutdown2.o ABSOLUTE
    ../clib/libinit.s                        0x00000000   Number         0  libshutdown.o ABSOLUTE
    ../clib/libinit.s                        0x00000000   Number         0  libinit2.o ABSOLUTE
    ../clib/memcpset.s                       0x00000000   Number         0  aeabi_memset.o ABSOLUTE
    ../clib/memcpset.s                       0x00000000   Number         0  rt_memclr_w.o ABSOLUTE
    ../clib/memcpset.s                       0x00000000   Number         0  rt_memclr.o ABSOLUTE
    ../clib/memcpset.s                       0x00000000   Number         0  rt_memcpy_w.o ABSOLUTE
    ../clib/memcpset.s                       0x00000000   Number         0  rt_memcpy_v6.o ABSOLUTE
    ../clib/printf.c                         0x00000000   Number         0  __printf_ss_wp.o ABSOLUTE
    ../clib/printf.c                         0x00000000   Number         0  __printf_flags_ss_wp.o ABSOLUTE
    ../clib/printf.c                         0x00000000   Number         0  _printf_char_common.o ABSOLUTE
    ../clib/printf.c                         0x00000000   Number         0  _sputc.o ABSOLUTE
    ../clib/printf.c                         0x00000000   Number         0  _printf_char.o ABSOLUTE
    ../clib/printf.c                         0x00000000   Number         0  _printf_char_file.o ABSOLUTE
    ../clib/printf.c                         0x00000000   Number         0  __printf_nopercent.o ABSOLUTE
    ../clib/printf.c                         0x00000000   Number         0  _printf_str.o ABSOLUTE
    ../clib/printf.c                         0x00000000   Number         0  __2printf.o ABSOLUTE
    ../clib/printf.c                         0x00000000   Number         0  __2sprintf.o ABSOLUTE
    ../clib/printf.c                         0x00000000   Number         0  noretval__2printf.o ABSOLUTE
    ../clib/printf.c                         0x00000000   Number         0  noretval__2sprintf.o ABSOLUTE
    ../clib/printf.c                         0x00000000   Number         0  __printf.o ABSOLUTE
    ../clib/printf.c                         0x00000000   Number         0  _printf_intcommon.o ABSOLUTE
    ../clib/printf.c                         0x00000000   Number         0  _printf_dec.o ABSOLUTE
    ../clib/printf.c                         0x00000000   Number         0  __printf_flags.o ABSOLUTE
    ../clib/printf.c                         0x00000000   Number         0  __printf_ss.o ABSOLUTE
    ../clib/printf.c                         0x00000000   Number         0  __printf_flags_ss.o ABSOLUTE
    ../clib/printf.c                         0x00000000   Number         0  __printf_wp.o ABSOLUTE
    ../clib/printf.c                         0x00000000   Number         0  __printf_flags_wp.o ABSOLUTE
    ../clib/printf_percent.s                 0x00000000   Number         0  _printf_s.o ABSOLUTE
    ../clib/printf_percent.s                 0x00000000   Number         0  _printf_d.o ABSOLUTE
    ../clib/printf_percent.s                 0x00000000   Number         0  _printf_percent_end.o ABSOLUTE
    ../clib/printf_percent.s                 0x00000000   Number         0  _printf_u.o ABSOLUTE
    ../clib/printf_percent.s                 0x00000000   Number         0  _printf_percent.o ABSOLUTE
    ../clib/printf_percent.s                 0x00000000   Number         0  _printf_c.o ABSOLUTE
    ../clib/signal.c                         0x00000000   Number         0  __raise.o ABSOLUTE
    ../clib/signal.c                         0x00000000   Number         0  defsig_rtred_inner.o ABSOLUTE
    ../clib/signal.c                         0x00000000   Number         0  defsig_rtmem_inner.o ABSOLUTE
    ../clib/signal.c                         0x00000000   Number         0  defsig_rtmem_outer.o ABSOLUTE
    ../clib/signal.c                         0x00000000   Number         0  defsig_exit.o ABSOLUTE
    ../clib/signal.c                         0x00000000   Number         0  defsig_rtmem_formal.o ABSOLUTE
    ../clib/signal.c                         0x00000000   Number         0  defsig_fpe_inner.o ABSOLUTE
    ../clib/signal.c                         0x00000000   Number         0  defsig_other.o ABSOLUTE
    ../clib/signal.c                         0x00000000   Number         0  defsig_segv_inner.o ABSOLUTE
    ../clib/signal.c                         0x00000000   Number         0  defsig_cppl_inner.o ABSOLUTE
    ../clib/signal.c                         0x00000000   Number         0  defsig_abrt_inner.o ABSOLUTE
    ../clib/signal.c                         0x00000000   Number         0  defsig_general.o ABSOLUTE
    ../clib/signal.c                         0x00000000   Number         0  defsig_pvfn_inner.o ABSOLUTE
    ../clib/signal.c                         0x00000000   Number         0  defsig_stak_inner.o ABSOLUTE
    ../clib/signal.s                         0x00000000   Number         0  defsig.o ABSOLUTE
    ../clib/stdio.c                          0x00000000   Number         0  ferror.o ABSOLUTE
    ../clib/stdio.c                          0x00000000   Number         0  ferror_locked.o ABSOLUTE
    ../clib/stdlib.c                         0x00000000   Number         0  exit.o ABSOLUTE
    ../clib/string.c                         0x00000000   Number         0  strlen.o ABSOLUTE
    ../clib/string.c                         0x00000000   Number         0  strcpy.o ABSOLUTE
    ../fplib/fpinit.s                        0x00000000   Number         0  fpinit.o ABSOLUTE
    ..\CORE\core_cm3.c                       0x00000000   Number         0  core_cm3.o ABSOLUTE
    ..\CORE\startup_stm32f10x_hd.s           0x00000000   Number         0  startup_stm32f10x_hd.o ABSOLUTE
    ..\FreeRTOS\croutine.c                   0x00000000   Number         0  croutine.o ABSOLUTE
    ..\FreeRTOS\event_groups.c               0x00000000   Number         0  event_groups.o ABSOLUTE
    ..\FreeRTOS\list.c                       0x00000000   Number         0  list.o ABSOLUTE
    ..\FreeRTOS\portable\MemMang\heap_4.c    0x00000000   Number         0  heap_4.o ABSOLUTE
    ..\FreeRTOS\portable\RVDS\ARM_CM3\port.c 0x00000000   Number         0  port.o ABSOLUTE
    ..\FreeRTOS\queue.c                      0x00000000   Number         0  queue.o ABSOLUTE
    ..\FreeRTOS\tasks.c                      0x00000000   Number         0  tasks.o ABSOLUTE
    ..\FreeRTOS\timers.c                     0x00000000   Number         0  timers.o ABSOLUTE
    ..\HARDWARE\KEY\key.c                    0x00000000   Number         0  key.o ABSOLUTE
    ..\HARDWARE\LED\led.c                    0x00000000   Number         0  led.o ABSOLUTE
    ..\STM32F10x_FWLib\src\misc.c            0x00000000   Number         0  misc.o ABSOLUTE
    ..\STM32F10x_FWLib\src\stm32f10x_gpio.c  0x00000000   Number         0  stm32f10x_gpio.o ABSOLUTE
    ..\STM32F10x_FWLib\src\stm32f10x_rcc.c   0x00000000   Number         0  stm32f10x_rcc.o ABSOLUTE
    ..\STM32F10x_FWLib\src\stm32f10x_usart.c 0x00000000   Number         0  stm32f10x_usart.o ABSOLUTE
    ..\SYSTEM\delay\delay.c                  0x00000000   Number         0  delay.o ABSOLUTE
    ..\SYSTEM\sys\sys.c                      0x00000000   Number         0  sys.o ABSOLUTE
    ..\SYSTEM\usart\usart.c                  0x00000000   Number         0  usart.o ABSOLUTE
    ..\\CORE\\core_cm3.c                     0x00000000   Number         0  core_cm3.o ABSOLUTE
    ..\\FreeRTOS\\portable\\RVDS\\ARM_CM3\\port.c 0x00000000   Number         0  port.o ABSOLUTE
    ..\\SYSTEM\\sys\\sys.c                   0x00000000   Number         0  sys.o ABSOLUTE
    dc.s                                     0x00000000   Number         0  dc.o ABSOLUTE
    main.c                                   0x00000000   Number         0  main.o ABSOLUTE
    stm32f10x_it.c                           0x00000000   Number         0  stm32f10x_it.o ABSOLUTE
    system_stm32f10x.c                       0x00000000   Number         0  system_stm32f10x.o ABSOLUTE
    RESET                                    0x08000000   Section      304  startup_stm32f10x_hd.o(RESET)
    !!!main                                  0x08000130   Section        8  __main.o(!!!main)
    !!!scatter                               0x08000138   Section       52  __scatter.o(!!!scatter)
    !!handler_copy                           0x0800016c   Section       26  __scatter_copy.o(!!handler_copy)
    !!handler_zi                             0x08000188   Section       28  __scatter_zi.o(!!handler_zi)
    .ARM.Collect$$_printf_percent$$00000000  0x080001a4   Section        0  _printf_percent.o(.ARM.Collect$$_printf_percent$$00000000)
    .ARM.Collect$$_printf_percent$$00000009  0x080001a4   Section        6  _printf_d.o(.ARM.Collect$$_printf_percent$$00000009)
    .ARM.Collect$$_printf_percent$$0000000A  0x080001aa   Section        6  _printf_u.o(.ARM.Collect$$_printf_percent$$0000000A)
    .ARM.Collect$$_printf_percent$$00000013  0x080001b0   Section        6  _printf_c.o(.ARM.Collect$$_printf_percent$$00000013)
    .ARM.Collect$$_printf_percent$$00000014  0x080001b6   Section        6  _printf_s.o(.ARM.Collect$$_printf_percent$$00000014)
    .ARM.Collect$$_printf_percent$$00000017  0x080001bc   Section        4  _printf_percent_end.o(.ARM.Collect$$_printf_percent$$00000017)
    .ARM.Collect$$libinit$$00000000          0x080001c0   Section        2  libinit.o(.ARM.Collect$$libinit$$00000000)
    .ARM.Collect$$libinit$$00000002          0x080001c2   Section        0  libinit2.o(.ARM.Collect$$libinit$$00000002)
    .ARM.Collect$$libinit$$00000004          0x080001c2   Section        0  libinit2.o(.ARM.Collect$$libinit$$00000004)
    .ARM.Collect$$libinit$$0000000A          0x080001c2   Section        0  libinit2.o(.ARM.Collect$$libinit$$0000000A)
    .ARM.Collect$$libinit$$0000000C          0x080001c2   Section        0  libinit2.o(.ARM.Collect$$libinit$$0000000C)
    .ARM.Collect$$libinit$$0000000E          0x080001c2   Section        0  libinit2.o(.ARM.Collect$$libinit$$0000000E)
    .ARM.Collect$$libinit$$00000011          0x080001c2   Section        0  libinit2.o(.ARM.Collect$$libinit$$00000011)
    .ARM.Collect$$libinit$$00000013          0x080001c2   Section        0  libinit2.o(.ARM.Collect$$libinit$$00000013)
    .ARM.Collect$$libinit$$00000015          0x080001c2   Section        0  libinit2.o(.ARM.Collect$$libinit$$00000015)
    .ARM.Collect$$libinit$$00000017          0x080001c2   Section        0  libinit2.o(.ARM.Collect$$libinit$$00000017)
    .ARM.Collect$$libinit$$00000019          0x080001c2   Section        0  libinit2.o(.ARM.Collect$$libinit$$00000019)
    .ARM.Collect$$libinit$$0000001B          0x080001c2   Section        0  libinit2.o(.ARM.Collect$$libinit$$0000001B)
    .ARM.Collect$$libinit$$0000001D          0x080001c2   Section        0  libinit2.o(.ARM.Collect$$libinit$$0000001D)
    .ARM.Collect$$libinit$$0000001F          0x080001c2   Section        0  libinit2.o(.ARM.Collect$$libinit$$0000001F)
    .ARM.Collect$$libinit$$00000021          0x080001c2   Section        0  libinit2.o(.ARM.Collect$$libinit$$00000021)
    .ARM.Collect$$libinit$$00000023          0x080001c2   Section        0  libinit2.o(.ARM.Collect$$libinit$$00000023)
    .ARM.Collect$$libinit$$00000025          0x080001c2   Section        0  libinit2.o(.ARM.Collect$$libinit$$00000025)
    .ARM.Collect$$libinit$$0000002C          0x080001c2   Section        0  libinit2.o(.ARM.Collect$$libinit$$0000002C)
    .ARM.Collect$$libinit$$0000002E          0x080001c2   Section        0  libinit2.o(.ARM.Collect$$libinit$$0000002E)
    .ARM.Collect$$libinit$$00000030          0x080001c2   Section        0  libinit2.o(.ARM.Collect$$libinit$$00000030)
    .ARM.Collect$$libinit$$00000032          0x080001c2   Section        0  libinit2.o(.ARM.Collect$$libinit$$00000032)
    .ARM.Collect$$libinit$$00000033          0x080001c2   Section        2  libinit2.o(.ARM.Collect$$libinit$$00000033)
    .ARM.Collect$$libshutdown$$00000000      0x080001c4   Section        2  libshutdown.o(.ARM.Collect$$libshutdown$$00000000)
    .ARM.Collect$$libshutdown$$00000002      0x080001c6   Section        0  libshutdown2.o(.ARM.Collect$$libshutdown$$00000002)
    .ARM.Collect$$libshutdown$$00000004      0x080001c6   Section        0  libshutdown2.o(.ARM.Collect$$libshutdown$$00000004)
    .ARM.Collect$$libshutdown$$00000007      0x080001c6   Section        0  libshutdown2.o(.ARM.Collect$$libshutdown$$00000007)
    .ARM.Collect$$libshutdown$$0000000A      0x080001c6   Section        0  libshutdown2.o(.ARM.Collect$$libshutdown$$0000000A)
    .ARM.Collect$$libshutdown$$0000000C      0x080001c6   Section        0  libshutdown2.o(.ARM.Collect$$libshutdown$$0000000C)
    .ARM.Collect$$libshutdown$$0000000F      0x080001c6   Section        0  libshutdown2.o(.ARM.Collect$$libshutdown$$0000000F)
    .ARM.Collect$$libshutdown$$00000010      0x080001c6   Section        2  libshutdown2.o(.ARM.Collect$$libshutdown$$00000010)
    .ARM.Collect$$rtentry$$00000000          0x080001c8   Section        0  __rtentry.o(.ARM.Collect$$rtentry$$00000000)
    .ARM.Collect$$rtentry$$00000002          0x080001c8   Section        0  __rtentry2.o(.ARM.Collect$$rtentry$$00000002)
    .ARM.Collect$$rtentry$$00000004          0x080001c8   Section        6  __rtentry4.o(.ARM.Collect$$rtentry$$00000004)
    .ARM.Collect$$rtentry$$00000009          0x080001ce   Section        0  __rtentry2.o(.ARM.Collect$$rtentry$$00000009)
    .ARM.Collect$$rtentry$$0000000A          0x080001ce   Section        4  __rtentry2.o(.ARM.Collect$$rtentry$$0000000A)
    .ARM.Collect$$rtentry$$0000000C          0x080001d2   Section        0  __rtentry2.o(.ARM.Collect$$rtentry$$0000000C)
    .ARM.Collect$$rtentry$$0000000D          0x080001d2   Section        8  __rtentry2.o(.ARM.Collect$$rtentry$$0000000D)
    .ARM.Collect$$rtexit$$00000000           0x080001da   Section        2  rtexit.o(.ARM.Collect$$rtexit$$00000000)
    .ARM.Collect$$rtexit$$00000002           0x080001dc   Section        0  rtexit2.o(.ARM.Collect$$rtexit$$00000002)
    .ARM.Collect$$rtexit$$00000003           0x080001dc   Section        4  rtexit2.o(.ARM.Collect$$rtexit$$00000003)
    .ARM.Collect$$rtexit$$00000004           0x080001e0   Section        6  rtexit2.o(.ARM.Collect$$rtexit$$00000004)
    .emb_text                                0x080001e8   Section      150  port.o(.emb_text)
    .text                                    0x08000280   Section        0  main.o(.text)
    .text                                    0x08000374   Section        0  stm32f10x_it.o(.text)
    .text                                    0x08000388   Section        0  system_stm32f10x.o(.text)
    SetSysClockTo72                          0x08000389   Thumb Code   214  system_stm32f10x.o(.text)
    SetSysClock                              0x0800045f   Thumb Code     8  system_stm32f10x.o(.text)
    .text                                    0x08000568   Section        0  led.o(.text)
    .text                                    0x080005b4   Section        0  delay.o(.text)
    .text                                    0x080006b8   Section        0  usart.o(.text)
    .text                                    0x080007f8   Section       64  startup_stm32f10x_hd.o(.text)
    .text                                    0x08000838   Section        0  misc.o(.text)
    .text                                    0x08000914   Section        0  stm32f10x_gpio.o(.text)
    .text                                    0x08000c70   Section        0  stm32f10x_rcc.o(.text)
    .text                                    0x08001014   Section        0  stm32f10x_usart.o(.text)
    .text                                    0x0800141c   Section        0  list.o(.text)
    .text                                    0x080014b0   Section        0  queue.o(.text)
    prvInitialiseNewQueue                    0x08001539   Thumb Code    46  queue.o(.text)
    prvCopyDataToQueue                       0x080015b5   Thumb Code   124  queue.o(.text)
    prvNotifyQueueSetContainer               0x08001631   Thumb Code   124  queue.o(.text)
    prvUnlockQueue                           0x080016ad   Thumb Code   146  queue.o(.text)
    prvIsQueueFull                           0x0800173f   Thumb Code    30  queue.o(.text)
    prvInitialiseMutex                       0x08001925   Thumb Code    28  queue.o(.text)
    prvIsQueueEmpty                          0x080019a5   Thumb Code    26  queue.o(.text)
    prvCopyDataFromQueue                     0x080019bf   Thumb Code    42  queue.o(.text)
    .text                                    0x080021bc   Section        0  tasks.o(.text)
    prvInitialiseTaskLists                   0x080021bd   Thumb Code    70  tasks.o(.text)
    prvAddNewTaskToReadyList                 0x08002203   Thumb Code   156  tasks.o(.text)
    prvInitialiseNewTask                     0x0800229f   Thumb Code   170  tasks.o(.text)
    prvResetNextTaskUnblockTime              0x080023a9   Thumb Code    42  tasks.o(.text)
    prvDeleteTCB                             0x080023d3   Thumb Code    18  tasks.o(.text)
    prvAddCurrentTaskToDelayedList           0x08002707   Thumb Code   124  tasks.o(.text)
    prvTaskIsTaskSuspended                   0x08002bc7   Thumb Code    76  tasks.o(.text)
    prvCheckTasksWaitingTermination          0x08002d25   Thumb Code    86  tasks.o(.text)
    prvIdleTask                              0x08002d7b   Thumb Code    32  tasks.o(.text)
    prvTaskCheckFreeStackSpace               0x08002eb9   Thumb Code    22  tasks.o(.text)
    prvListTasksWithinSingleList             0x08002f41   Thumb Code   106  tasks.o(.text)
    prvWriteNameToBuffer                     0x0800346b   Thumb Code    42  tasks.o(.text)
    .text                                    0x080039dc   Section        0  timers.o(.text)
    prvInsertTimerInActiveList               0x080039dd   Thumb Code    80  timers.o(.text)
    prvSwitchTimerLists                      0x08003aa3   Thumb Code   140  timers.o(.text)
    prvSampleTimeNow                         0x08003b2f   Thumb Code    40  timers.o(.text)
    prvProcessReceivedCommands               0x08003b57   Thumb Code   254  timers.o(.text)
    prvProcessExpiredTimer                   0x08003c55   Thumb Code    84  timers.o(.text)
    prvProcessTimerOrBlockTask               0x08003ca9   Thumb Code   102  timers.o(.text)
    prvGetNextExpireTime                     0x08003d0f   Thumb Code    36  timers.o(.text)
    prvTimerTask                             0x08003d33   Thumb Code    26  timers.o(.text)
    prvCheckForValidListAndQueue             0x08003d4d   Thumb Code    72  timers.o(.text)
    prvInitialiseNewTimer                    0x08003dcd   Thumb Code   166  timers.o(.text)
    .text                                    0x0800401c   Section        0  heap_4.o(.text)
    prvInsertBlockIntoFreeList               0x0800401d   Thumb Code    96  heap_4.o(.text)
    prvHeapInit                              0x0800407d   Thumb Code    98  heap_4.o(.text)
    .text                                    0x080042bc   Section        0  port.o(.text)
    prvTaskExitError                         0x080042bd   Thumb Code    48  port.o(.text)
    .text                                    0x08004528   Section        2  use_no_semi_2.o(.text)
    .text                                    0x0800452c   Section        0  noretval__2printf.o(.text)
    .text                                    0x08004544   Section        0  noretval__2sprintf.o(.text)
    .text                                    0x0800456c   Section        0  __printf.o(.text)
    .text                                    0x080045d4   Section        0  _printf_str.o(.text)
    .text                                    0x08004628   Section        0  _printf_dec.o(.text)
    .text                                    0x080046a0   Section        0  strcpy.o(.text)
    .text                                    0x080046e8   Section        0  strlen.o(.text)
    .text                                    0x08004726   Section      138  rt_memcpy_v6.o(.text)
    .text                                    0x080047b0   Section       16  aeabi_memset.o(.text)
    .text                                    0x080047c0   Section        0  heapauxi.o(.text)
    .text                                    0x080047c6   Section        2  use_no_semi.o(.text)
    .text                                    0x080047c8   Section        0  _printf_intcommon.o(.text)
    .text                                    0x0800487c   Section        0  _printf_char_common.o(.text)
    _printf_input_char                       0x0800487d   Thumb Code    10  _printf_char_common.o(.text)
    .text                                    0x080048ac   Section        0  _sputc.o(.text)
    .text                                    0x080048b6   Section        0  _printf_char.o(.text)
    .text                                    0x080048e4   Section        0  _printf_char_file.o(.text)
    .text                                    0x08004908   Section      100  rt_memcpy_w.o(.text)
    .text                                    0x0800496c   Section       68  rt_memclr.o(.text)
    .text                                    0x080049b0   Section        0  ferror.o(.text)
    .text                                    0x080049b8   Section       78  rt_memclr_w.o(.text)
    .text                                    0x08004a06   Section       74  sys_stackheap_outer.o(.text)
    .text                                    0x08004a50   Section        0  exit.o(.text)
    .text                                    0x08004a64   Section        8  libspace.o(.text)
    .data                                    0x20000000   Section       12  main.o(.data)
    .data                                    0x2000000c   Section       20  system_stm32f10x.o(.data)
    .data                                    0x20000020   Section        4  delay.o(.data)
    fac_us                                   0x20000020   Data           1  delay.o(.data)
    fac_ms                                   0x20000022   Data           2  delay.o(.data)
    .data                                    0x20000024   Section        6  usart.o(.data)
    .data                                    0x2000002a   Section       20  stm32f10x_rcc.o(.data)
    APBAHBPrescTable                         0x2000002a   Data          16  stm32f10x_rcc.o(.data)
    ADCPrescTable                            0x2000003a   Data           4  stm32f10x_rcc.o(.data)
    .data                                    0x20000040   Section       60  tasks.o(.data)
    pxDelayedTaskList                        0x20000044   Data           4  tasks.o(.data)
    pxOverflowDelayedTaskList                0x20000048   Data           4  tasks.o(.data)
    uxDeletedTasksWaitingCleanUp             0x2000004c   Data           4  tasks.o(.data)
    uxCurrentNumberOfTasks                   0x20000050   Data           4  tasks.o(.data)
    xTickCount                               0x20000054   Data           4  tasks.o(.data)
    uxTopReadyPriority                       0x20000058   Data           4  tasks.o(.data)
    xSchedulerRunning                        0x2000005c   Data           4  tasks.o(.data)
    uxPendedTicks                            0x20000060   Data           4  tasks.o(.data)
    xYieldPending                            0x20000064   Data           4  tasks.o(.data)
    xNumOfOverflows                          0x20000068   Data           4  tasks.o(.data)
    uxTaskNumber                             0x2000006c   Data           4  tasks.o(.data)
    xNextTaskUnblockTime                     0x20000070   Data           4  tasks.o(.data)
    xIdleTaskHandle                          0x20000074   Data           4  tasks.o(.data)
    uxSchedulerSuspended                     0x20000078   Data           4  tasks.o(.data)
    .data                                    0x2000007c   Section       20  timers.o(.data)
    pxCurrentTimerList                       0x2000007c   Data           4  timers.o(.data)
    pxOverflowTimerList                      0x20000080   Data           4  timers.o(.data)
    xTimerQueue                              0x20000084   Data           4  timers.o(.data)
    xTimerTaskHandle                         0x20000088   Data           4  timers.o(.data)
    xLastTime                                0x2000008c   Data           4  timers.o(.data)
    .data                                    0x20000090   Section       24  heap_4.o(.data)
    xStart                                   0x20000090   Data           8  heap_4.o(.data)
    pxEnd                                    0x20000098   Data           4  heap_4.o(.data)
    xFreeBytesRemaining                      0x2000009c   Data           4  heap_4.o(.data)
    xMinimumEverFreeBytesRemaining           0x200000a0   Data           4  heap_4.o(.data)
    xBlockAllocatedBit                       0x200000a4   Data           4  heap_4.o(.data)
    .data                                    0x200000a8   Section       12  port.o(.data)
    uxCriticalNesting                        0x200000a8   Data           4  port.o(.data)
    ucMaxSysCallPriority                     0x200000ac   Data           1  port.o(.data)
    ulMaxPRIGROUPValue                       0x200000b0   Data           4  port.o(.data)
    .bss                                     0x200000b4   Section      200  usart.o(.bss)
    .bss                                     0x2000017c   Section       64  queue.o(.bss)
    .bss                                     0x200001bc   Section      740  tasks.o(.bss)
    pxReadyTasksLists                        0x200001bc   Data         640  tasks.o(.bss)
    xDelayedTaskList1                        0x2000043c   Data          20  tasks.o(.bss)
    xDelayedTaskList2                        0x20000450   Data          20  tasks.o(.bss)
    xPendingReadyList                        0x20000464   Data          20  tasks.o(.bss)
    xTasksWaitingTermination                 0x20000478   Data          20  tasks.o(.bss)
    xSuspendedTaskList                       0x2000048c   Data          20  tasks.o(.bss)
    .bss                                     0x200004a0   Section       40  timers.o(.bss)
    xActiveTimerList1                        0x200004a0   Data          20  timers.o(.bss)
    xActiveTimerList2                        0x200004b4   Data          20  timers.o(.bss)
    .bss                                     0x200004c8   Section    20480  heap_4.o(.bss)
    ucHeap                                   0x200004c8   Data       20480  heap_4.o(.bss)
    .bss                                     0x200054c8   Section       96  libspace.o(.bss)
    HEAP                                     0x20005528   Section      512  startup_stm32f10x_hd.o(HEAP)
    Heap_Mem                                 0x20005528   Data         512  startup_stm32f10x_hd.o(HEAP)
    STACK                                    0x20005728   Section     1024  startup_stm32f10x_hd.o(STACK)
    Stack_Mem                                0x20005728   Data        1024  startup_stm32f10x_hd.o(STACK)
    __initial_sp                             0x20005b28   Data           0  startup_stm32f10x_hd.o(STACK)

    Global Symbols

    Symbol Name                              Value     Ov Type        Size  Object(Section)

    BuildAttributes$$THM_ISAv4$P$D$K$B$S$PE$A:L22UL41UL21$X:L11$S22US41US21$IEEE1$IW$USESV6$~STKCKD$USESV7$~SHL$OSPACE$ROPI$EBA8$UX$STANDARDLIB$REQ8$PRES8$EABIv2 0x00000000   Number         0  anon$$obj.o ABSOLUTE
    __ARM_use_no_argv                        0x00000000   Number         0  main.o ABSOLUTE
    __ARM_exceptions_init                     - Undefined Weak Reference
    __alloca_initialize                       - Undefined Weak Reference
    __arm_preinit_                            - Undefined Weak Reference
    __cpp_initialize__aeabi_                  - Undefined Weak Reference
    __cxa_finalize                            - Undefined Weak Reference
    __rt_locale                               - Undefined Weak Reference
    __sigvec_lookup                           - Undefined Weak Reference
    _atexit_init                              - Undefined Weak Reference
    _call_atexit_fns                          - Undefined Weak Reference
    _clock_init                               - Undefined Weak Reference
    _fp_trap_init                             - Undefined Weak Reference
    _fp_trap_shutdown                         - Undefined Weak Reference
    _get_lc_collate                           - Undefined Weak Reference
    _get_lc_ctype                             - Undefined Weak Reference
    _get_lc_monetary                          - Undefined Weak Reference
    _get_lc_numeric                           - Undefined Weak Reference
    _get_lc_time                              - Undefined Weak Reference
    _getenv_init                              - Undefined Weak Reference
    _handle_redirection                       - Undefined Weak Reference
    _init_alloc                               - Undefined Weak Reference
    _init_user_alloc                          - Undefined Weak Reference
    _initio                                   - Undefined Weak Reference
    _mutex_acquire                            - Undefined Weak Reference
    _mutex_release                            - Undefined Weak Reference
    _printf_mbtowc                            - Undefined Weak Reference
    _printf_post_padding                      - Undefined Weak Reference
    _printf_pre_padding                       - Undefined Weak Reference
    _printf_truncate_signed                   - Undefined Weak Reference
    _printf_truncate_unsigned                 - Undefined Weak Reference
    _rand_init                                - Undefined Weak Reference
    _signal_finish                            - Undefined Weak Reference
    _signal_init                              - Undefined Weak Reference
    _terminate_alloc                          - Undefined Weak Reference
    _terminate_user_alloc                     - Undefined Weak Reference
    _terminateio                              - Undefined Weak Reference
    __Vectors_Size                           0x00000130   Number         0  startup_stm32f10x_hd.o ABSOLUTE
    __Vectors                                0x08000000   Data           4  startup_stm32f10x_hd.o(RESET)
    __Vectors_End                            0x08000130   Data           0  startup_stm32f10x_hd.o(RESET)
    __main                                   0x08000131   Thumb Code     8  __main.o(!!!main)
    __scatterload                            0x08000139   Thumb Code     0  __scatter.o(!!!scatter)
    __scatterload_rt2                        0x08000139   Thumb Code    44  __scatter.o(!!!scatter)
    __scatterload_rt2_thumb_only             0x08000139   Thumb Code     0  __scatter.o(!!!scatter)
    __scatterload_null                       0x08000147   Thumb Code     0  __scatter.o(!!!scatter)
    __scatterload_copy                       0x0800016d   Thumb Code    26  __scatter_copy.o(!!handler_copy)
    __scatterload_zeroinit                   0x08000189   Thumb Code    28  __scatter_zi.o(!!handler_zi)
    _printf_d                                0x080001a5   Thumb Code     0  _printf_d.o(.ARM.Collect$$_printf_percent$$00000009)
    _printf_percent                          0x080001a5   Thumb Code     0  _printf_percent.o(.ARM.Collect$$_printf_percent$$00000000)
    _printf_u                                0x080001ab   Thumb Code     0  _printf_u.o(.ARM.Collect$$_printf_percent$$0000000A)
    _printf_c                                0x080001b1   Thumb Code     0  _printf_c.o(.ARM.Collect$$_printf_percent$$00000013)
    _printf_s                                0x080001b7   Thumb Code     0  _printf_s.o(.ARM.Collect$$_printf_percent$$00000014)
    _printf_percent_end                      0x080001bd   Thumb Code     0  _printf_percent_end.o(.ARM.Collect$$_printf_percent$$00000017)
    __rt_lib_init                            0x080001c1   Thumb Code     0  libinit.o(.ARM.Collect$$libinit$$00000000)
    __rt_lib_init_alloca_1                   0x080001c3   Thumb Code     0  libinit2.o(.ARM.Collect$$libinit$$0000002E)
    __rt_lib_init_argv_1                     0x080001c3   Thumb Code     0  libinit2.o(.ARM.Collect$$libinit$$0000002C)
    __rt_lib_init_atexit_1                   0x080001c3   Thumb Code     0  libinit2.o(.ARM.Collect$$libinit$$0000001B)
    __rt_lib_init_clock_1                    0x080001c3   Thumb Code     0  libinit2.o(.ARM.Collect$$libinit$$00000021)
    __rt_lib_init_cpp_1                      0x080001c3   Thumb Code     0  libinit2.o(.ARM.Collect$$libinit$$00000032)
    __rt_lib_init_exceptions_1               0x080001c3   Thumb Code     0  libinit2.o(.ARM.Collect$$libinit$$00000030)
    __rt_lib_init_fp_1                       0x080001c3   Thumb Code     0  libinit2.o(.ARM.Collect$$libinit$$00000002)
    __rt_lib_init_fp_trap_1                  0x080001c3   Thumb Code     0  libinit2.o(.ARM.Collect$$libinit$$0000001F)
    __rt_lib_init_getenv_1                   0x080001c3   Thumb Code     0  libinit2.o(.ARM.Collect$$libinit$$00000023)
    __rt_lib_init_heap_1                     0x080001c3   Thumb Code     0  libinit2.o(.ARM.Collect$$libinit$$0000000A)
    __rt_lib_init_lc_collate_1               0x080001c3   Thumb Code     0  libinit2.o(.ARM.Collect$$libinit$$00000011)
    __rt_lib_init_lc_ctype_1                 0x080001c3   Thumb Code     0  libinit2.o(.ARM.Collect$$libinit$$00000013)
    __rt_lib_init_lc_monetary_1              0x080001c3   Thumb Code     0  libinit2.o(.ARM.Collect$$libinit$$00000015)
    __rt_lib_init_lc_numeric_1               0x080001c3   Thumb Code     0  libinit2.o(.ARM.Collect$$libinit$$00000017)
    __rt_lib_init_lc_time_1                  0x080001c3   Thumb Code     0  libinit2.o(.ARM.Collect$$libinit$$00000019)
    __rt_lib_init_preinit_1                  0x080001c3   Thumb Code     0  libinit2.o(.ARM.Collect$$libinit$$00000004)
    __rt_lib_init_rand_1                     0x080001c3   Thumb Code     0  libinit2.o(.ARM.Collect$$libinit$$0000000E)
    __rt_lib_init_return                     0x080001c3   Thumb Code     0  libinit2.o(.ARM.Collect$$libinit$$00000033)
    __rt_lib_init_signal_1                   0x080001c3   Thumb Code     0  libinit2.o(.ARM.Collect$$libinit$$0000001D)
    __rt_lib_init_stdio_1                    0x080001c3   Thumb Code     0  libinit2.o(.ARM.Collect$$libinit$$00000025)
    __rt_lib_init_user_alloc_1               0x080001c3   Thumb Code     0  libinit2.o(.ARM.Collect$$libinit$$0000000C)
    __rt_lib_shutdown                        0x080001c5   Thumb Code     0  libshutdown.o(.ARM.Collect$$libshutdown$$00000000)
    __rt_lib_shutdown_cpp_1                  0x080001c7   Thumb Code     0  libshutdown2.o(.ARM.Collect$$libshutdown$$00000002)
    __rt_lib_shutdown_fp_trap_1              0x080001c7   Thumb Code     0  libshutdown2.o(.ARM.Collect$$libshutdown$$00000007)
    __rt_lib_shutdown_heap_1                 0x080001c7   Thumb Code     0  libshutdown2.o(.ARM.Collect$$libshutdown$$0000000F)
    __rt_lib_shutdown_return                 0x080001c7   Thumb Code     0  libshutdown2.o(.ARM.Collect$$libshutdown$$00000010)
    __rt_lib_shutdown_signal_1               0x080001c7   Thumb Code     0  libshutdown2.o(.ARM.Collect$$libshutdown$$0000000A)
    __rt_lib_shutdown_stdio_1                0x080001c7   Thumb Code     0  libshutdown2.o(.ARM.Collect$$libshutdown$$00000004)
    __rt_lib_shutdown_user_alloc_1           0x080001c7   Thumb Code     0  libshutdown2.o(.ARM.Collect$$libshutdown$$0000000C)
    __rt_entry                               0x080001c9   Thumb Code     0  __rtentry.o(.ARM.Collect$$rtentry$$00000000)
    __rt_entry_presh_1                       0x080001c9   Thumb Code     0  __rtentry2.o(.ARM.Collect$$rtentry$$00000002)
    __rt_entry_sh                            0x080001c9   Thumb Code     0  __rtentry4.o(.ARM.Collect$$rtentry$$00000004)
    __rt_entry_li                            0x080001cf   Thumb Code     0  __rtentry2.o(.ARM.Collect$$rtentry$$0000000A)
    __rt_entry_postsh_1                      0x080001cf   Thumb Code     0  __rtentry2.o(.ARM.Collect$$rtentry$$00000009)
    __rt_entry_main                          0x080001d3   Thumb Code     0  __rtentry2.o(.ARM.Collect$$rtentry$$0000000D)
    __rt_entry_postli_1                      0x080001d3   Thumb Code     0  __rtentry2.o(.ARM.Collect$$rtentry$$0000000C)
    __rt_exit                                0x080001db   Thumb Code     0  rtexit.o(.ARM.Collect$$rtexit$$00000000)
    __rt_exit_ls                             0x080001dd   Thumb Code     0  rtexit2.o(.ARM.Collect$$rtexit$$00000003)
    __rt_exit_prels_1                        0x080001dd   Thumb Code     0  rtexit2.o(.ARM.Collect$$rtexit$$00000002)
    __rt_exit_exit                           0x080001e1   Thumb Code     0  rtexit2.o(.ARM.Collect$$rtexit$$00000004)
    SVC_Handler                              0x080001e9   Thumb Code    32  port.o(.emb_text)
    __asm___6_port_c_39a90d8d__prvStartFirstTask 0x0800020d   Thumb Code    28  port.o(.emb_text)
    PendSV_Handler                           0x0800022d   Thumb Code    72  port.o(.emb_text)
    vPortGetIPSR                             0x08000279   Thumb Code     6  port.o(.emb_text)
    led1_task                                0x08000281   Thumb Code    32  main.o(.text)
    led0_task                                0x080002a1   Thumb Code    24  main.o(.text)
    start_task                               0x080002b9   Thumb Code    66  main.o(.text)
    main                                     0x080002fb   Thumb Code    56  main.o(.text)
    NMI_Handler                              0x08000375   Thumb Code     2  stm32f10x_it.o(.text)
    HardFault_Handler                        0x08000377   Thumb Code     4  stm32f10x_it.o(.text)
    MemManage_Handler                        0x0800037b   Thumb Code     4  stm32f10x_it.o(.text)
    BusFault_Handler                         0x0800037f   Thumb Code     4  stm32f10x_it.o(.text)
    UsageFault_Handler                       0x08000383   Thumb Code     4  stm32f10x_it.o(.text)
    DebugMon_Handler                         0x08000387   Thumb Code     2  stm32f10x_it.o(.text)
    SystemInit                               0x08000467   Thumb Code    78  system_stm32f10x.o(.text)
    SystemCoreClockUpdate                    0x080004b5   Thumb Code   142  system_stm32f10x.o(.text)
    LED_Init                                 0x08000569   Thumb Code    68  led.o(.text)
    SysTick_Handler                          0x080005b5   Thumb Code    16  delay.o(.text)
    delay_init                               0x080005c5   Thumb Code    74  delay.o(.text)
    delay_us                                 0x0800060f   Thumb Code    68  delay.o(.text)
    delay_ms                                 0x08000653   Thumb Code    60  delay.o(.text)
    delay_xms                                0x0800068f   Thumb Code    24  delay.o(.text)
    _sys_exit                                0x080006b9   Thumb Code     4  usart.o(.text)
    fputc                                    0x080006bd   Thumb Code    24  usart.o(.text)
    uart_init                                0x080006d5   Thumb Code   152  usart.o(.text)
    USART1_IRQHandler                        0x0800076d   Thumb Code   122  usart.o(.text)
    Reset_Handler                            0x080007f9   Thumb Code     8  startup_stm32f10x_hd.o(.text)
    ADC1_2_IRQHandler                        0x08000813   Thumb Code     0  startup_stm32f10x_hd.o(.text)
    ADC3_IRQHandler                          0x08000813   Thumb Code     0  startup_stm32f10x_hd.o(.text)
    CAN1_RX1_IRQHandler                      0x08000813   Thumb Code     0  startup_stm32f10x_hd.o(.text)
    CAN1_SCE_IRQHandler                      0x08000813   Thumb Code     0  startup_stm32f10x_hd.o(.text)
    DMA1_Channel1_IRQHandler                 0x08000813   Thumb Code     0  startup_stm32f10x_hd.o(.text)
    DMA1_Channel2_IRQHandler                 0x08000813   Thumb Code     0  startup_stm32f10x_hd.o(.text)
    DMA1_Channel3_IRQHandler                 0x08000813   Thumb Code     0  startup_stm32f10x_hd.o(.text)
    DMA1_Channel4_IRQHandler                 0x08000813   Thumb Code     0  startup_stm32f10x_hd.o(.text)
    DMA1_Channel5_IRQHandler                 0x08000813   Thumb Code     0  startup_stm32f10x_hd.o(.text)
    DMA1_Channel6_IRQHandler                 0x08000813   Thumb Code     0  startup_stm32f10x_hd.o(.text)
    DMA1_Channel7_IRQHandler                 0x08000813   Thumb Code     0  startup_stm32f10x_hd.o(.text)
    DMA2_Channel1_IRQHandler                 0x08000813   Thumb Code     0  startup_stm32f10x_hd.o(.text)
    DMA2_Channel2_IRQHandler                 0x08000813   Thumb Code     0  startup_stm32f10x_hd.o(.text)
    DMA2_Channel3_IRQHandler                 0x08000813   Thumb Code     0  startup_stm32f10x_hd.o(.text)
    DMA2_Channel4_5_IRQHandler               0x08000813   Thumb Code     0  startup_stm32f10x_hd.o(.text)
    EXTI0_IRQHandler                         0x08000813   Thumb Code     0  startup_stm32f10x_hd.o(.text)
    EXTI15_10_IRQHandler                     0x08000813   Thumb Code     0  startup_stm32f10x_hd.o(.text)
    EXTI1_IRQHandler                         0x08000813   Thumb Code     0  startup_stm32f10x_hd.o(.text)
    EXTI2_IRQHandler                         0x08000813   Thumb Code     0  startup_stm32f10x_hd.o(.text)
    EXTI3_IRQHandler                         0x08000813   Thumb Code     0  startup_stm32f10x_hd.o(.text)
    EXTI4_IRQHandler                         0x08000813   Thumb Code     0  startup_stm32f10x_hd.o(.text)
    EXTI9_5_IRQHandler                       0x08000813   Thumb Code     0  startup_stm32f10x_hd.o(.text)
    FLASH_IRQHandler                         0x08000813   Thumb Code     0  startup_stm32f10x_hd.o(.text)
    FSMC_IRQHandler                          0x08000813   Thumb Code     0  startup_stm32f10x_hd.o(.text)
    I2C1_ER_IRQHandler                       0x08000813   Thumb Code     0  startup_stm32f10x_hd.o(.text)
    I2C1_EV_IRQHandler                       0x08000813   Thumb Code     0  startup_stm32f10x_hd.o(.text)
    I2C2_ER_IRQHandler                       0x08000813   Thumb Code     0  startup_stm32f10x_hd.o(.text)
    I2C2_EV_IRQHandler                       0x08000813   Thumb Code     0  startup_stm32f10x_hd.o(.text)
    PVD_IRQHandler                           0x08000813   Thumb Code     0  startup_stm32f10x_hd.o(.text)
    RCC_IRQHandler                           0x08000813   Thumb Code     0  startup_stm32f10x_hd.o(.text)
    RTCAlarm_IRQHandler                      0x08000813   Thumb Code     0  startup_stm32f10x_hd.o(.text)
    RTC_IRQHandler                           0x08000813   Thumb Code     0  startup_stm32f10x_hd.o(.text)
    SDIO_IRQHandler                          0x08000813   Thumb Code     0  startup_stm32f10x_hd.o(.text)
    SPI1_IRQHandler                          0x08000813   Thumb Code     0  startup_stm32f10x_hd.o(.text)
    SPI2_IRQHandler                          0x08000813   Thumb Code     0  startup_stm32f10x_hd.o(.text)
    SPI3_IRQHandler                          0x08000813   Thumb Code     0  startup_stm32f10x_hd.o(.text)
    TAMPER_IRQHandler                        0x08000813   Thumb Code     0  startup_stm32f10x_hd.o(.text)
    TIM1_BRK_IRQHandler                      0x08000813   Thumb Code     0  startup_stm32f10x_hd.o(.text)
    TIM1_CC_IRQHandler                       0x08000813   Thumb Code     0  startup_stm32f10x_hd.o(.text)
    TIM1_TRG_COM_IRQHandler                  0x08000813   Thumb Code     0  startup_stm32f10x_hd.o(.text)
    TIM1_UP_IRQHandler                       0x08000813   Thumb Code     0  startup_stm32f10x_hd.o(.text)
    TIM2_IRQHandler                          0x08000813   Thumb Code     0  startup_stm32f10x_hd.o(.text)
    TIM3_IRQHandler                          0x08000813   Thumb Code     0  startup_stm32f10x_hd.o(.text)
    TIM4_IRQHandler                          0x08000813   Thumb Code     0  startup_stm32f10x_hd.o(.text)
    TIM5_IRQHandler                          0x08000813   Thumb Code     0  startup_stm32f10x_hd.o(.text)
    TIM6_IRQHandler                          0x08000813   Thumb Code     0  startup_stm32f10x_hd.o(.text)
    TIM7_IRQHandler                          0x08000813   Thumb Code     0  startup_stm32f10x_hd.o(.text)
    TIM8_BRK_IRQHandler                      0x08000813   Thumb Code     0  startup_stm32f10x_hd.o(.text)
    TIM8_CC_IRQHandler                       0x08000813   Thumb Code     0  startup_stm32f10x_hd.o(.text)
    TIM8_TRG_COM_IRQHandler                  0x08000813   Thumb Code     0  startup_stm32f10x_hd.o(.text)
    TIM8_UP_IRQHandler                       0x08000813   Thumb Code     0  startup_stm32f10x_hd.o(.text)
    UART4_IRQHandler                         0x08000813   Thumb Code     0  startup_stm32f10x_hd.o(.text)
    UART5_IRQHandler                         0x08000813   Thumb Code     0  startup_stm32f10x_hd.o(.text)
    USART2_IRQHandler                        0x08000813   Thumb Code     0  startup_stm32f10x_hd.o(.text)
    USART3_IRQHandler                        0x08000813   Thumb Code     0  startup_stm32f10x_hd.o(.text)
    USBWakeUp_IRQHandler                     0x08000813   Thumb Code     0  startup_stm32f10x_hd.o(.text)
    USB_HP_CAN1_TX_IRQHandler                0x08000813   Thumb Code     0  startup_stm32f10x_hd.o(.text)
    USB_LP_CAN1_RX0_IRQHandler               0x08000813   Thumb Code     0  startup_stm32f10x_hd.o(.text)
    WWDG_IRQHandler                          0x08000813   Thumb Code     0  startup_stm32f10x_hd.o(.text)
    __user_initial_stackheap                 0x08000815   Thumb Code     0  startup_stm32f10x_hd.o(.text)
    NVIC_PriorityGroupConfig                 0x08000839   Thumb Code    10  misc.o(.text)
    NVIC_Init                                0x08000843   Thumb Code   100  misc.o(.text)
    NVIC_SetVectorTable                      0x080008a7   Thumb Code    14  misc.o(.text)
    NVIC_SystemLPConfig                      0x080008b5   Thumb Code    34  misc.o(.text)
    SysTick_CLKSourceConfig                  0x080008d7   Thumb Code    40  misc.o(.text)
    GPIO_DeInit                              0x08000915   Thumb Code   172  stm32f10x_gpio.o(.text)
    GPIO_AFIODeInit                          0x080009c1   Thumb Code    20  stm32f10x_gpio.o(.text)
    GPIO_Init                                0x080009d5   Thumb Code   278  stm32f10x_gpio.o(.text)
    GPIO_StructInit                          0x08000aeb   Thumb Code    16  stm32f10x_gpio.o(.text)
    GPIO_ReadInputDataBit                    0x08000afb   Thumb Code    18  stm32f10x_gpio.o(.text)
    GPIO_ReadInputData                       0x08000b0d   Thumb Code     8  stm32f10x_gpio.o(.text)
    GPIO_ReadOutputDataBit                   0x08000b15   Thumb Code    18  stm32f10x_gpio.o(.text)
    GPIO_ReadOutputData                      0x08000b27   Thumb Code     8  stm32f10x_gpio.o(.text)
    GPIO_SetBits                             0x08000b2f   Thumb Code     4  stm32f10x_gpio.o(.text)
    GPIO_ResetBits                           0x08000b33   Thumb Code     4  stm32f10x_gpio.o(.text)
    GPIO_WriteBit                            0x08000b37   Thumb Code    10  stm32f10x_gpio.o(.text)
    GPIO_Write                               0x08000b41   Thumb Code     4  stm32f10x_gpio.o(.text)
    GPIO_PinLockConfig                       0x08000b45   Thumb Code    18  stm32f10x_gpio.o(.text)
    GPIO_EventOutputConfig                   0x08000b57   Thumb Code    26  stm32f10x_gpio.o(.text)
    GPIO_EventOutputCmd                      0x08000b71   Thumb Code     6  stm32f10x_gpio.o(.text)
    GPIO_PinRemapConfig                      0x08000b77   Thumb Code   138  stm32f10x_gpio.o(.text)
    GPIO_EXTILineConfig                      0x08000c01   Thumb Code    66  stm32f10x_gpio.o(.text)
    GPIO_ETH_MediaInterfaceConfig            0x08000c43   Thumb Code     8  stm32f10x_gpio.o(.text)
    RCC_DeInit                               0x08000c71   Thumb Code    64  stm32f10x_rcc.o(.text)
    RCC_HSEConfig                            0x08000cb1   Thumb Code    70  stm32f10x_rcc.o(.text)
    RCC_GetFlagStatus                        0x08000cf7   Thumb Code    56  stm32f10x_rcc.o(.text)
    RCC_WaitForHSEStartUp                    0x08000d2f   Thumb Code    56  stm32f10x_rcc.o(.text)
    RCC_AdjustHSICalibrationValue            0x08000d67   Thumb Code    20  stm32f10x_rcc.o(.text)
    RCC_HSICmd                               0x08000d7b   Thumb Code     6  stm32f10x_rcc.o(.text)
    RCC_PLLConfig                            0x08000d81   Thumb Code    24  stm32f10x_rcc.o(.text)
    RCC_PLLCmd                               0x08000d99   Thumb Code     6  stm32f10x_rcc.o(.text)
    RCC_SYSCLKConfig                         0x08000d9f   Thumb Code    18  stm32f10x_rcc.o(.text)
    RCC_GetSYSCLKSource                      0x08000db1   Thumb Code    10  stm32f10x_rcc.o(.text)
    RCC_HCLKConfig                           0x08000dbb   Thumb Code    18  stm32f10x_rcc.o(.text)
    RCC_PCLK1Config                          0x08000dcd   Thumb Code    18  stm32f10x_rcc.o(.text)
    RCC_PCLK2Config                          0x08000ddf   Thumb Code    20  stm32f10x_rcc.o(.text)
    RCC_ITConfig                             0x08000df3   Thumb Code    26  stm32f10x_rcc.o(.text)
    RCC_USBCLKConfig                         0x08000e0d   Thumb Code     8  stm32f10x_rcc.o(.text)
    RCC_ADCCLKConfig                         0x08000e15   Thumb Code    18  stm32f10x_rcc.o(.text)
    RCC_LSEConfig                            0x08000e27   Thumb Code    50  stm32f10x_rcc.o(.text)
    RCC_LSICmd                               0x08000e59   Thumb Code     6  stm32f10x_rcc.o(.text)
    RCC_RTCCLKConfig                         0x08000e5f   Thumb Code    12  stm32f10x_rcc.o(.text)
    RCC_RTCCLKCmd                            0x08000e6b   Thumb Code     8  stm32f10x_rcc.o(.text)
    RCC_GetClocksFreq                        0x08000e73   Thumb Code   192  stm32f10x_rcc.o(.text)
    RCC_AHBPeriphClockCmd                    0x08000f33   Thumb Code    26  stm32f10x_rcc.o(.text)
    RCC_APB2PeriphClockCmd                   0x08000f4d   Thumb Code    26  stm32f10x_rcc.o(.text)
    RCC_APB1PeriphClockCmd                   0x08000f67   Thumb Code    26  stm32f10x_rcc.o(.text)
    RCC_APB2PeriphResetCmd                   0x08000f81   Thumb Code    26  stm32f10x_rcc.o(.text)
    RCC_APB1PeriphResetCmd                   0x08000f9b   Thumb Code    26  stm32f10x_rcc.o(.text)
    RCC_BackupResetCmd                       0x08000fb5   Thumb Code     8  stm32f10x_rcc.o(.text)
    RCC_ClockSecuritySystemCmd               0x08000fbd   Thumb Code     6  stm32f10x_rcc.o(.text)
    RCC_MCOConfig                            0x08000fc3   Thumb Code     6  stm32f10x_rcc.o(.text)
    RCC_ClearFlag                            0x08000fc9   Thumb Code    14  stm32f10x_rcc.o(.text)
    RCC_GetITStatus                          0x08000fd7   Thumb Code    20  stm32f10x_rcc.o(.text)
    RCC_ClearITPendingBit                    0x08000feb   Thumb Code     6  stm32f10x_rcc.o(.text)
    USART_DeInit                             0x08001015   Thumb Code   134  stm32f10x_usart.o(.text)
    USART_Init                               0x0800109b   Thumb Code   210  stm32f10x_usart.o(.text)
    USART_StructInit                         0x0800116d   Thumb Code    24  stm32f10x_usart.o(.text)
    USART_ClockInit                          0x08001185   Thumb Code    34  stm32f10x_usart.o(.text)
    USART_ClockStructInit                    0x080011a7   Thumb Code    12  stm32f10x_usart.o(.text)
    USART_Cmd                                0x080011b3   Thumb Code    24  stm32f10x_usart.o(.text)
    USART_ITConfig                           0x080011cb   Thumb Code    74  stm32f10x_usart.o(.text)
    USART_DMACmd                             0x08001215   Thumb Code    18  stm32f10x_usart.o(.text)
    USART_SetAddress                         0x08001227   Thumb Code    18  stm32f10x_usart.o(.text)
    USART_WakeUpConfig                       0x08001239   Thumb Code    18  stm32f10x_usart.o(.text)
    USART_ReceiverWakeUpCmd                  0x0800124b   Thumb Code    24  stm32f10x_usart.o(.text)
    USART_LINBreakDetectLengthConfig         0x08001263   Thumb Code    18  stm32f10x_usart.o(.text)
    USART_LINCmd                             0x08001275   Thumb Code    24  stm32f10x_usart.o(.text)
    USART_SendData                           0x0800128d   Thumb Code     8  stm32f10x_usart.o(.text)
    USART_ReceiveData                        0x08001295   Thumb Code    10  stm32f10x_usart.o(.text)
    USART_SendBreak                          0x0800129f   Thumb Code    10  stm32f10x_usart.o(.text)
    USART_SetGuardTime                       0x080012a9   Thumb Code    16  stm32f10x_usart.o(.text)
    USART_SetPrescaler                       0x080012b9   Thumb Code    16  stm32f10x_usart.o(.text)
    USART_SmartCardCmd                       0x080012c9   Thumb Code    24  stm32f10x_usart.o(.text)
    USART_SmartCardNACKCmd                   0x080012e1   Thumb Code    24  stm32f10x_usart.o(.text)
    USART_HalfDuplexCmd                      0x080012f9   Thumb Code    24  stm32f10x_usart.o(.text)
    USART_OverSampling8Cmd                   0x08001311   Thumb Code    22  stm32f10x_usart.o(.text)
    USART_OneBitMethodCmd                    0x08001327   Thumb Code    24  stm32f10x_usart.o(.text)
    USART_IrDAConfig                         0x0800133f   Thumb Code    18  stm32f10x_usart.o(.text)
    USART_IrDACmd                            0x08001351   Thumb Code    24  stm32f10x_usart.o(.text)
    USART_GetFlagStatus                      0x08001369   Thumb Code    26  stm32f10x_usart.o(.text)
    USART_ClearFlag                          0x08001383   Thumb Code    18  stm32f10x_usart.o(.text)
    USART_GetITStatus                        0x08001395   Thumb Code    84  stm32f10x_usart.o(.text)
    USART_ClearITPendingBit                  0x080013e9   Thumb Code    52  stm32f10x_usart.o(.text)
    vListInitialise                          0x0800141d   Thumb Code    26  list.o(.text)
    vListInitialiseItem                      0x08001437   Thumb Code     6  list.o(.text)
    vListInsertEnd                           0x0800143d   Thumb Code    24  list.o(.text)
    vListInsert                              0x08001455   Thumb Code    52  list.o(.text)
    uxListRemove                             0x08001489   Thumb Code    40  list.o(.text)
    xQueueGenericReset                       0x080014b1   Thumb Code   136  queue.o(.text)
    xQueueGenericCreate                      0x08001567   Thumb Code    78  queue.o(.text)
    xQueueGenericSend                        0x0800175d   Thumb Code   456  queue.o(.text)
    xQueueCreateMutex                        0x08001941   Thumb Code    34  queue.o(.text)
    xQueueGiveMutexRecursive                 0x08001963   Thumb Code    66  queue.o(.text)
    xQueueGenericReceive                     0x080019e9   Thumb Code   428  queue.o(.text)
    xQueueTakeMutexRecursive                 0x08001b95   Thumb Code    76  queue.o(.text)
    xQueueCreateCountingSemaphore            0x08001be1   Thumb Code    80  queue.o(.text)
    xQueueGenericSendFromISR                 0x08001c31   Thumb Code   252  queue.o(.text)
    xQueueGiveFromISR                        0x08001d2d   Thumb Code   228  queue.o(.text)
    xQueueReceiveFromISR                     0x08001e11   Thumb Code   190  queue.o(.text)
    xQueuePeekFromISR                        0x08001ecf   Thumb Code   158  queue.o(.text)
    uxQueueMessagesWaiting                   0x08001f6d   Thumb Code    36  queue.o(.text)
    uxQueueSpacesAvailable                   0x08001f91   Thumb Code    42  queue.o(.text)
    uxQueueMessagesWaitingFromISR            0x08001fbb   Thumb Code    28  queue.o(.text)
    vQueueUnregisterQueue                    0x08001fd7   Thumb Code    44  queue.o(.text)
    vQueueDelete                             0x08002003   Thumb Code    38  queue.o(.text)
    uxQueueGetQueueNumber                    0x08002029   Thumb Code     6  queue.o(.text)
    vQueueSetQueueNumber                     0x0800202f   Thumb Code     4  queue.o(.text)
    ucQueueGetQueueType                      0x08002033   Thumb Code     8  queue.o(.text)
    xQueueIsQueueEmptyFromISR                0x0800203b   Thumb Code    36  queue.o(.text)
    xQueueIsQueueFullFromISR                 0x0800205f   Thumb Code    40  queue.o(.text)
    vQueueAddToRegistry                      0x08002087   Thumb Code    38  queue.o(.text)
    pcQueueGetName                           0x080020ad   Thumb Code    38  queue.o(.text)
    vQueueWaitForMessageRestricted           0x080020d3   Thumb Code    74  queue.o(.text)
    xQueueCreateSet                          0x0800211d   Thumb Code    20  queue.o(.text)
    xQueueAddToSet                           0x08002131   Thumb Code    38  queue.o(.text)
    xQueueRemoveFromSet                      0x08002157   Thumb Code    48  queue.o(.text)
    xQueueSelectFromSet                      0x08002187   Thumb Code    26  queue.o(.text)
    xQueueSelectFromSetFromISR               0x080021a1   Thumb Code    22  queue.o(.text)
    xTaskCreate                              0x08002349   Thumb Code    96  tasks.o(.text)
    vTaskDelete                              0x080023e5   Thumb Code   192  tasks.o(.text)
    xTaskIncrementTick                       0x080024a5   Thumb Code   392  tasks.o(.text)
    xTaskResumeAll                           0x0800262d   Thumb Code   218  tasks.o(.text)
    vTaskSuspendAll                          0x08002783   Thumb Code    12  tasks.o(.text)
    vTaskDelayUntil                          0x0800278f   Thumb Code   182  tasks.o(.text)
    vTaskDelay                               0x08002845   Thumb Code    76  tasks.o(.text)
    eTaskGetState                            0x08002891   Thumb Code   106  tasks.o(.text)
    uxTaskPriorityGet                        0x080028fb   Thumb Code    30  tasks.o(.text)
    uxTaskPriorityGetFromISR                 0x08002919   Thumb Code    62  tasks.o(.text)
    vTaskPrioritySet                         0x08002957   Thumb Code   320  tasks.o(.text)
    vTaskSwitchContext                       0x08002a97   Thumb Code   114  tasks.o(.text)
    vTaskSuspend                             0x08002b09   Thumb Code   190  tasks.o(.text)
    vTaskResume                              0x08002c13   Thumb Code   122  tasks.o(.text)
    xTaskResumeFromISR                       0x08002c8d   Thumb Code   152  tasks.o(.text)
    vTaskStartScheduler                      0x08002d9b   Thumb Code   112  tasks.o(.text)
    vTaskEndScheduler                        0x08002e0b   Thumb Code    32  tasks.o(.text)
    xTaskGetTickCount                        0x08002e2b   Thumb Code     6  tasks.o(.text)
    xTaskGetTickCountFromISR                 0x08002e31   Thumb Code    16  tasks.o(.text)
    uxTaskGetNumberOfTasks                   0x08002e41   Thumb Code     6  tasks.o(.text)
    pcTaskGetName                            0x08002e47   Thumb Code   114  tasks.o(.text)
    vTaskGetInfo                             0x08002ecf   Thumb Code   114  tasks.o(.text)
    uxTaskGetSystemState                     0x08002fab   Thumb Code   152  tasks.o(.text)
    vTaskPlaceOnEventList                    0x08003043   Thumb Code    46  tasks.o(.text)
    vTaskPlaceOnUnorderedEventList           0x08003071   Thumb Code    88  tasks.o(.text)
    vTaskPlaceOnEventListRestricted          0x080030c9   Thumb Code    54  tasks.o(.text)
    xTaskRemoveFromEventList                 0x080030ff   Thumb Code   122  tasks.o(.text)
    xTaskRemoveFromUnorderedEventList        0x08003179   Thumb Code   142  tasks.o(.text)
    vTaskSetTimeOutState                     0x08003207   Thumb Code    36  tasks.o(.text)
    xTaskCheckForTimeOut                     0x0800322b   Thumb Code   124  tasks.o(.text)
    vTaskMissedYield                         0x080032a7   Thumb Code     8  tasks.o(.text)
    uxTaskGetTaskNumber                      0x080032af   Thumb Code    66  tasks.o(.text)
    vTaskSetTaskNumber                       0x080032f1   Thumb Code     8  tasks.o(.text)
    xTaskGetCurrentTaskHandle                0x080032f9   Thumb Code     6  tasks.o(.text)
    xTaskGetSchedulerState                   0x080032ff   Thumb Code    24  tasks.o(.text)
    vTaskPriorityInherit                     0x08003317   Thumb Code   164  tasks.o(.text)
    xTaskPriorityDisinherit                  0x080033bb   Thumb Code   176  tasks.o(.text)
    vTaskList                                0x08003495   Thumb Code   204  tasks.o(.text)
    uxTaskResetEventItemValue                0x08003561   Thumb Code    24  tasks.o(.text)
    pvTaskIncrementMutexHeldCount            0x08003579   Thumb Code    26  tasks.o(.text)
    ulTaskNotifyTake                         0x08003593   Thumb Code   108  tasks.o(.text)
    xTaskNotifyWait                          0x080035ff   Thumb Code   150  tasks.o(.text)
    xTaskGenericNotify                       0x08003695   Thumb Code   276  tasks.o(.text)
    xTaskGenericNotifyFromISR                0x080037a9   Thumb Code   282  tasks.o(.text)
    vTaskNotifyGiveFromISR                   0x080038c3   Thumb Code   200  tasks.o(.text)
    xTaskNotifyStateClear                    0x0800398b   Thumb Code    48  tasks.o(.text)
    xTimerGenericCommand                     0x08003a2d   Thumb Code   118  timers.o(.text)
    xTimerCreateTimerTask                    0x08003d95   Thumb Code    56  timers.o(.text)
    xTimerCreate                             0x08003e73   Thumb Code    48  timers.o(.text)
    xTimerGetTimerDaemonTaskHandle           0x08003ea3   Thumb Code    38  timers.o(.text)
    xTimerGetPeriod                          0x08003ec9   Thumb Code    28  timers.o(.text)
    xTimerGetExpiryTime                      0x08003ee5   Thumb Code    30  timers.o(.text)
    pcTimerGetName                           0x08003f03   Thumb Code    28  timers.o(.text)
    xTimerIsTimerActive                      0x08003f1f   Thumb Code    50  timers.o(.text)
    pvTimerGetTimerID                        0x08003f51   Thumb Code    38  timers.o(.text)
    vTimerSetTimerID                         0x08003f77   Thumb Code    38  timers.o(.text)
    xTimerPendFunctionCallFromISR            0x08003f9d   Thumb Code    48  timers.o(.text)
    xTimerPendFunctionCall                   0x08003fcd   Thumb Code    70  timers.o(.text)
    pvPortMalloc                             0x080040df   Thumb Code   262  heap_4.o(.text)
    vPortFree                                0x080041e5   Thumb Code   120  heap_4.o(.text)
    xPortGetFreeHeapSize                     0x0800425d   Thumb Code     6  heap_4.o(.text)
    xPortGetMinimumEverFreeHeapSize          0x08004263   Thumb Code     6  heap_4.o(.text)
    vPortInitialiseBlocks                    0x08004269   Thumb Code     2  heap_4.o(.text)
    pxPortInitialiseStack                    0x080042ed   Thumb Code    30  port.o(.text)
    vPortSetupTimerInterrupt                 0x0800430b   Thumb Code    26  port.o(.text)
    xPortStartScheduler                      0x08004325   Thumb Code   140  port.o(.text)
    vPortEndScheduler                        0x080043b1   Thumb Code    34  port.o(.text)
    vPortEnterCritical                       0x080043d3   Thumb Code    70  port.o(.text)
    vPortExitCritical                        0x08004419   Thumb Code    48  port.o(.text)
    xPortSysTickHandler                      0x08004449   Thumb Code    48  port.o(.text)
    vPortValidateInterruptPriority           0x08004479   Thumb Code    88  port.o(.text)
    __use_no_semihosting                     0x08004529   Thumb Code     2  use_no_semi_2.o(.text)
    __2printf                                0x0800452d   Thumb Code    20  noretval__2printf.o(.text)
    __2sprintf                               0x08004545   Thumb Code    34  noretval__2sprintf.o(.text)
    __printf                                 0x0800456d   Thumb Code   104  __printf.o(.text)
    _printf_str                              0x080045d5   Thumb Code    82  _printf_str.o(.text)
    _printf_int_dec                          0x08004629   Thumb Code   104  _printf_dec.o(.text)
    strcpy                                   0x080046a1   Thumb Code    72  strcpy.o(.text)
    strlen                                   0x080046e9   Thumb Code    62  strlen.o(.text)
    __aeabi_memcpy                           0x08004727   Thumb Code     0  rt_memcpy_v6.o(.text)
    __rt_memcpy                              0x08004727   Thumb Code   138  rt_memcpy_v6.o(.text)
    _memcpy_lastbytes                        0x0800478d   Thumb Code     0  rt_memcpy_v6.o(.text)
    __aeabi_memset                           0x080047b1   Thumb Code    16  aeabi_memset.o(.text)
    __use_two_region_memory                  0x080047c1   Thumb Code     2  heapauxi.o(.text)
    __rt_heap_escrow$2region                 0x080047c3   Thumb Code     2  heapauxi.o(.text)
    __rt_heap_expand$2region                 0x080047c5   Thumb Code     2  heapauxi.o(.text)
    __I$use$semihosting                      0x080047c7   Thumb Code     0  use_no_semi.o(.text)
    __use_no_semihosting_swi                 0x080047c7   Thumb Code     2  use_no_semi.o(.text)
    _printf_int_common                       0x080047c9   Thumb Code   178  _printf_intcommon.o(.text)
    _printf_char_common                      0x08004887   Thumb Code    32  _printf_char_common.o(.text)
    _sputc                                   0x080048ad   Thumb Code    10  _sputc.o(.text)
    _printf_cs_common                        0x080048b7   Thumb Code    20  _printf_char.o(.text)
    _printf_char                             0x080048cb   Thumb Code    16  _printf_char.o(.text)
    _printf_string                           0x080048db   Thumb Code     8  _printf_char.o(.text)
    _printf_char_file                        0x080048e5   Thumb Code    32  _printf_char_file.o(.text)
    __aeabi_memcpy4                          0x08004909   Thumb Code     0  rt_memcpy_w.o(.text)
    __aeabi_memcpy8                          0x08004909   Thumb Code     0  rt_memcpy_w.o(.text)
    __rt_memcpy_w                            0x08004909   Thumb Code   100  rt_memcpy_w.o(.text)
    _memcpy_lastbytes_aligned                0x08004951   Thumb Code     0  rt_memcpy_w.o(.text)
    __aeabi_memclr                           0x0800496d   Thumb Code     0  rt_memclr.o(.text)
    __rt_memclr                              0x0800496d   Thumb Code    68  rt_memclr.o(.text)
    _memset                                  0x08004971   Thumb Code     0  rt_memclr.o(.text)
    ferror                                   0x080049b1   Thumb Code     8  ferror.o(.text)
    __aeabi_memclr4                          0x080049b9   Thumb Code     0  rt_memclr_w.o(.text)
    __aeabi_memclr8                          0x080049b9   Thumb Code     0  rt_memclr_w.o(.text)
    __rt_memclr_w                            0x080049b9   Thumb Code    78  rt_memclr_w.o(.text)
    _memset_w                                0x080049bd   Thumb Code     0  rt_memclr_w.o(.text)
    __user_setup_stackheap                   0x08004a07   Thumb Code    74  sys_stackheap_outer.o(.text)
    exit                                     0x08004a51   Thumb Code    18  exit.o(.text)
    __user_libspace                          0x08004a65   Thumb Code     8  libspace.o(.text)
    __user_perproc_libspace                  0x08004a65   Thumb Code     0  libspace.o(.text)
    __user_perthread_libspace                0x08004a65   Thumb Code     0  libspace.o(.text)
    Region$$Table$$Base                      0x08004a6c   Number         0  anon$$obj.o(Region$$Table)
    Region$$Table$$Limit                     0x08004a8c   Number         0  anon$$obj.o(Region$$Table)
    StartTask_Handler                        0x20000000   Data           4  main.o(.data)
    LED0Task_Handler                         0x20000004   Data           4  main.o(.data)
    LED1Task_Handler                         0x20000008   Data           4  main.o(.data)
    SystemCoreClock                          0x2000000c   Data           4  system_stm32f10x.o(.data)
    AHBPrescTable                            0x20000010   Data          16  system_stm32f10x.o(.data)
    __stdout                                 0x20000024   Data           4  usart.o(.data)
    USART_RX_STA                             0x20000028   Data           2  usart.o(.data)
    pxCurrentTCB                             0x20000040   Data           4  tasks.o(.data)
    USART_RX_BUF                             0x200000b4   Data         200  usart.o(.bss)
    xQueueRegistry                           0x2000017c   Data          64  queue.o(.bss)
    __libspace_start                         0x200054c8   Data          96  libspace.o(.bss)
    __temporary_stack_top$libspace           0x20005528   Data           0  libspace.o(.bss)



==============================================================================

Memory Map of the image

  Image Entry point : 0x08000131

  Load Region LR_IROM1 (Base: 0x08000000, Size: 0x00004b40, Max: 0x00080000, ABSOLUTE)

    Execution Region ER_IROM1 (Exec base: 0x08000000, Load base: 0x08000000, Size: 0x00004a8c, Max: 0x00080000, ABSOLUTE)

    Exec Addr    Load Addr    Size         Type   Attr      Idx    E Section Name        Object

    0x08000000   0x08000000   0x00000130   Data   RO          317    RESET               startup_stm32f10x_hd.o
    0x08000130   0x08000130   0x00000008   Code   RO          601  * !!!main             c_w.l(__main.o)
    0x08000138   0x08000138   0x00000034   Code   RO          779    !!!scatter          c_w.l(__scatter.o)
    0x0800016c   0x0800016c   0x0000001a   Code   RO          781    !!handler_copy      c_w.l(__scatter_copy.o)
    0x08000186   0x08000186   0x00000002   PAD
    0x08000188   0x08000188   0x0000001c   Code   RO          783    !!handler_zi        c_w.l(__scatter_zi.o)
    0x080001a4   0x080001a4   0x00000000   Code   RO          590    .ARM.Collect$$_printf_percent$$00000000  c_w.l(_printf_percent.o)
    0x080001a4   0x080001a4   0x00000006   Code   RO          588    .ARM.Collect$$_printf_percent$$00000009  c_w.l(_printf_d.o)
    0x080001aa   0x080001aa   0x00000006   Code   RO          589    .ARM.Collect$$_printf_percent$$0000000A  c_w.l(_printf_u.o)
    0x080001b0   0x080001b0   0x00000006   Code   RO          586    .ARM.Collect$$_printf_percent$$00000013  c_w.l(_printf_c.o)
    0x080001b6   0x080001b6   0x00000006   Code   RO          587    .ARM.Collect$$_printf_percent$$00000014  c_w.l(_printf_s.o)
    0x080001bc   0x080001bc   0x00000004   Code   RO          616    .ARM.Collect$$_printf_percent$$00000017  c_w.l(_printf_percent_end.o)
    0x080001c0   0x080001c0   0x00000002   Code   RO          653    .ARM.Collect$$libinit$$00000000  c_w.l(libinit.o)
    0x080001c2   0x080001c2   0x00000000   Code   RO          660    .ARM.Collect$$libinit$$00000002  c_w.l(libinit2.o)
    0x080001c2   0x080001c2   0x00000000   Code   RO          662    .ARM.Collect$$libinit$$00000004  c_w.l(libinit2.o)
    0x080001c2   0x080001c2   0x00000000   Code   RO          665    .ARM.Collect$$libinit$$0000000A  c_w.l(libinit2.o)
    0x080001c2   0x080001c2   0x00000000   Code   RO          667    .ARM.Collect$$libinit$$0000000C  c_w.l(libinit2.o)
    0x080001c2   0x080001c2   0x00000000   Code   RO          669    .ARM.Collect$$libinit$$0000000E  c_w.l(libinit2.o)
    0x080001c2   0x080001c2   0x00000000   Code   RO          672    .ARM.Collect$$libinit$$00000011  c_w.l(libinit2.o)
    0x080001c2   0x080001c2   0x00000000   Code   RO          674    .ARM.Collect$$libinit$$00000013  c_w.l(libinit2.o)
    0x080001c2   0x080001c2   0x00000000   Code   RO          676    .ARM.Collect$$libinit$$00000015  c_w.l(libinit2.o)
    0x080001c2   0x080001c2   0x00000000   Code   RO          678    .ARM.Collect$$libinit$$00000017  c_w.l(libinit2.o)
    0x080001c2   0x080001c2   0x00000000   Code   RO          680    .ARM.Collect$$libinit$$00000019  c_w.l(libinit2.o)
    0x080001c2   0x080001c2   0x00000000   Code   RO          682    .ARM.Collect$$libinit$$0000001B  c_w.l(libinit2.o)
    0x080001c2   0x080001c2   0x00000000   Code   RO          684    .ARM.Collect$$libinit$$0000001D  c_w.l(libinit2.o)
    0x080001c2   0x080001c2   0x00000000   Code   RO          686    .ARM.Collect$$libinit$$0000001F  c_w.l(libinit2.o)
    0x080001c2   0x080001c2   0x00000000   Code   RO          688    .ARM.Collect$$libinit$$00000021  c_w.l(libinit2.o)
    0x080001c2   0x080001c2   0x00000000   Code   RO          690    .ARM.Collect$$libinit$$00000023  c_w.l(libinit2.o)
    0x080001c2   0x080001c2   0x00000000   Code   RO          692    .ARM.Collect$$libinit$$00000025  c_w.l(libinit2.o)
    0x080001c2   0x080001c2   0x00000000   Code   RO          696    .ARM.Collect$$libinit$$0000002C  c_w.l(libinit2.o)
    0x080001c2   0x080001c2   0x00000000   Code   RO          698    .ARM.Collect$$libinit$$0000002E  c_w.l(libinit2.o)
    0x080001c2   0x080001c2   0x00000000   Code   RO          700    .ARM.Collect$$libinit$$00000030  c_w.l(libinit2.o)
    0x080001c2   0x080001c2   0x00000000   Code   RO          702    .ARM.Collect$$libinit$$00000032  c_w.l(libinit2.o)
    0x080001c2   0x080001c2   0x00000002   Code   RO          703    .ARM.Collect$$libinit$$00000033  c_w.l(libinit2.o)
    0x080001c4   0x080001c4   0x00000002   Code   RO          721    .ARM.Collect$$libshutdown$$00000000  c_w.l(libshutdown.o)
    0x080001c6   0x080001c6   0x00000000   Code   RO          731    .ARM.Collect$$libshutdown$$00000002  c_w.l(libshutdown2.o)
    0x080001c6   0x080001c6   0x00000000   Code   RO          733    .ARM.Collect$$libshutdown$$00000004  c_w.l(libshutdown2.o)
    0x080001c6   0x080001c6   0x00000000   Code   RO          736    .ARM.Collect$$libshutdown$$00000007  c_w.l(libshutdown2.o)
    0x080001c6   0x080001c6   0x00000000   Code   RO          739    .ARM.Collect$$libshutdown$$0000000A  c_w.l(libshutdown2.o)
    0x080001c6   0x080001c6   0x00000000   Code   RO          741    .ARM.Collect$$libshutdown$$0000000C  c_w.l(libshutdown2.o)
    0x080001c6   0x080001c6   0x00000000   Code   RO          744    .ARM.Collect$$libshutdown$$0000000F  c_w.l(libshutdown2.o)
    0x080001c6   0x080001c6   0x00000002   Code   RO          745    .ARM.Collect$$libshutdown$$00000010  c_w.l(libshutdown2.o)
    0x080001c8   0x080001c8   0x00000000   Code   RO          605    .ARM.Collect$$rtentry$$00000000  c_w.l(__rtentry.o)
    0x080001c8   0x080001c8   0x00000000   Code   RO          622    .ARM.Collect$$rtentry$$00000002  c_w.l(__rtentry2.o)
    0x080001c8   0x080001c8   0x00000006   Code   RO          634    .ARM.Collect$$rtentry$$00000004  c_w.l(__rtentry4.o)
    0x080001ce   0x080001ce   0x00000000   Code   RO          624    .ARM.Collect$$rtentry$$00000009  c_w.l(__rtentry2.o)
    0x080001ce   0x080001ce   0x00000004   Code   RO          625    .ARM.Collect$$rtentry$$0000000A  c_w.l(__rtentry2.o)
    0x080001d2   0x080001d2   0x00000000   Code   RO          627    .ARM.Collect$$rtentry$$0000000C  c_w.l(__rtentry2.o)
    0x080001d2   0x080001d2   0x00000008   Code   RO          628    .ARM.Collect$$rtentry$$0000000D  c_w.l(__rtentry2.o)
    0x080001da   0x080001da   0x00000002   Code   RO          657    .ARM.Collect$$rtexit$$00000000  c_w.l(rtexit.o)
    0x080001dc   0x080001dc   0x00000000   Code   RO          705    .ARM.Collect$$rtexit$$00000002  c_w.l(rtexit2.o)
    0x080001dc   0x080001dc   0x00000004   Code   RO          706    .ARM.Collect$$rtexit$$00000003  c_w.l(rtexit2.o)
    0x080001e0   0x080001e0   0x00000006   Code   RO          707    .ARM.Collect$$rtexit$$00000004  c_w.l(rtexit2.o)
    0x080001e6   0x080001e6   0x00000002   PAD
    0x080001e8   0x080001e8   0x00000096   Code   RO          518    .emb_text           port.o
    0x0800027e   0x0800027e   0x00000002   PAD
    0x08000280   0x08000280   0x000000f4   Code   RO            1    .text               main.o
    0x08000374   0x08000374   0x00000014   Code   RO          151    .text               stm32f10x_it.o
    0x08000388   0x08000388   0x000001e0   Code   RO          192    .text               system_stm32f10x.o
    0x08000568   0x08000568   0x0000004c   Code   RO          210    .text               led.o
    0x080005b4   0x080005b4   0x00000104   Code   RO          238    .text               delay.o
    0x080006b8   0x080006b8   0x00000140   Code   RO          279    .text               usart.o
    0x080007f8   0x080007f8   0x00000040   Code   RO          318    .text               startup_stm32f10x_hd.o
    0x08000838   0x08000838   0x000000dc   Code   RO          322    .text               misc.o
    0x08000914   0x08000914   0x0000035c   Code   RO          334    .text               stm32f10x_gpio.o
    0x08000c70   0x08000c70   0x000003a4   Code   RO          346    .text               stm32f10x_rcc.o
    0x08001014   0x08001014   0x00000408   Code   RO          360    .text               stm32f10x_usart.o
    0x0800141c   0x0800141c   0x00000094   Code   RO          424    .text               list.o
    0x080014b0   0x080014b0   0x00000d0c   Code   RO          436    .text               queue.o
    0x080021bc   0x080021bc   0x00001820   Code   RO          457    .text               tasks.o
    0x080039dc   0x080039dc   0x00000640   Code   RO          488    .text               timers.o
    0x0800401c   0x0800401c   0x000002a0   Code   RO          503    .text               heap_4.o
    0x080042bc   0x080042bc   0x0000026c   Code   RO          519    .text               port.o
    0x08004528   0x08004528   0x00000002   Code   RO          550    .text               c_w.l(use_no_semi_2.o)
    0x0800452a   0x0800452a   0x00000002   PAD
    0x0800452c   0x0800452c   0x00000018   Code   RO          556    .text               c_w.l(noretval__2printf.o)
    0x08004544   0x08004544   0x00000028   Code   RO          558    .text               c_w.l(noretval__2sprintf.o)
    0x0800456c   0x0800456c   0x00000068   Code   RO          560    .text               c_w.l(__printf.o)
    0x080045d4   0x080045d4   0x00000052   Code   RO          562    .text               c_w.l(_printf_str.o)
    0x08004626   0x08004626   0x00000002   PAD
    0x08004628   0x08004628   0x00000078   Code   RO          564    .text               c_w.l(_printf_dec.o)
    0x080046a0   0x080046a0   0x00000048   Code   RO          591    .text               c_w.l(strcpy.o)
    0x080046e8   0x080046e8   0x0000003e   Code   RO          593    .text               c_w.l(strlen.o)
    0x08004726   0x08004726   0x0000008a   Code   RO          595    .text               c_w.l(rt_memcpy_v6.o)
    0x080047b0   0x080047b0   0x00000010   Code   RO          597    .text               c_w.l(aeabi_memset.o)
    0x080047c0   0x080047c0   0x00000006   Code   RO          599    .text               c_w.l(heapauxi.o)
    0x080047c6   0x080047c6   0x00000002   Code   RO          603    .text               c_w.l(use_no_semi.o)
    0x080047c8   0x080047c8   0x000000b2   Code   RO          606    .text               c_w.l(_printf_intcommon.o)
    0x0800487a   0x0800487a   0x00000002   PAD
    0x0800487c   0x0800487c   0x00000030   Code   RO          608    .text               c_w.l(_printf_char_common.o)
    0x080048ac   0x080048ac   0x0000000a   Code   RO          610    .text               c_w.l(_sputc.o)
    0x080048b6   0x080048b6   0x0000002c   Code   RO          612    .text               c_w.l(_printf_char.o)
    0x080048e2   0x080048e2   0x00000002   PAD
    0x080048e4   0x080048e4   0x00000024   Code   RO          614    .text               c_w.l(_printf_char_file.o)
    0x08004908   0x08004908   0x00000064   Code   RO          617    .text               c_w.l(rt_memcpy_w.o)
    0x0800496c   0x0800496c   0x00000044   Code   RO          619    .text               c_w.l(rt_memclr.o)
    0x080049b0   0x080049b0   0x00000008   Code   RO          638    .text               c_w.l(ferror.o)
    0x080049b8   0x080049b8   0x0000004e   Code   RO          642    .text               c_w.l(rt_memclr_w.o)
    0x08004a06   0x08004a06   0x0000004a   Code   RO          644    .text               c_w.l(sys_stackheap_outer.o)
    0x08004a50   0x08004a50   0x00000012   Code   RO          646    .text               c_w.l(exit.o)
    0x08004a62   0x08004a62   0x00000002   PAD
    0x08004a64   0x08004a64   0x00000008   Code   RO          654    .text               c_w.l(libspace.o)
    0x08004a6c   0x08004a6c   0x00000020   Data   RO          777    Region$$Table       anon$$obj.o


    Execution Region RW_IRAM1 (Exec base: 0x20000000, Load base: 0x08004a8c, Size: 0x00005b28, Max: 0x00010000, ABSOLUTE)

    Exec Addr    Load Addr    Size         Type   Attr      Idx    E Section Name        Object

    0x20000000   0x08004a8c   0x0000000c   Data   RW            2    .data               main.o
    0x2000000c   0x08004a98   0x00000014   Data   RW          193    .data               system_stm32f10x.o
    0x20000020   0x08004aac   0x00000004   Data   RW          239    .data               delay.o
    0x20000024   0x08004ab0   0x00000006   Data   RW          281    .data               usart.o
    0x2000002a   0x08004ab6   0x00000014   Data   RW          347    .data               stm32f10x_rcc.o
    0x2000003e   0x08004aca   0x00000002   PAD
    0x20000040   0x08004acc   0x0000003c   Data   RW          459    .data               tasks.o
    0x2000007c   0x08004b08   0x00000014   Data   RW          490    .data               timers.o
    0x20000090   0x08004b1c   0x00000018   Data   RW          505    .data               heap_4.o
    0x200000a8   0x08004b34   0x0000000c   Data   RW          520    .data               port.o
    0x200000b4        -       0x000000c8   Zero   RW          280    .bss                usart.o
    0x2000017c        -       0x00000040   Zero   RW          437    .bss                queue.o
    0x200001bc        -       0x000002e4   Zero   RW          458    .bss                tasks.o
    0x200004a0        -       0x00000028   Zero   RW          489    .bss                timers.o
    0x200004c8        -       0x00005000   Zero   RW          504    .bss                heap_4.o
    0x200054c8        -       0x00000060   Zero   RW          655    .bss                c_w.l(libspace.o)
    0x20005528        -       0x00000200   Zero   RW          316    HEAP                startup_stm32f10x_hd.o
    0x20005728        -       0x00000400   Zero   RW          315    STACK               startup_stm32f10x_hd.o


==============================================================================

Image component sizes


      Code (inc. data)   RO Data    RW Data    ZI Data      Debug   Object Name

       260         18          0          4          0       1477   delay.o
         0          0          0          0          0      11740   event_groups.o
       672         82          0         24      20480       3248   heap_4.o
        76          8          0          0          0        487   led.o
       148          0          0          0          0       1814   list.o
       244         66          0         12          0     243628   main.o
       220         22          0          0          0       1777   misc.o
       770        100          0         12          0       7651   port.o
      3340         52          0          0         64      18770   queue.o
        64         26        304          0       1536        788   startup_stm32f10x_hd.o
       860         38          0          0          0       5713   stm32f10x_gpio.o
        20          0          0          0          0        899   stm32f10x_it.o
       932         36          0         20          0       8884   stm32f10x_rcc.o
      1032         22          0          0          0       8436   stm32f10x_usart.o
         0          0          0          0          0         32   sys.o
       480         38          0         20          0       1707   system_stm32f10x.o
      6176        402          0         60        740      32000   tasks.o
      1600        112          0         20         40       8828   timers.o
       320         18          0          6        200       3138   usart.o

    ----------------------------------------------------------------------
     17216       1040        336        180      23060     361017   Object Totals
         0          0         32          0          0          0   (incl. Generated)
         2          0          0          2          0          0   (incl. Padding)

    ----------------------------------------------------------------------

      Code (inc. data)   RO Data    RW Data    ZI Data      Debug   Library Member Name

         8          0          0          0          0         68   __main.o
       104          0          0          0          0         84   __printf.o
         0          0          0          0          0          0   __rtentry.o
        12          0          0          0          0          0   __rtentry2.o
         6          0          0          0          0          0   __rtentry4.o
        52          8          0          0          0          0   __scatter.o
        26          0          0          0          0          0   __scatter_copy.o
        28          0          0          0          0          0   __scatter_zi.o
         6          0          0          0          0          0   _printf_c.o
        44          0          0          0          0        108   _printf_char.o
        48          6          0          0          0         96   _printf_char_common.o
        36          4          0          0          0         80   _printf_char_file.o
         6          0          0          0          0          0   _printf_d.o
       120         16          0          0          0         92   _printf_dec.o
       178          0          0          0          0         88   _printf_intcommon.o
         0          0          0          0          0          0   _printf_percent.o
         4          0          0          0          0          0   _printf_percent_end.o
         6          0          0          0          0          0   _printf_s.o
        82          0          0          0          0         80   _printf_str.o
         6          0          0          0          0          0   _printf_u.o
        10          0          0          0          0         68   _sputc.o
        16          0          0          0          0         68   aeabi_memset.o
        18          0          0          0          0         80   exit.o
         8          0          0          0          0         68   ferror.o
         6          0          0          0          0        152   heapauxi.o
         2          0          0          0          0          0   libinit.o
         2          0          0          0          0          0   libinit2.o
         2          0          0          0          0          0   libshutdown.o
         2          0          0          0          0          0   libshutdown2.o
         8          4          0          0         96         68   libspace.o
        24          4          0          0          0         84   noretval__2printf.o
        40          6          0          0          0         84   noretval__2sprintf.o
        68          0          0          0          0         68   rt_memclr.o
        78          0          0          0          0         80   rt_memclr_w.o
       138          0          0          0          0         68   rt_memcpy_v6.o
       100          0          0          0          0         80   rt_memcpy_w.o
         2          0          0          0          0          0   rtexit.o
        10          0          0          0          0          0   rtexit2.o
        72          0          0          0          0         80   strcpy.o
        62          0          0          0          0         76   strlen.o
        74          0          0          0          0         80   sys_stackheap_outer.o
         2          0          0          0          0         68   use_no_semi.o
         2          0          0          0          0         68   use_no_semi_2.o

    ----------------------------------------------------------------------
      1532         48          0          0         96       2036   Library Totals
        14          0          0          0          0          0   (incl. Padding)

    ----------------------------------------------------------------------

      Code (inc. data)   RO Data    RW Data    ZI Data      Debug   Library Name

      1518         48          0          0         96       2036   c_w.l

    ----------------------------------------------------------------------
      1532         48          0          0         96       2036   Library Totals

    ----------------------------------------------------------------------

==============================================================================


      Code (inc. data)   RO Data    RW Data    ZI Data      Debug   

     18748       1088        336        180      23156     360397   Grand Totals
     18748       1088        336        180      23156     360397   ELF Image Totals
     18748       1088        336        180          0          0   ROM Totals

==============================================================================

    Total RO  Size (Code + RO Data)                19084 (  18.64kB)
    Total RW  Size (RW Data + ZI Data)             23336 (  22.79kB)
    Total ROM Size (Code + RO Data + RW Data)      19264 (  18.81kB)

==============================================================================

