<html>
<body>
<pre>
<h1>µVision Build Log</h1>
<h2>Tool Versions:</h2>
IDE-Version: ¦ÌVision V5.28.0.0
Copyright (C) 2019 ARM Ltd and ARM Germany GmbH. All rights reserved.
License Information: qiu qiu, 1, LIC=NQQMA-1PICF-UHZ8H-WTI6W-CYLS2-V8VLA
 
Tool Versions:
Toolchain:       MDK-ARM Plus  Version: 5.28.0.0
Toolchain Path:  C:\Keil_v5\ARM\ARMCC\Bin
C Compiler:      Armcc.exe V5.06 update 6 (build 750)
Assembler:       Armasm.exe V5.06 update 6 (build 750)
Linker/Locator:  ArmLink.exe V5.06 update 6 (build 750)
Library Manager: ArmAr.exe V5.06 update 6 (build 750)
Hex Converter:   FromElf.exe V5.06 update 6 (build 750)
CPU DLL:         SARMCM3.DLL V5.28.0.0
Dialog DLL:      DARMSTM.DLL V1.68.0.0
Target DLL:      STLink\ST-LINKIII-KEIL_SWO.dll V3.0.6.0
Dialog DLL:      TARMSTM.DLL V1.66.0.0
 
<h2>Project:</h2>
D:\github¿ªÔ´\My_Project_stm32\TFT_touch\USER\TFT.uvprojx
Project File Date:  09/03/2023

<h2>Output:</h2>
*** Using Compiler 'V5.06 update 6 (build 750)', folder: 'C:\Keil_v5\ARM\ARMCC\Bin'
Build target 'TFT'
compiling led.c...
compiling 24cxx.c...
compiling system_stm32f10x.c...
compiling main.c...
main.c(65): warning:  #550-D: variable "key"  was set but never used
  	u8 key;
main.c: 1 warning, 0 errors
compiling stm32f10x_it.c...
compiling myiic.c...
compiling GUI.c...
GUI.c(779): warning:  #1-D: last line of file ends without a newline
  }
GUI.c: 1 warning, 0 errors
compiling key.c...
compiling rgb.c...
compiling SPI.c...
compiling lcd.c...
compiling delay.c...
compiling touch.c...
assembling startup_stm32f10x_hd.s...
compiling sys.c...
compiling core_cm3.c...
compiling misc.c...
compiling usart.c...
compiling stm32f10x_gpio.c...
compiling stm32f10x_dbgmcu.c...
compiling stm32f10x_rcc.c...
compiling stm32f10x_usart.c...
compiling stm32f10x_spi.c...
linking...
Program Size: Code=14766 RO-data=4590 RW-data=108 ZI-data=1852  
FromELF: creating hex file...
"..\OBJ\LED.axf" - 0 Error(s), 2 Warning(s).

<h2>Software Packages used:</h2>

Package Vendor: Keil
                http://www.keil.com/pack/Keil.STM32F1xx_DFP.2.3.0.pack
                Keil.STM32F1xx_DFP.2.3.0
                STMicroelectronics STM32F1 Series Device Support, Drivers and Examples

<h2>Collection of Component include folders:</h2>
  .\RTE\_TFT
  C:\Users\qiu\AppData\Local\Arm\Packs\Keil\STM32F1xx_DFP\2.3.0\Device\Include

<h2>Collection of Component Files used:</h2>
Build Time Elapsed:  00:00:02
</pre>
</body>
</html>
